Archive member included because of file (symbol)

calypso/libcalypso.a(clock.o)
                              apps/layer1/main.o (calypso_clk_dump)
calypso/libcalypso.a(dma.o)   board/compal_e99/init.o (dma_init)
calypso/libcalypso.a(irq.o)   abb/twl3025.o (irq_enable)
calypso/libcalypso.a(rtc.o)   board/compal_e99/init.o (rtc_init)
calypso/libcalypso.a(sim.o)   apps/layer1/main.o (sim_handler)
calypso/libcalypso.a(spi.o)   abb/twl3025.o (spi_init)
calypso/libcalypso.a(tpu.o)   apps/layer1/main.o (tpu_enable)
calypso/libcalypso.a(tsp.o)   abb/twl3025.o (tsp_write)
calypso/libcalypso.a(keypad.o)
                              board/compal_e99/init.o (keypad_init)
calypso/libcalypso.a(misc.o)  apps/layer1/main.o (dump_dev_id)
calypso/libcalypso.a(timer.o)
                              board/compal_e99/init.o (hwtimer_init)
calypso/libcalypso.a(backlight.o)
                              board/compal_e99/init.o (bl_mode_pwl)
calypso/libcalypso.a(uart.o)  board/compal_e99/init.o (uart_init)
calypso/libcalypso.a(uwire.o)
                              fb/fb_ssd1783.o (uwire_init)
calypso/libcalypso.a(arm.o)   calypso/libcalypso.a(irq.o) (arm_enable_interrupts)
layer1/liblayer1.a(init.o)    apps/layer1/main.o (layer1_init)
layer1/liblayer1.a(l23_api.o)
                              calypso/libcalypso.a(sim.o) (l1_queue_for_l2)
layer1/liblayer1.a(mframe_sched.o)
                              layer1/liblayer1.a(l23_api.o) (mframe_enable)
layer1/liblayer1.a(sched_gsmtime.o)
                              layer1/liblayer1.a(l23_api.o) (sched_gsmtime_reset)
layer1/liblayer1.a(async.o)   layer1/liblayer1.a(l23_api.o) (l1a_txq_msgb_enq)
layer1/liblayer1.a(prim_pm.o)
                              layer1/liblayer1.a(l23_api.o) (l1s_pm_test)
layer1/liblayer1.a(prim_rach.o)
                              layer1/liblayer1.a(l23_api.o) (l1a_rach_req)
layer1/liblayer1.a(prim_tx_nb.o)
                              layer1/liblayer1.a(mframe_sched.o) (nb_sched_set_ul)
layer1/liblayer1.a(prim_rx_nb.o)
                              layer1/liblayer1.a(mframe_sched.o) (nb_sched_set)
layer1/liblayer1.a(prim_fbsb.o)
                              layer1/liblayer1.a(l23_api.o) (l1s_fbsb_req)
layer1/liblayer1.a(prim_freq.o)
                              layer1/liblayer1.a(l23_api.o) (l1a_freq_req)
layer1/liblayer1.a(prim_utils.o)
                              layer1/liblayer1.a(prim_tx_nb.o) (pu_get_idle_frame)
layer1/liblayer1.a(prim_tch.o)
                              layer1/liblayer1.a(mframe_sched.o) (tch_sched_set)
layer1/liblayer1.a(agc.o)     layer1/liblayer1.a(prim_pm.o) (agc_inp_dbm8_by_pm)
layer1/liblayer1.a(afc.o)     layer1/liblayer1.a(prim_fbsb.o) (afc_correct)
layer1/liblayer1.a(toa.o)     layer1/liblayer1.a(prim_rx_nb.o) (toa_input)
layer1/liblayer1.a(sync.o)    layer1/liblayer1.a(prim_fbsb.o) (l1s_time_inc)
layer1/liblayer1.a(tdma_sched.o)
                              layer1/liblayer1.a(prim_pm.o) (tdma_end_set)
layer1/liblayer1.a(tpu_window.o)
                              layer1/liblayer1.a(sync.o) (l1s_win_init)
layer1/liblayer1.a(rfch.o)    layer1/liblayer1.a(prim_tx_nb.o) (rfch_get_params)
layer1/liblayer1.a(apc.o)     layer1/liblayer1.a(sync.o) (apc_tx_pwrlvl2auxapc)
layer1/liblayer1.a(avg.o)     layer1/liblayer1.a(afc.o) (runavg_input)
lib/libmini.a(vsprintf.o)     apps/layer1/main.o (puts)
lib/libmini.a(string.o)       lib/libmini.a(vsprintf.o) (strnlen)
lib/libmini.a(ctype.o)        lib/libmini.a(vsprintf.o) (_ctype)
lib/libmini.a(printf.o)       apps/layer1/main.o (printf)
lib/libmini.a(console.o)      board/compal_e99/init.o (cons_bind_uart)
lib/libmini.a(ctors.o)        board/compal/start.ram.o (do_global_ctors)
lib/libmini.a(delay.o)        calypso/libcalypso.a(tpu.o) (delay_us)
lib/libmini.a(div64.o)        lib/libmini.a(vsprintf.o) (__do_div64)
lib/libmini.a(lib1funcs.o)    rf/trf6151.o (__udivsi3)
lib/libmini.a(memcpy.o)       calypso/libcalypso.a(sim.o) (memcpy)
lib/libmini.a(memset.o)       apps/layer1/main.o (memset)
comm/libcomm.a(sercomm.o)     layer1/liblayer1.a(l23_api.o) (sercomm_sendmsg)
comm/libcomm.a(sercomm_cons.o)
                              lib/libmini.a(vsprintf.o) (sercomm_puts)
comm/libcomm.a(timer.o)       calypso/libcalypso.a(keypad.o) (jiffies)
../../shared/libosmocore/build-target/src/.libs/libosmocore.a(msgb.o)
                              calypso/libcalypso.a(sim.o) (msgb_alloc)
../../shared/libosmocore/build-target/src/.libs/libosmocore.a(utils.o)
                              calypso/libcalypso.a(sim.o) (osmo_hexdump)
../../shared/libosmocore/build-target/src/.libs/libosmocore.a(panic.o)
                              calypso/libcalypso.a(sim.o) (osmo_panic)
../../shared/libosmocore/build-target/src/gsm/.libs/libosmogsm.a(gsm_utils.o)
                              layer1/liblayer1.a(apc.o) (ms_pwr_dbm)
calypso/libcalypso.a(dsp.o)   layer1/liblayer1.a(sync.o) (dsp_api_memset)
[...]
Memory Configuration

Name             Origin             Length             Attributes
XRAM             0x0000000000800000 0x0000000000020000 rw
RAM              0x0000000000820000 0x0000000000030000 rw
*default*        0x0000000000000000 0xffffffffffffffff

Linker script and memory map

                0x0000000000820000                . = 0x820000

.text.start     0x0000000000820000       0x6c
                0x0000000000820000                PROVIDE (_start, .)
 *(.text.start)
 .text.start    0x0000000000820000       0x6c board/compal/start.ram.o
                0x0000000000820000                _start
 *(.text.start)

.text.exceptions
                0x000000000080001c       0x1c load address 0x000000000082006c
 *(.text.exceptions)
 .text.exceptions
                0x000000000080001c       0x1c board/compal/exceptions_redirected.o
 *(.text.exceptions)
                0x0000000000800038                . = ALIGN (0x4)
                0x000000000082006c                PROVIDE (_exceptions, LOADADDR (.text.exceptions))
                0x0000000000800038                . = ALIGN (0x4)

.text           0x0000000000820088     0xac88
 *(.text*)
 .text.tspact_toggle
                0x0000000000820088       0x44 apps/layer1/main.o
 .text.key_handler
                0x00000000008200cc       0xc4 apps/layer1/main.o
 .text.main     0x0000000000820190      0x174 apps/layer1/main.o
                0x0000000000820190                main
 .text.tpu_enq_at
                0x0000000000820304       0x34 abb/twl3025.o
 .text.tpu_enq_wait
                0x0000000000820338       0x14 abb/twl3025.o
 .text.twl3025_wait_ibic_access
                0x000000000082034c        0x8 abb/twl3025.o
 .text.twl3025_reg_write
                0x0000000000820354       0x58 abb/twl3025.o
                0x0000000000820354                twl3025_reg_write
 .text.twl3025_switch_page
                0x00000000008203ac       0x2c abb/twl3025.o
 .text.twl3025_tsp_write
                0x00000000008203d8       0x10 abb/twl3025.o
                0x00000000008203d8                twl3025_tsp_write
 .text.twl3025_reg_read
                0x00000000008203e8       0x74 abb/twl3025.o
                0x00000000008203e8                twl3025_reg_read
 .text.twl3025_power_off
                0x000000000082045c       0x30 abb/twl3025.o
                0x000000000082045c                twl3025_power_off
 .text.twl3025_irq
                0x000000000082048c       0x48 abb/twl3025.o
 .text.twl3025_clk13m
                0x00000000008204d4       0x38 abb/twl3025.o
                0x00000000008204d4                twl3025_clk13m
 .text.twl3025_downlink
                0x000000000082050c       0x98 abb/twl3025.o
                0x000000000082050c                twl3025_downlink
 .text.twl3025_uplink
                0x00000000008205a4       0xac abb/twl3025.o
                0x00000000008205a4                twl3025_uplink
 .text.twl3025_afc_set
                0x0000000000820650       0x64 abb/twl3025.o
                0x0000000000820650                twl3025_afc_set
 .text.twl3025_unit_enable
                0x00000000008206b4       0x6c abb/twl3025.o
                0x00000000008206b4                twl3025_unit_enable
 .text.twl3025_init
                0x0000000000820720       0x8c abb/twl3025.o
                0x0000000000820720                twl3025_init
 .text.twl3025_afcout_get
                0x00000000008207ac       0x14 abb/twl3025.o
                0x00000000008207ac                twl3025_afcout_get
 .text.tpu_enq_at
                0x00000000008207c0       0x34 rf/trf6151.o
 .text.tpu_enq_wait
                0x00000000008207f4       0x14 rf/trf6151.o
 .text.trf6151_reg_write
                0x0000000000820808       0x38 rf/trf6151.o
 .text.trf6151_set_gain_reg
                0x0000000000820840       0x64 rf/trf6151.o
                0x0000000000820840                trf6151_set_gain_reg
 .text.trf6151_set_gain
                0x00000000008208a4       0x74 rf/trf6151.o
                0x00000000008208a4                trf6151_set_gain
 .text.trf6151_power
                0x0000000000820918       0x64 rf/trf6151.o
                0x0000000000820918                trf6151_power
 .text.trf6151_init
                0x000000000082097c       0x5c rf/trf6151.o
                0x000000000082097c                trf6151_init
 .text.trf6151_set_mode
                0x00000000008209d8       0x34 rf/trf6151.o
                0x00000000008209d8                trf6151_set_mode
 .text.trf6151_set_arfcn
                0x0000000000820a0c      0x21c rf/trf6151.o
                0x0000000000820a0c                trf6151_set_arfcn
 .text.trf6151_get_gain
                0x0000000000820c28       0x28 rf/trf6151.o
                0x0000000000820c28                trf6151_get_gain
 .text.trf6151_rx_window
                0x0000000000820c50       0x54 rf/trf6151.o
                0x0000000000820c50                trf6151_rx_window
 .text.trf6151_tx_window
                0x0000000000820ca4       0x44 rf/trf6151.o
                0x0000000000820ca4                trf6151_tx_window
 .text.trf6151_compute_gain
                0x0000000000820ce8       0x28 rf/trf6151.o
                0x0000000000820ce8                trf6151_compute_gain
 .text.trf6151_iq_swapped
                0x0000000000820d10       0x30 rf/trf6151.o
                0x0000000000820d10                trf6151_iq_swapped
 .text          0x0000000000820d40       0xfc board/common/calypso_uart.o
                0x0000000000820d4c                phex
                0x0000000000820d80                puts_asm
                0x0000000000820dbc                putchar_asm
                0x0000000000820dcc                memdump_asm
 .text.rffe_mode
                0x0000000000820e3c       0x44 board/compal/rffe_dualband.o
                0x0000000000820e3c                rffe_mode
 .text.rffe_get_rx_ports
                0x0000000000820e80        0x8 board/compal/rffe_dualband.o
                0x0000000000820e80                rffe_get_rx_ports
 .text.rffe_iq_swapped
                0x0000000000820e88        0xc board/compal/rffe_dualband.o
                0x0000000000820e88                rffe_iq_swapped
 .text.rffe_init
                0x0000000000820e94       0x54 board/compal/rffe_dualband.o
                0x0000000000820e94                rffe_init
 .text.rffe_get_gain
                0x0000000000820ee8        0x4 board/compal/rffe_dualband.o
                0x0000000000820ee8                rffe_get_gain
 .text.rffe_set_gain
                0x0000000000820eec        0x8 board/compal/rffe_dualband.o
                0x0000000000820eec                rffe_set_gain
 .text.rffe_compute_gain
                0x0000000000820ef4       0x14 board/compal/rffe_dualband.o
                0x0000000000820ef4                rffe_compute_gain
 .text.board_init
                0x0000000000820f08      0x1cc board/compal_e99/init.o
                0x0000000000820f08                board_init
 .text.fb_font_get_char
                0x00000000008210d4       0x58 fb/font.o
                0x00000000008210d4                fb_font_get_char
 .text.fb_limit_fb_range
                0x000000000082112c       0x38 fb/fb_rgb332.o
 .text.fb_rgb332_update_damage
                0x0000000000821164       0xf0 fb/fb_rgb332.o
 .text.rgb_to_pixel
                0x0000000000821254       0x20 fb/fb_rgb332.o
 .text.fb_rgb332_clear
                0x0000000000821274       0x78 fb/fb_rgb332.o
                0x0000000000821274                fb_rgb332_clear
 .text.fb_rgb332_boxto
                0x00000000008212ec      0x14c fb/fb_rgb332.o
                0x00000000008212ec                fb_rgb332_boxto
 .text.fb_rgb332_lineto
                0x0000000000821438      0x128 fb/fb_rgb332.o
                0x0000000000821438                fb_rgb332_lineto
 .text.fb_rgb332_putstr
                0x0000000000821560      0x2a8 fb/fb_rgb332.o
                0x0000000000821560                fb_rgb332_putstr
 .text.fb_ssd1783_send_cmdlist
                0x0000000000821808       0x4c fb/fb_ssd1783.o
 .text.fb_ssd1783_flush
                0x0000000000821854      0x18c fb/fb_ssd1783.o
 .text.fb_ssd1783_init
                0x00000000008219e0       0x48 fb/fb_ssd1783.o
 .text          0x0000000000821a28       0x90 board/compal/handlers.o
                0x0000000000821a28                handle_abort
                0x0000000000821a68                irq_entry
                0x0000000000821a90                fiq_entry
 .text.dump_reg16
                0x0000000000821ab8       0x10 calypso/libcalypso.a(clock.o)
 .text.calypso_clk_dump
                0x0000000000821ac8       0x6c calypso/libcalypso.a(clock.o)
                0x0000000000821ac8                calypso_clk_dump
 .text.calypso_pll_set
                0x0000000000821b34       0x34 calypso/libcalypso.a(clock.o)
                0x0000000000821b34                calypso_pll_set
 .text.calypso_reset_set
                0x0000000000821b68       0x28 calypso/libcalypso.a(clock.o)
                0x0000000000821b68                calypso_reset_set
 .text.calypso_clock_set
                0x0000000000821b90       0x70 calypso/libcalypso.a(clock.o)
                0x0000000000821b90                calypso_clock_set
 .text.calypso_mem_cfg
                0x0000000000821c00       0x24 calypso/libcalypso.a(clock.o)
                0x0000000000821c00                calypso_mem_cfg
 .text.calypso_bootrom
                0x0000000000821c24       0x20 calypso/libcalypso.a(clock.o)
                0x0000000000821c24                calypso_bootrom
 .text.calypso_rhea_cfg
                0x0000000000821c44       0x4c calypso/libcalypso.a(clock.o)
                0x0000000000821c44                calypso_rhea_cfg
 .text.dma_init
                0x0000000000821c90       0x10 calypso/libcalypso.a(dma.o)
                0x0000000000821c90                dma_init
 .text._irq_enable
                0x0000000000821ca0       0x40 calypso/libcalypso.a(irq.o)
 .text.irq_enable
                0x0000000000821ce0        0x8 calypso/libcalypso.a(irq.o)
                0x0000000000821ce0                irq_enable
 .text.irq_disable
                0x0000000000821ce8        0x8 calypso/libcalypso.a(irq.o)
                0x0000000000821ce8                irq_disable
 .text.irq_config
                0x0000000000821cf0       0x48 calypso/libcalypso.a(irq.o)
                0x0000000000821cf0                irq_config
 .text.irq      0x0000000000821d38       0x3c calypso/libcalypso.a(irq.o)
                0x0000000000821d38                irq
 .text.fiq      0x0000000000821d74       0x3c calypso/libcalypso.a(irq.o)
                0x0000000000821d74                fiq
 .text.irq_register_handler
                0x0000000000821db0       0x14 calypso/libcalypso.a(irq.o)
                0x0000000000821db0                irq_register_handler
 .text.calypso_exceptions_install
                0x0000000000821dc4       0x34 calypso/libcalypso.a(irq.o)
                0x0000000000821dc4                calypso_exceptions_install
 .text.irq_init
                0x0000000000821df8       0x5c calypso/libcalypso.a(irq.o)
                0x0000000000821df8                irq_init
 .text.rtc_irq_tick
                0x0000000000821e54       0x18 calypso/libcalypso.a(rtc.o)
 .text.rtc_init
                0x0000000000821e6c       0x54 calypso/libcalypso.a(rtc.o)
                0x0000000000821e6c                rtc_init
 .text.sim_irq_handler
                0x0000000000821ec0       0xf0 calypso/libcalypso.a(sim.o)
                0x0000000000821ec0                sim_irq_handler
 .text.calypso_sim_receive
                0x0000000000821fb0       0x48 calypso/libcalypso.a(sim.o)
                0x0000000000821fb0                calypso_sim_receive
 .text.calypso_sim_transmit
                0x0000000000821ff8       0x54 calypso/libcalypso.a(sim.o)
                0x0000000000821ff8                calypso_sim_transmit
 .text.sim_apdu
                0x000000000082204c       0x48 calypso/libcalypso.a(sim.o)
                0x000000000082204c                sim_apdu
 .text.sim_handler
                0x0000000000822094      0x49c calypso/libcalypso.a(sim.o)
                0x0000000000822094                sim_handler
 .text.calypso_sim_init
                0x0000000000822530       0x34 calypso/libcalypso.a(sim.o)
                0x0000000000822530                calypso_sim_init
 .text.calypso_sim_powerup
                0x0000000000822564       0x70 calypso/libcalypso.a(sim.o)
                0x0000000000822564                calypso_sim_powerup
 .text.calypso_sim_powerdown
                0x00000000008225d4       0x60 calypso/libcalypso.a(sim.o)
                0x00000000008225d4                calypso_sim_powerdown
 .text.spi_init
                0x0000000000822634       0x1c calypso/libcalypso.a(spi.o)
                0x0000000000822634                spi_init
 .text.spi_xfer
                0x0000000000822650      0x100 calypso/libcalypso.a(spi.o)
                0x0000000000822650                spi_xfer
 .text.tpu_wait_ctrl_bit
                0x0000000000822750       0x60 calypso/libcalypso.a(tpu.o)
 .text.tpu_reset
                0x00000000008227b0       0x2c calypso/libcalypso.a(tpu.o)
                0x00000000008227b0                tpu_reset
 .text.tpu_enable
                0x00000000008227dc       0x34 calypso/libcalypso.a(tpu.o)
                0x00000000008227dc                tpu_enable
 .text.tpu_clk_enable
                0x0000000000822810       0x2c calypso/libcalypso.a(tpu.o)
                0x0000000000822810                tpu_clk_enable
 .text.tpu_dsp_frameirq_enable
                0x000000000082283c       0x1c calypso/libcalypso.a(tpu.o)
                0x000000000082283c                tpu_dsp_frameirq_enable
 .text.tpu_rewind
                0x0000000000822858       0x18 calypso/libcalypso.a(tpu.o)
                0x0000000000822858                tpu_rewind
 .text.tpu_enqueue
                0x0000000000822870       0x28 calypso/libcalypso.a(tpu.o)
                0x0000000000822870                tpu_enqueue
 .text.tpu_init
                0x0000000000822898       0x64 calypso/libcalypso.a(tpu.o)
                0x0000000000822898                tpu_init
 .text.tpu_wait_idle
                0x00000000008228fc       0x20 calypso/libcalypso.a(tpu.o)
                0x00000000008228fc                tpu_wait_idle
 .text.tpu_frame_irq_en
                0x000000000082291c       0x30 calypso/libcalypso.a(tpu.o)
                0x000000000082291c                tpu_frame_irq_en
 .text.add_mod5000
                0x000000000082294c       0x38 calypso/libcalypso.a(tpu.o)
                0x000000000082294c                add_mod5000
 .text.tpu_enq_move
                0x0000000000822984       0x1c calypso/libcalypso.a(tsp.o)
 .text.tsp_write
                0x00000000008229a0       0xcc calypso/libcalypso.a(tsp.o)
                0x00000000008229a0                tsp_write
 .text.tsp_setup
                0x0000000000822a6c       0x40 calypso/libcalypso.a(tsp.o)
                0x0000000000822a6c                tsp_setup
 .text.tsp_act_update
                0x0000000000822aac       0x50 calypso/libcalypso.a(tsp.o)
                0x0000000000822aac                tsp_act_update
 .text.tsp_act_enable
                0x0000000000822afc       0x1c calypso/libcalypso.a(tsp.o)
                0x0000000000822afc                tsp_act_enable
 .text.tsp_act_disable
                0x0000000000822b18       0x14 calypso/libcalypso.a(tsp.o)
                0x0000000000822b18                tsp_act_disable
 .text.tsp_act_state
                0x0000000000822b2c       0x10 calypso/libcalypso.a(tsp.o)
                0x0000000000822b2c                tsp_act_state
 .text.tsp_act_toggle
                0x0000000000822b3c       0x1c calypso/libcalypso.a(tsp.o)
                0x0000000000822b3c                tsp_act_toggle
 .text.tsp_init
                0x0000000000822b58        0x8 calypso/libcalypso.a(tsp.o)
                0x0000000000822b58                tsp_init
 .text.keypad_irq
                0x0000000000822b60       0x18 calypso/libcalypso.a(keypad.o)
 .text.emit_key
                0x0000000000822b78       0x58 calypso/libcalypso.a(keypad.o)
                0x0000000000822b78                emit_key
 .text.dispatch_buttons
                0x0000000000822bd0       0xc4 calypso/libcalypso.a(keypad.o)
                0x0000000000822bd0                dispatch_buttons
 .text.keypad_init
                0x0000000000822c94       0x6c calypso/libcalypso.a(keypad.o)
                0x0000000000822c94                keypad_init
 .text.keypad_set_handler
                0x0000000000822d00       0x10 calypso/libcalypso.a(keypad.o)
                0x0000000000822d00                keypad_set_handler
 .text.keypad_poll
                0x0000000000822d10      0x174 calypso/libcalypso.a(keypad.o)
                0x0000000000822d10                keypad_poll
 .text.dump_dev_id
                0x0000000000822e84       0x8c calypso/libcalypso.a(misc.o)
                0x0000000000822e84                dump_dev_id
 .text.wdog_irq
                0x0000000000822f10        0xc calypso/libcalypso.a(timer.o)
 .text.hwtimer_enable
                0x0000000000822f1c       0x68 calypso/libcalypso.a(timer.o)
                0x0000000000822f1c                hwtimer_enable
 .text.hwtimer_config
                0x0000000000822f84       0x34 calypso/libcalypso.a(timer.o)
                0x0000000000822f84                hwtimer_config
 .text.hwtimer_load
                0x0000000000822fb8       0x28 calypso/libcalypso.a(timer.o)
                0x0000000000822fb8                hwtimer_load
 .text.hwtimer_read
                0x0000000000822fe0       0x54 calypso/libcalypso.a(timer.o)
                0x0000000000822fe0                hwtimer_read
 .text.hwtimer_init
                0x0000000000823034       0x1c calypso/libcalypso.a(timer.o)
                0x0000000000823034                hwtimer_init
 .text.wdog_enable
                0x0000000000823050       0x5c calypso/libcalypso.a(timer.o)
                0x0000000000823050                wdog_enable
 .text.bl_mode_pwl
                0x00000000008230ac       0x3c calypso/libcalypso.a(backlight.o)
                0x00000000008230ac                bl_mode_pwl
 .text.bl_level
                0x00000000008230e8       0x34 calypso/libcalypso.a(backlight.o)
                0x00000000008230e8                bl_level
 .text.uart_set_lcr7bit
                0x000000000082311c       0x2c calypso/libcalypso.a(uart.o)
 .text.uart_set_lcr_bf
                0x0000000000823148       0x38 calypso/libcalypso.a(uart.o)
 .text.uart_set_mcr6bit
                0x0000000000823180       0x2c calypso/libcalypso.a(uart.o)
 .text.uart_reg_write
                0x00000000008231ac       0xa0 calypso/libcalypso.a(uart.o)
 .text.uart_reg_read
                0x000000000082324c       0xa0 calypso/libcalypso.a(uart.o)
 .text.uart_irq_handler_cons
                0x00000000008232ec       0x5c calypso/libcalypso.a(uart.o)
 .text.uart_irq_enable
                0x0000000000823348       0x50 calypso/libcalypso.a(uart.o)
                0x0000000000823348                uart_irq_enable
 .text.uart_init
                0x0000000000823398      0x188 calypso/libcalypso.a(uart.o)
                0x0000000000823398                uart_init
 .text.uart_putchar_wait
                0x0000000000823520       0x30 calypso/libcalypso.a(uart.o)
                0x0000000000823520                uart_putchar_wait
 .text.uart_putchar_nb
                0x0000000000823550       0x30 calypso/libcalypso.a(uart.o)
                0x0000000000823550                uart_putchar_nb
 .text.uart_getchar_nb
                0x0000000000823580       0x88 calypso/libcalypso.a(uart.o)
                0x0000000000823580                uart_getchar_nb
 .text.uart_tx_busy
                0x0000000000823608       0x20 calypso/libcalypso.a(uart.o)
                0x0000000000823608                uart_tx_busy
 .text.uart_irq_handler_sercomm
                0x0000000000823628      0x124 calypso/libcalypso.a(uart.o)
 .text.uart_baudrate
                0x000000000082374c       0x68 calypso/libcalypso.a(uart.o)
                0x000000000082374c                uart_baudrate
 .text._uwire_wait
                0x00000000008237b4       0x1c calypso/libcalypso.a(uwire.o)
 .text.uwire_init
                0x00000000008237d0       0x2c calypso/libcalypso.a(uwire.o)
                0x00000000008237d0                uwire_init
 .text.uwire_xfer
                0x00000000008237fc       0xf4 calypso/libcalypso.a(uwire.o)
                0x00000000008237fc                uwire_xfer
 .text.arm_enable_interrupts
                0x00000000008238f0       0x10 calypso/libcalypso.a(arm.o)
                0x00000000008238f0                arm_enable_interrupts
 .text.layer1_init
                0x0000000000823900       0x48 layer1/liblayer1.a(init.o)
                0x0000000000823900                layer1_init
 .text.audio_set_enabled
                0x0000000000823948       0x4c layer1/liblayer1.a(l23_api.o)
 .text.msgb_put
                0x0000000000823994       0x58 layer1/liblayer1.a(l23_api.o)
 .text.l1a_l23_rx
                0x00000000008239ec       0x24 layer1/liblayer1.a(l23_api.o)
                0x00000000008239ec                l1a_l23_rx
 .text.l1_queue_for_l2
                0x0000000000823a10       0x34 layer1/liblayer1.a(l23_api.o)
                0x0000000000823a10                l1_queue_for_l2
 .text.l1ctl_msgb_alloc
                0x0000000000823a44       0x68 layer1/liblayer1.a(l23_api.o)
                0x0000000000823a44                l1ctl_msgb_alloc
 .text.l1_create_l2_msg
                0x0000000000823aac       0x78 layer1/liblayer1.a(l23_api.o)
                0x0000000000823aac                l1_create_l2_msg
 .text.l1ctl_tx_reset
                0x0000000000823b24       0x2c layer1/liblayer1.a(l23_api.o)
                0x0000000000823b24                l1ctl_tx_reset
 .text.l1a_l23_handler
                0x0000000000823b50      0x96c layer1/liblayer1.a(l23_api.o)
                0x0000000000823b50                l1a_l23_handler
 .text.l1a_l23api_init
                0x00000000008244bc       0x10 layer1/liblayer1.a(l23_api.o)
                0x00000000008244bc                l1a_l23api_init
 .text.mframe_task2chan_nr
                0x00000000008244cc      0x110 layer1/liblayer1.a(mframe_sched.o)
                0x00000000008244cc                mframe_task2chan_nr
 .text.mframe_enable
                0x00000000008245dc       0x1c layer1/liblayer1.a(mframe_sched.o)
                0x00000000008245dc                mframe_enable
 .text.mframe_disable
                0x00000000008245f8       0x1c layer1/liblayer1.a(mframe_sched.o)
                0x00000000008245f8                mframe_disable
 .text.mframe_set
                0x0000000000824614       0x10 layer1/liblayer1.a(mframe_sched.o)
                0x0000000000824614                mframe_set
 .text.mframe_schedule
                0x0000000000824624      0x120 layer1/liblayer1.a(mframe_sched.o)
                0x0000000000824624                mframe_schedule
 .text.mframe_reset
                0x0000000000824744       0x20 layer1/liblayer1.a(mframe_sched.o)
                0x0000000000824744                mframe_reset
 .text.sched_gsmtime
                0x0000000000824764       0xa8 layer1/liblayer1.a(sched_gsmtime.o)
                0x0000000000824764                sched_gsmtime
 .text.sched_gsmtime_execute
                0x000000000082480c       0x84 layer1/liblayer1.a(sched_gsmtime.o)
                0x000000000082480c                sched_gsmtime_execute
 .text.sched_gsmtime_init
                0x0000000000824890       0x50 layer1/liblayer1.a(sched_gsmtime.o)
                0x0000000000824890                sched_gsmtime_init
 .text.sched_gsmtime_reset
                0x00000000008248e0       0x54 layer1/liblayer1.a(sched_gsmtime.o)
                0x00000000008248e0                sched_gsmtime_reset
 .text.l1a_txq_msgb_enq
                0x0000000000824934       0x1c layer1/liblayer1.a(async.o)
                0x0000000000824934                l1a_txq_msgb_enq
 .text.l1a_meas_msgb_set
                0x0000000000824950       0x38 layer1/liblayer1.a(async.o)
                0x0000000000824950                l1a_meas_msgb_set
 .text.l1a_txq_msgb_count
                0x0000000000824988       0x34 layer1/liblayer1.a(async.o)
                0x0000000000824988                l1a_txq_msgb_count
 .text.l1a_txq_msgb_flush
                0x00000000008249bc       0x34 layer1/liblayer1.a(async.o)
                0x00000000008249bc                l1a_txq_msgb_flush
 .text.l1a_mftask_set
                0x00000000008249f0        0x4 layer1/liblayer1.a(async.o)
                0x00000000008249f0                l1a_mftask_set
 .text.l1a_tch_mode_set
                0x00000000008249f4       0x3c layer1/liblayer1.a(async.o)
                0x00000000008249f4                l1a_tch_mode_set
 .text.l1a_audio_mode_set
                0x0000000000824a30       0x14 layer1/liblayer1.a(async.o)
                0x0000000000824a30                l1a_audio_mode_set
 .text.l1a_init
                0x0000000000824a44        0x4 layer1/liblayer1.a(async.o)
                0x0000000000824a44                l1a_init
 .text.l1a_compl_execute
                0x0000000000824a48       0x50 layer1/liblayer1.a(async.o)
                0x0000000000824a48                l1a_compl_execute
 .text.l1s_neigh_pm_resp
                0x0000000000824a98      0x178 layer1/liblayer1.a(prim_pm.o)
 .text.l1s_pm_cmd
                0x0000000000824c10       0x50 layer1/liblayer1.a(prim_pm.o)
 .text.l1s_neigh_pm_cmd
                0x0000000000824c60       0x7c layer1/liblayer1.a(prim_pm.o)
 .text.l1s_pm_test
                0x0000000000824cdc       0x30 layer1/liblayer1.a(prim_pm.o)
                0x0000000000824cdc                l1s_pm_test
 .text.l1s_pm_resp
                0x0000000000824d0c      0x210 layer1/liblayer1.a(prim_pm.o)
 .text.l1s_tx_rach_resp
                0x0000000000824f1c       0x44 layer1/liblayer1.a(prim_rach.o)
 .text.l1s_tx_rach_cmd
                0x0000000000824f60       0x80 layer1/liblayer1.a(prim_rach.o)
 .text.l1a_rach_compl
                0x0000000000824fe0       0x28 layer1/liblayer1.a(prim_rach.o)
 .text.l1a_rach_req
                0x0000000000825008       0xcc layer1/liblayer1.a(prim_rach.o)
                0x0000000000825008                l1a_rach_req
 .text.prim_rach_init
                0x00000000008250d4       0x18 layer1/liblayer1.a(prim_rach.o)
 .text.l1s_tx_resp
                0x00000000008250ec       0x4c layer1/liblayer1.a(prim_tx_nb.o)
 .text.l1s_tx_cmd
                0x0000000000825138      0x168 layer1/liblayer1.a(prim_tx_nb.o)
 .text.l1a_tx_nb_compl
                0x00000000008252a0       0x28 layer1/liblayer1.a(prim_tx_nb.o)
 .text.prim_tx_nb_init
                0x00000000008252c8       0x18 layer1/liblayer1.a(prim_tx_nb.o)
 .text.l1s_nb_resp
                0x00000000008252e0      0x2e4 layer1/liblayer1.a(prim_rx_nb.o)
 .text.l1s_nb_cmd
                0x00000000008255c4      0x180 layer1/liblayer1.a(prim_rx_nb.o)
 .text.l1ctl_fbsb_resp
                0x0000000000825744       0xc0 layer1/liblayer1.a(prim_fbsb.o)
 .text.l1s_sbdet_resp
                0x0000000000825804      0x32c layer1/liblayer1.a(prim_fbsb.o)
 .text.l1s_sbdet_cmd
                0x0000000000825b30       0x54 layer1/liblayer1.a(prim_fbsb.o)
 .text.l1s_fbdet_cmd
                0x0000000000825b84       0x6c layer1/liblayer1.a(prim_fbsb.o)
 .text.fbinfo2cellinfo.clone.0.clone.1
                0x0000000000825bf0       0xec layer1/liblayer1.a(prim_fbsb.o)
 .text.l1s_fbdet_resp
                0x0000000000825cdc      0x328 layer1/liblayer1.a(prim_fbsb.o)
 .text.l1a_fb_compl
                0x0000000000826004       0x2c layer1/liblayer1.a(prim_fbsb.o)
 .text.l1s_fbsb_req
                0x0000000000826030       0xf4 layer1/liblayer1.a(prim_fbsb.o)
                0x0000000000826030                l1s_fbsb_req
 .text.l1s_prim_fbsb_init
                0x0000000000826124       0x18 layer1/liblayer1.a(prim_fbsb.o)
 .text.l1s_freq_cmd
                0x000000000082613c       0x50 layer1/liblayer1.a(prim_freq.o)
 .text.l1a_freq_req
                0x000000000082618c       0xc0 layer1/liblayer1.a(prim_freq.o)
                0x000000000082618c                l1a_freq_req
 .text.pu_get_idle_frame
                0x000000000082624c        0xc layer1/liblayer1.a(prim_utils.o)
                0x000000000082624c                pu_get_idle_frame
 .text.pu_update_rx_level
                0x0000000000826258       0x18 layer1/liblayer1.a(prim_utils.o)
                0x0000000000826258                pu_update_rx_level
 .text.pu_get_meas_frame
                0x0000000000826270       0x30 layer1/liblayer1.a(prim_utils.o)
                0x0000000000826270                pu_get_meas_frame
 .text.l1s_tch_d_resp
                0x00000000008262a0       0x18 layer1/liblayer1.a(prim_tch.o)
 .text.__fswab32
                0x00000000008262b8       0x14 layer1/liblayer1.a(prim_tch.o)
 .text.msgb_put
                0x00000000008262cc       0x58 layer1/liblayer1.a(prim_tch.o)
 .text.dsp_task_iq_swap
                0x0000000000826324       0x24 layer1/liblayer1.a(prim_tch.o)
 .text.l1a_tx_tch_compl
                0x0000000000826348       0x68 layer1/liblayer1.a(prim_tch.o)
 .text.tch_get_params.clone.0
                0x00000000008263b0       0xdc layer1/liblayer1.a(prim_tch.o)
 .text.l1s_tch_a_resp
                0x000000000082648c      0x280 layer1/liblayer1.a(prim_tch.o)
 .text.l1s_tch_d_cmd
                0x000000000082670c       0xb8 layer1/liblayer1.a(prim_tch.o)
 .text.l1s_tch_resp
                0x00000000008267c4      0x47c layer1/liblayer1.a(prim_tch.o)
 .text.l1s_tch_a_cmd
                0x0000000000826c40      0x268 layer1/liblayer1.a(prim_tch.o)
 .text.l1s_tch_cmd
                0x0000000000826ea8      0x34c layer1/liblayer1.a(prim_tch.o)
 .text.prim_tch_init
                0x00000000008271f4       0x18 layer1/liblayer1.a(prim_tch.o)
 .text.agc_inp_dbm8_by_pm
                0x000000000082720c       0x34 layer1/liblayer1.a(agc.o)
                0x000000000082720c                agc_inp_dbm8_by_pm
 .text.afc_correct
                0x0000000000827240       0x7c layer1/liblayer1.a(afc.o)
                0x0000000000827240                afc_correct
 .text.afc_ravg_output
                0x00000000008272bc       0x18 layer1/liblayer1.a(afc.o)
 .text.afc_reset
                0x00000000008272d4       0x18 layer1/liblayer1.a(afc.o)
                0x00000000008272d4                afc_reset
 .text.afc_input
                0x00000000008272ec       0x2c layer1/liblayer1.a(afc.o)
                0x00000000008272ec                afc_input
 .text.afc_load_dsp
                0x0000000000827318       0x2c layer1/liblayer1.a(afc.o)
                0x0000000000827318                afc_load_dsp
 .text.toa_ravg_output
                0x0000000000827344       0x30 layer1/liblayer1.a(toa.o)
 .text.toa_input
                0x0000000000827374       0x48 layer1/liblayer1.a(toa.o)
                0x0000000000827374                toa_input
 .text.toa_reset
                0x00000000008273bc       0x1c layer1/liblayer1.a(toa.o)
                0x00000000008273bc                toa_reset
 .text.l1s_abort_cmd
                0x00000000008273d8       0x58 layer1/liblayer1.a(sync.o)
 .text.l1s_time_inc
                0x0000000000827430       0xc8 layer1/liblayer1.a(sync.o)
                0x0000000000827430                l1s_time_inc
 .text.frame_irq
                0x00000000008274f8      0x178 layer1/liblayer1.a(sync.o)
 .text.l1s_time_dump
                0x0000000000827670       0x2c layer1/liblayer1.a(sync.o)
                0x0000000000827670                l1s_time_dump
 .text.l1s_snr_int
                0x000000000082769c        0xc layer1/liblayer1.a(sync.o)
                0x000000000082769c                l1s_snr_int
 .text.synchronize_tdma
                0x00000000008276a8       0xa8 layer1/liblayer1.a(sync.o)
                0x00000000008276a8                synchronize_tdma
 .text.l1s_reset_hw
                0x0000000000827750       0x7c layer1/liblayer1.a(sync.o)
                0x0000000000827750                l1s_reset_hw
 .text.l1s_compl_sched
                0x00000000008277cc       0x2c layer1/liblayer1.a(sync.o)
                0x00000000008277cc                l1s_compl_sched
 .text.l1s_dsp_abort
                0x00000000008277f8       0x2c layer1/liblayer1.a(sync.o)
                0x00000000008277f8                l1s_dsp_abort
 .text.l1s_tx_apc_helper
                0x0000000000827824       0x88 layer1/liblayer1.a(sync.o)
                0x0000000000827824                l1s_tx_apc_helper
 .text.l1s_reset
                0x00000000008278ac       0x40 layer1/liblayer1.a(sync.o)
                0x00000000008278ac                l1s_reset
 .text.l1s_init
                0x00000000008278ec       0xa8 layer1/liblayer1.a(sync.o)
                0x00000000008278ec                l1s_init
 .text.tdma_end_set
                0x0000000000827994        0x8 layer1/liblayer1.a(tdma_sched.o)
                0x0000000000827994                tdma_end_set
 .text.tdma_schedule
                0x000000000082799c       0x98 layer1/liblayer1.a(tdma_sched.o)
                0x000000000082799c                tdma_schedule
 .text.tdma_schedule_set
                0x0000000000827a34       0xf0 layer1/liblayer1.a(tdma_sched.o)
                0x0000000000827a34                tdma_schedule_set
 .text.tdma_sched_advance
                0x0000000000827b24       0x24 layer1/liblayer1.a(tdma_sched.o)
                0x0000000000827b24                tdma_sched_advance
 .text.tdma_sched_flag_scan
                0x0000000000827b48       0x4c layer1/liblayer1.a(tdma_sched.o)
                0x0000000000827b48                tdma_sched_flag_scan
 .text.tdma_sched_execute
                0x0000000000827b94      0x170 layer1/liblayer1.a(tdma_sched.o)
                0x0000000000827b94                tdma_sched_execute
 .text.tdma_sched_reset
                0x0000000000827d04       0x30 layer1/liblayer1.a(tdma_sched.o)
                0x0000000000827d04                tdma_sched_reset
 .text.tpu_enq_at
                0x0000000000827d34       0x34 layer1/liblayer1.a(tpu_window.o)
 .text._win_cleanup
                0x0000000000827d68       0x64 layer1/liblayer1.a(tpu_window.o)
 .text._win_setup
                0x0000000000827dcc       0x98 layer1/liblayer1.a(tpu_window.o)
 .text.l1s_win_init
                0x0000000000827e64       0x54 layer1/liblayer1.a(tpu_window.o)
                0x0000000000827e64                l1s_win_init
 .text.l1s_rx_win_ctrl
                0x0000000000827eb8       0xbc layer1/liblayer1.a(tpu_window.o)
                0x0000000000827eb8                l1s_rx_win_ctrl
 .text.l1s_tx_win_ctrl
                0x0000000000827f74       0xb0 layer1/liblayer1.a(tpu_window.o)
                0x0000000000827f74                l1s_tx_win_ctrl
 .text.tpu_end_scenario
                0x0000000000828024       0x18 layer1/liblayer1.a(tpu_window.o)
                0x0000000000828024                tpu_end_scenario
 .text.rfch_get_params
                0x000000000082803c      0x140 layer1/liblayer1.a(rfch.o)
                0x000000000082803c                rfch_get_params
 .text.apc_tx_dbm2auxapc
                0x000000000082817c       0x48 layer1/liblayer1.a(apc.o)
                0x000000000082817c                apc_tx_dbm2auxapc
 .text.apc_tx_pwrlvl2auxapc
                0x00000000008281c4       0x38 layer1/liblayer1.a(apc.o)
                0x00000000008281c4                apc_tx_pwrlvl2auxapc
 .text.runavg_input
                0x00000000008281fc       0x30 layer1/liblayer1.a(avg.o)
                0x00000000008281fc                runavg_input
 .text.runavg_check_output
                0x000000000082822c       0x64 layer1/liblayer1.a(avg.o)
                0x000000000082822c                runavg_check_output
 .text.skip_atoi
                0x0000000000828290       0x44 lib/libmini.a(vsprintf.o)
 .text.number   0x00000000008282d4      0x254 lib/libmini.a(vsprintf.o)
 .text.vsnprintf
                0x0000000000828528      0x518 lib/libmini.a(vsprintf.o)
                0x0000000000828528                vsnprintf
 .text.snprintf
                0x0000000000828a40       0x24 lib/libmini.a(vsprintf.o)
                0x0000000000828a40                snprintf
 .text.puts     0x0000000000828a64        0x4 lib/libmini.a(vsprintf.o)
                0x0000000000828a64                puts
 .text.strnlen  0x0000000000828a68       0x28 lib/libmini.a(string.o)
                0x0000000000828a68                strnlen
 .text.strlen   0x0000000000828a90       0x1c lib/libmini.a(string.o)
                0x0000000000828a90                strlen
 .text.printf   0x0000000000828aac       0x44 lib/libmini.a(printf.o)
                0x0000000000828aac                printf
 .text.cons_rb_pull
                0x0000000000828af0       0x6c lib/libmini.a(console.o)
 .text.__cons_rb_append
                0x0000000000828b5c       0x70 lib/libmini.a(console.o)
 .text.cons_bind_uart
                0x0000000000828bcc       0x18 lib/libmini.a(console.o)
                0x0000000000828bcc                cons_bind_uart
 .text.cons_get_uart
                0x0000000000828be4       0x18 lib/libmini.a(console.o)
                0x0000000000828be4                cons_get_uart
 .text.cons_init
                0x0000000000828bfc       0x40 lib/libmini.a(console.o)
                0x0000000000828bfc                cons_init
 .text.cons_rb_flush
                0x0000000000828c3c       0x58 lib/libmini.a(console.o)
                0x0000000000828c3c                cons_rb_flush
 .text.cons_rb_append
                0x0000000000828c94       0xe0 lib/libmini.a(console.o)
                0x0000000000828c94                cons_rb_append
 .text.cons_puts
                0x0000000000828d74       0x74 lib/libmini.a(console.o)
                0x0000000000828d74                cons_puts
 .text.do_global_ctors
                0x0000000000828de8       0x2c lib/libmini.a(ctors.o)
                0x0000000000828de8                do_global_ctors
 .text.delay_us
                0x0000000000828e14       0x38 lib/libmini.a(delay.o)
                0x0000000000828e14                delay_us
 .text.delay_ms
                0x0000000000828e4c       0x40 lib/libmini.a(delay.o)
                0x0000000000828e4c                delay_ms
 .text          0x0000000000828e8c      0x130 lib/libmini.a(div64.o)
                0x0000000000828e8c                __do_div64
 .text          0x0000000000828fbc      0x3d4 lib/libmini.a(lib1funcs.o)
                0x0000000000828fbc                __udivsi3
                0x0000000000828fbc                __aeabi_uidiv
                0x00000000008290a4                __umodsi3
                0x0000000000829160                __aeabi_idiv
                0x0000000000829160                __divsi3
                0x0000000000829278                __modsi3
                0x000000000082934c                __aeabi_uidivmod
                0x0000000000829364                __aeabi_idivmod
                0x000000000082938c                __div0
 .text          0x0000000000829390      0x29c lib/libmini.a(memcpy.o)
                0x0000000000829390                memcpy
 *fill*         0x000000000082962c       0x14 00
 .text          0x0000000000829640       0xc0 lib/libmini.a(memset.o)
                0x0000000000829660                memset
 .text.sercomm_sendmsg
                0x0000000000829700       0x8c comm/libcomm.a(sercomm.o)
                0x0000000000829700                sercomm_sendmsg
 .text.sercomm_alloc_msgb.clone.2
                0x000000000082978c       0x38 comm/libcomm.a(sercomm.o)
 .text.sercomm_bind_uart
                0x00000000008297c4       0x10 comm/libcomm.a(sercomm.o)
                0x00000000008297c4                sercomm_bind_uart
 .text.sercomm_get_uart
                0x00000000008297d4       0x10 comm/libcomm.a(sercomm.o)
                0x00000000008297d4                sercomm_get_uart
 .text.sercomm_initialized
                0x00000000008297e4       0x10 comm/libcomm.a(sercomm.o)
                0x00000000008297e4                sercomm_initialized
 .text.sercomm_tx_queue_depth
                0x00000000008297f4       0x34 comm/libcomm.a(sercomm.o)
                0x00000000008297f4                sercomm_tx_queue_depth
 .text.sercomm_drv_pull
                0x0000000000829828      0x118 comm/libcomm.a(sercomm.o)
                0x0000000000829828                sercomm_drv_pull
 .text.sercomm_register_rx_cb
                0x0000000000829940       0x34 comm/libcomm.a(sercomm.o)
                0x0000000000829940                sercomm_register_rx_cb
 .text.sercomm_init
                0x0000000000829974       0x50 comm/libcomm.a(sercomm.o)
                0x0000000000829974                sercomm_init
 .text.sercomm_drv_rx_char
                0x00000000008299c4      0x1a8 comm/libcomm.a(sercomm.o)
                0x00000000008299c4                sercomm_drv_rx_char
 .text.raw_puts
                0x0000000000829b6c       0x38 comm/libcomm.a(sercomm_cons.o)
 .text.sercomm_puts
                0x0000000000829ba4      0x178 comm/libcomm.a(sercomm_cons.o)
                0x0000000000829ba4                sercomm_puts
 .text.sercomm_putchar
                0x0000000000829d1c       0x28 comm/libcomm.a(sercomm_cons.o)
                0x0000000000829d1c                sercomm_putchar
 .text.timer_irq
                0x0000000000829d44       0x18 comm/libcomm.a(timer.o)
 .text.osmo_timer_del
                0x0000000000829d5c       0x48 comm/libcomm.a(timer.o)
                0x0000000000829d5c                osmo_timer_del
 .text.osmo_timers_update
                0x0000000000829da4       0xdc comm/libcomm.a(timer.o)
                0x0000000000829da4                osmo_timers_update
 .text.timer_init
                0x0000000000829e80       0x6c comm/libcomm.a(timer.o)
                0x0000000000829e80                timer_init
 .text.msgb_alloc
                0x0000000000829eec       0x5c ../../shared/libosmocore/build-target/src/.libs/libosmocore.a(msgb.o)
                0x0000000000829eec                msgb_alloc
 .text.msgb_free
                0x0000000000829f48        0x4 ../../shared/libosmocore/build-target/src/.libs/libosmocore.a(msgb.o)
                0x0000000000829f48                msgb_free
 .text.msgb_enqueue
                0x0000000000829f4c       0x18 ../../shared/libosmocore/build-target/src/.libs/libosmocore.a(msgb.o)
                0x0000000000829f4c                msgb_enqueue
 .text.msgb_dequeue
                0x0000000000829f64       0x40 ../../shared/libosmocore/build-target/src/.libs/libosmocore.a(msgb.o)
                0x0000000000829f64                msgb_dequeue
 .text._osmo_hexdump
                0x0000000000829fa4       0x90 ../../shared/libosmocore/build-target/src/.libs/libosmocore.a(utils.o)
 .text.osmo_hexdump
                0x000000000082a034       0x1c ../../shared/libosmocore/build-target/src/.libs/libosmocore.a(utils.o)
                0x000000000082a034                osmo_hexdump
 .text.osmo_panic
                0x000000000082a050       0x4c ../../shared/libosmocore/build-target/src/.libs/libosmocore.a(panic.o)
                0x000000000082a050                osmo_panic
 .text.ms_pwr_dbm
                0x000000000082a09c       0xd0 ../../shared/libosmocore/build-target/src/gsm/.libs/libosmogsm.a(gsm_utils.o)
                0x000000000082a09c                ms_pwr_dbm
 .text.rxlev2dbm
                0x000000000082a16c       0x14 ../../shared/libosmocore/build-target/src/gsm/.libs/libosmogsm.a(gsm_utils.o)
                0x000000000082a16c                rxlev2dbm
 .text.dbm2rxlev
                0x000000000082a180       0x18 ../../shared/libosmocore/build-target/src/gsm/.libs/libosmogsm.a(gsm_utils.o)
                0x000000000082a180                dbm2rxlev
 .text.gsm_arfcn2band
                0x000000000082a198       0xd8 ../../shared/libosmocore/build-target/src/gsm/.libs/libosmogsm.a(gsm_utils.o)
                0x000000000082a198                gsm_arfcn2band
 .text.gsm_arfcn2freq10
                0x000000000082a270      0x168 ../../shared/libosmocore/build-target/src/gsm/.libs/libosmogsm.a(gsm_utils.o)
                0x000000000082a270                gsm_arfcn2freq10
 .text.gsm_fn2gsmtime
                0x000000000082a3d8       0x5c ../../shared/libosmocore/build-target/src/gsm/.libs/libosmogsm.a(gsm_utils.o)
                0x000000000082a3d8                gsm_fn2gsmtime
 .text.gsm_gsmtime2fn
                0x000000000082a434       0x38 ../../shared/libosmocore/build-target/src/gsm/.libs/libosmogsm.a(gsm_utils.o)
                0x000000000082a434                gsm_gsmtime2fn
 .text.dsp_bl_wait_ready
                0x000000000082a46c       0x18 calypso/libcalypso.a(dsp.o)
 .text.dsp_upload_sections_api
                0x000000000082a484       0x88 calypso/libcalypso.a(dsp.o)
 .text.dsp_pre_boot
                0x000000000082a50c       0x84 calypso/libcalypso.a(dsp.o)
 .text.dsp_dump_version
                0x000000000082a590       0x40 calypso/libcalypso.a(dsp.o)
                0x000000000082a590                dsp_dump_version
 .text.dsp_api_memset
                0x000000000082a5d0       0x2c calypso/libcalypso.a(dsp.o)
                0x000000000082a5d0                dsp_api_memset
 .text.dsp_memcpy_to_api
                0x000000000082a5fc       0x8c calypso/libcalypso.a(dsp.o)
                0x000000000082a5fc                dsp_memcpy_to_api
 .text.dsp_memcpy_from_api
                0x000000000082a688       0x94 calypso/libcalypso.a(dsp.o)
                0x000000000082a688                dsp_memcpy_from_api
 .text.dsp_power_on
                0x000000000082a71c      0x368 calypso/libcalypso.a(dsp.o)
                0x000000000082a71c                dsp_power_on
 .text.dsp_end_scenario
                0x000000000082aa84       0x38 calypso/libcalypso.a(dsp.o)
                0x000000000082aa84                dsp_end_scenario
 .text.dsp_load_rx_task
                0x000000000082aabc       0x2c calypso/libcalypso.a(dsp.o)
                0x000000000082aabc                dsp_load_rx_task
 .text.dsp_load_tx_task
                0x000000000082aae8       0x2c calypso/libcalypso.a(dsp.o)
                0x000000000082aae8                dsp_load_tx_task
 .text.dsp_load_tch_param
                0x000000000082ab14       0xd0 calypso/libcalypso.a(dsp.o)
                0x000000000082ab14                dsp_load_tch_param
 .text.dsp_load_ciph_param
                0x000000000082abe4       0x80 calypso/libcalypso.a(dsp.o)
                0x000000000082abe4                dsp_load_ciph_param
 .text._talloc_zero
                0x000000000082ac64       0xa0 comm/libcomm.a(msgb.o)
                0x000000000082ac64                _talloc_zero
 .text.talloc_free
                0x000000000082ad04        0xc comm/libcomm.a(msgb.o)
                0x000000000082ad04                talloc_free
 *(.ramtext*)
 *(.glue_7t)
 .glue_7t       0x0000000000000000        0x0 linker stubs
 *(.glue_7)
 .glue_7        0x0000000000000000        0x0 linker stubs
 *(.vfp11_veneer)
 .vfp11_veneer  0x0000000000000000        0x0 linker stubs
 *(.v4_bx)
 .v4_bx         0x0000000000000000        0x0 linker stubs
                0x000000000082ad10                . = ALIGN (0x4)
                0x0000000000820088                PROVIDE (_text_start, LOADADDR (.text))
                0x000000000082ad10                PROVIDE (_text_end, (LOADADDR (.text) + SIZEOF (.text)))

.ctors          0x000000000082ad10       0x18
                0x000000000082ad10        0x4 LONG 0x4 ((SIZEOF (.ctors) / 0x4) - 0x2)
 *(SORT(.ctors))
 .ctors         0x000000000082ad14        0x4 layer1/liblayer1.a(prim_rach.o)
 .ctors         0x000000000082ad18        0x4 layer1/liblayer1.a(prim_tx_nb.o)
 .ctors         0x000000000082ad1c        0x4 layer1/liblayer1.a(prim_fbsb.o)
 .ctors         0x000000000082ad20        0x4 layer1/liblayer1.a(prim_tch.o)
 *(SORT(.init_array))
                0x000000000082ad24        0x4 LONG 0x0
                0x000000000082ad10                PROVIDE (_ctor_start, LOADADDR (.ctors))
                0x000000000082ad28                PROVIDE (_ctor_end, (LOADADDR (.ctors) + SIZEOF (.ctors)))

.dtors          0x000000000082ad28        0x8
                0x000000000082ad28        0x4 LONG 0x0 ((SIZEOF (.dtors) / 0x4) - 0x2)
 *(SORT(.dtors))
                0x000000000082ad2c        0x4 LONG 0x0
                0x000000000082ad28                PROVIDE (_dtor_start, LOADADDR (.dtors))
                0x000000000082ad30                PROVIDE (_dtor_end, (LOADADDR (.dtors) + SIZEOF (.dtors)))
                0x000000000082ad30                . = ALIGN (0x4)

.rodata         0x000000000082ad30     0x2ecb
 *(.rodata*)
 .rodata.str1.1
                0x000000000082ad30       0xd3 apps/layer1/main.o
 *fill*         0x000000000082ae03        0x1 00
 .rodata        0x000000000082ae04       0x20 abb/twl3025.o
                0x000000000082ae04                twl3025_default_ramp
 .rodata.str1.1
                0x000000000082ae24       0x58 abb/twl3025.o
 .rodata.str1.1
                0x000000000082ae7c       0x19 rf/trf6151.o
 .rodata        0x000000000082ae95        0x1 board/compal/rffe_dualband.o
                0x000000000082ae95                system_inherent_gain
 *fill*         0x000000000082ae96        0x2 00
 .rodata        0x000000000082ae98       0x44 board/compal/rf_power.o
                0x000000000082ae98                dbm2apc_gsm900
                0x000000000082aed8                dbm2apc_gsm900_max
 .rodata        0x000000000082aedc       0x18 board/compal_e99/init.o
 .rodata        0x000000000082aef4      0x4bc fb/helvR08.o
                0x000000000082aef4                font_helvR08
 .rodata        0x000000000082b3b0      0x70c fb/helvB14.o
                0x000000000082b3b0                font_helvB14
 .rodata        0x000000000082babc      0x5b0 fb/c64.o
                0x000000000082babc                font_c64
 .rodata        0x000000000082c06c       0x9c fb/symbols.o
                0x000000000082c06c                font_symbols
 .rodata        0x000000000082c108       0x94 fb/fb_ssd1783.o
 .rodata.str1.1
                0x000000000082c19c       0x26 fb/fb_ssd1783.o
 .rodata.str1.1
                0x000000000082c1c2       0x40 calypso/libcalypso.a(clock.o)
 *fill*         0x000000000082c202        0x2 00
 .rodata        0x000000000082c204       0x18 calypso/libcalypso.a(irq.o)
 .rodata.str1.1
                0x000000000082c21c      0x124 calypso/libcalypso.a(sim.o)
 .rodata.str1.1
                0x000000000082c340       0x72 calypso/libcalypso.a(tpu.o)
 .rodata.str1.1
                0x000000000082c3b2       0x1c calypso/libcalypso.a(keypad.o)
 .rodata.str1.1
                0x000000000082c3ce       0xf9 calypso/libcalypso.a(misc.o)
                                         0xfc (size before relaxing)
 .rodata.str1.1
                0x000000000082c4c7       0x1f calypso/libcalypso.a(timer.o)
 *fill*         0x000000000082c4e6        0x2 00
 .rodata        0x000000000082c4e8       0x18 calypso/libcalypso.a(uart.o)
 .rodata.str1.1
                0x000000000082c500       0x61 calypso/libcalypso.a(uart.o)
 *fill*         0x000000000082c561        0x3 00
 .rodata        0x000000000082c564        0xc layer1/liblayer1.a(l23_api.o)
 .rodata.str1.1
                0x000000000082c570      0x319 layer1/liblayer1.a(l23_api.o)
                                        0x34e (size before relaxing)
 *fill*         0x000000000082c889        0x3 00
 .rodata        0x000000000082c88c      0x770 layer1/liblayer1.a(mframe_sched.o)
 .rodata        0x000000000082cffc       0x90 layer1/liblayer1.a(prim_pm.o)
                0x000000000082d044                neigh_pm_sched_set
 .rodata.str1.1
                0x000000000082d08c       0x39 layer1/liblayer1.a(prim_pm.o)
                                         0x6c (size before relaxing)
 *fill*         0x000000000082d0c5        0x3 00
 .rodata        0x000000000082d0c8       0x98 layer1/liblayer1.a(prim_rach.o)
                0x000000000082d118                rach_sched_set_ul
 .rodata        0x000000000082d160       0xb4 layer1/liblayer1.a(prim_tx_nb.o)
                0x000000000082d160                nb_sched_set_ul
 .rodata        0x000000000082d214       0xb4 layer1/liblayer1.a(prim_rx_nb.o)
                0x000000000082d214                nb_sched_set
 .rodata.str1.1
                0x000000000082d2c8       0x5a layer1/liblayer1.a(prim_rx_nb.o)
                                         0x8d (size before relaxing)
 *fill*         0x000000000082d322        0x2 00
 .rodata        0x000000000082d324      0x1c8 layer1/liblayer1.a(prim_fbsb.o)
 .rodata.str1.1
                0x000000000082d4ec      0x182 layer1/liblayer1.a(prim_fbsb.o)
                                        0x1c0 (size before relaxing)
 *fill*         0x000000000082d66e        0x2 00
 .rodata        0x000000000082d670       0x18 layer1/liblayer1.a(prim_freq.o)
                0x000000000082d670                freq_sched_set
 .rodata.str1.1
                0x000000000082d688       0x67 layer1/liblayer1.a(prim_freq.o)
 *fill*         0x000000000082d6ef        0x1 00
 .rodata        0x000000000082d6f0       0x18 layer1/liblayer1.a(prim_utils.o)
 .rodata        0x000000000082d708       0xd8 layer1/liblayer1.a(prim_tch.o)
                0x000000000082d708                tch_sched_set
                0x000000000082d750                tch_d_sched_set
                0x000000000082d798                tch_a_sched_set
 .rodata.str1.1
                0x000000000082d7e0       0x6e layer1/liblayer1.a(prim_tch.o)
                                         0xa1 (size before relaxing)
 .rodata.str1.1
                0x000000000082d84e       0x2f layer1/liblayer1.a(toa.o)
 .rodata.str1.1
                0x000000000082d87d       0x45 layer1/liblayer1.a(sync.o)
 .rodata.str1.1
                0x000000000082d8c2       0x5e layer1/liblayer1.a(tdma_sched.o)
 .rodata        0x000000000082d920        0xc layer1/liblayer1.a(tpu_window.o)
 .rodata        0x000000000082d92c       0x74 layer1/liblayer1.a(rfch.o)
 .rodata        0x000000000082d9a0       0x50 lib/libmini.a(vsprintf.o)
 .rodata.str1.1
                0x000000000082d9f0        0xb comm/libcomm.a(sercomm.o)
                                         0x71 (size before relaxing)
 .rodata.str1.1
                0x0000000000000000       0x3e comm/libcomm.a(sercomm_cons.o)
 .rodata.str1.1
                0x000000000082d9fb       0x14 ../../shared/libosmocore/build-target/src/.libs/libosmocore.a(utils.o)
                                         0x17 (size before relaxing)
 .rodata.str1.1
                0x000000000082da0f      0x1d3 calypso/libcalypso.a(dsp.o)
                                        0x1da (size before relaxing)
 .rodata.str1.1
                0x000000000082dbe2       0x19 comm/libcomm.a(msgb.o)
                0x000000000082ad30                PROVIDE (_rodata_start, LOADADDR (.rodata))
                0x000000000082dbfb                PROVIDE (_rodata_end, (LOADADDR (.rodata) + SIZEOF (.rodata)))

.rel.dyn        0x000000000082dbfc        0x0
 .rel.got       0x0000000000000000        0x0 ../../shared/libosmocore/build-target/src/.libs/libosmocore.a(msgb.o)
                0x000000000082dbfc                . = ALIGN (0x4)

.data           0x000000000082dbfc      0x3dc
 *(.data)
 .data          0x000000000082dbfc        0x4 apps/layer1/main.o
                0x000000000082dbfc                hr
 .data          0x000000000082dc00       0x1c rf/trf6151.o
                0x000000000082dc18                rf_arfcn
 .data          0x000000000082dc1c       0x10 fb/font.o
                0x000000000082dc1c                fb_fonts
 .data          0x000000000082dc2c       0x48 fb/fb_ssd1783.o
                0x000000000082dc2c                fb_rgb332
                0x000000000082dc30                framebuffer
 .data          0x000000000082dc74        0x4 calypso/libcalypso.a(tpu.o)
 .data          0x000000000082dc78        0x8 layer1/liblayer1.a(l23_api.o)
 .data          0x000000000082dc80       0x10 layer1/liblayer1.a(sched_gsmtime.o)
 .data          0x000000000082dc90       0x18 layer1/liblayer1.a(prim_utils.o)
 .data          0x000000000082dca8       0x18 layer1/liblayer1.a(afc.o)
 .data          0x000000000082dcc0       0x14 layer1/liblayer1.a(toa.o)
 .data          0x000000000082dcd4      0x100 lib/libmini.a(ctype.o)
                0x000000000082dcd4                _ctype
 .data          0x000000000082ddd4        0x8 comm/libcomm.a(timer.o)
 .data          0x000000000082dddc      0x1fc calypso/libcalypso.a(dsp.o)
                0x000000000082dddc                dsp_api
                0x000000000082dbfc                PROVIDE (_data_start, LOADADDR (.data))
                0x000000000082dfd8                PROVIDE (_data_end, (LOADADDR (.data) + SIZEOF (.data)))
                0x000000000082dfd8                . = ALIGN (0x4)

.got            0x000000000082dfd8       0x10
 *(.got)
 .got           0x000000000082dfd8        0x4 ../../shared/libosmocore/build-target/src/.libs/libosmocore.a(msgb.o)
 *(.got.plt)
 .got.plt       0x000000000082dfdc        0xc ../../shared/libosmocore/build-target/src/.libs/libosmocore.a(msgb.o)
                0x000000000082dfdc                _GLOBAL_OFFSET_TABLE_
 *(.igot.plt)
 *(.got)
 *(.igot)
                0x000000000082dfd8                PROVIDE (_got_start, LOADADDR (.got))
                0x000000000082dfe8                PROVIDE (_got_end, (LOADADDR (.got) + SIZEOF (.got)))

.bss            0x000000000082dfe8     0x7fb8
                0x000000000082dfe8                . = ALIGN (0x4)
                0x000000000082dfe8                __bss_start = .
 *(.bss)
 .bss           0x000000000082dfe8        0x4 apps/layer1/main.o
 .bss           0x000000000082dfec        0x4 abb/twl3025.o
 .bss           0x000000000082dff0        0x4 rf/trf6151.o
 .bss           0x000000000082dff4     0x19a8 fb/fb_ssd1783.o
 .bss           0x000000000082f99c       0x80 calypso/libcalypso.a(irq.o)
 .bss           0x000000000082fa1c        0x4 calypso/libcalypso.a(rtc.o)
 .bss           0x000000000082fa20      0x138 calypso/libcalypso.a(sim.o)
 .bss           0x000000000082fb58        0x2 calypso/libcalypso.a(tsp.o)
 *fill*         0x000000000082fb5a        0x2 00
 .bss           0x000000000082fb5c       0x28 calypso/libcalypso.a(keypad.o)
                0x000000000082fb68                lastbuttons
                0x000000000082fb6c                power_hold
 .bss           0x000000000082fb84        0x1 calypso/libcalypso.a(uart.o)
 *fill*         0x000000000082fb85        0x3 00
 .bss           0x000000000082fb88        0x4 layer1/liblayer1.a(l23_api.o)
                0x000000000082fb88                l1a_l23_tx_cb
 .bss           0x000000000082fb8c      0x140 layer1/liblayer1.a(sched_gsmtime.o)
 .bss           0x000000000082fccc        0x4 layer1/liblayer1.a(prim_tx_nb.o)
 .bss           0x000000000082fcd0       0x2c layer1/liblayer1.a(prim_rx_nb.o)
 .bss           0x000000000082fcfc       0x34 layer1/liblayer1.a(prim_fbsb.o)
 .bss           0x000000000082fd30       0x78 layer1/liblayer1.a(prim_tch.o)
 .bss           0x000000000082fda8        0x4 layer1/liblayer1.a(sync.o)
 .bss           0x000000000082fdac      0x400 lib/libmini.a(printf.o)
 .bss           0x00000000008301ac     0x1010 lib/libmini.a(console.o)
 .bss           0x00000000008311bc      0x62c comm/libcomm.a(sercomm.o)
 .bss           0x00000000008317e8        0x4 comm/libcomm.a(sercomm_cons.o)
 .bss           0x00000000008317ec     0x1100 ../../shared/libosmocore/build-target/src/.libs/libosmocore.a(utils.o)
 .bss           0x00000000008328ec        0x4 ../../shared/libosmocore/build-target/src/.libs/libosmocore.a(panic.o)
 .bss           0x00000000008328f0     0x2980 comm/libcomm.a(msgb.o)
 COMMON         0x0000000000835270        0x8 layer1/liblayer1.a(prim_rach.o)
                0x0000000000835270                last_rach
 COMMON         0x0000000000835278      0xd20 layer1/liblayer1.a(sync.o)
                0x0000000000835278                l1s
 COMMON         0x0000000000835f98        0x4 comm/libcomm.a(timer.o)
                0x0000000000835f98                jiffies
 COMMON         0x0000000000835f9c        0x4 ../../shared/libosmocore/build-target/src/.libs/libosmocore.a(msgb.o)
                0x0000000000835f9c                tall_msgb_ctx
                0x0000000000835fa0                . = ALIGN (0x4)
                0x0000000000835fa0                __bss_end = .
                0x000000000082dfe8                PROVIDE (_bss_start, __bss_start)
                0x0000000000835fa0                PROVIDE (_bss_end, __bss_end)
                0x0000000000835fa0                . = ALIGN (0x4)
                0x0000000000835fa0                _end = .
                0x0000000000835fa0                PROVIDE (end, .)
START GROUP
LOAD apps/layer1/main.o
LOAD abb/twl3025.o
LOAD rf/trf6151.o
LOAD flash/cfi_flash.o
LOAD board/common/calypso_uart.o
LOAD board/common/calypso_pwl.o
LOAD board/compal/rffe_dualband.o
LOAD board/compal/rf_power.o
LOAD board/compal_e99/init.o
LOAD battery/dummy.o
LOAD fb/framebuffer.o
LOAD fb/font.o
LOAD fb/helvR08.o
LOAD fb/helvB14.o
LOAD fb/c64.o
LOAD fb/symbols.o
LOAD fb/fb_rgb332.o
LOAD fb/fb_ssd1783.o
LOAD board/compal/start.ram.o
LOAD board/compal/exceptions_redirected.o
LOAD board/compal/handlers.o
LOAD board/compal_e99/layer1.highram.manifest.o
LOAD calypso/libcalypso.a
LOAD layer1/liblayer1.a
LOAD lib/libmini.a
LOAD comm/libcomm.a
LOAD ../../shared/libosmocore/build-target/src/.libs/libosmocore.a
LOAD ../../shared/libosmocore/build-target/src/gsm/.libs/libosmogsm.a
END GROUP
OUTPUT(board/compal_e99/layer1.highram.elf elf32-littlearm)

.debug_abbrev   0x0000000000000000     0x70d0
 .debug_abbrev  0x0000000000000000      0x229 apps/layer1/main.o
 .debug_abbrev  0x0000000000000229      0x2b1 abb/twl3025.o
 .debug_abbrev  0x00000000000004da      0x2df rf/trf6151.o
 .debug_abbrev  0x00000000000007b9      0x324 flash/cfi_flash.o
 .debug_abbrev  0x0000000000000add      0x121 board/compal/rffe_dualband.o
 .debug_abbrev  0x0000000000000bfe       0x72 board/compal/rf_power.o
 .debug_abbrev  0x0000000000000c70      0x15b board/compal_e99/init.o
 .debug_abbrev  0x0000000000000dcb       0x8c battery/dummy.o
 .debug_abbrev  0x0000000000000e57       0xc0 fb/framebuffer.o
 .debug_abbrev  0x0000000000000f17       0xd9 fb/font.o
 .debug_abbrev  0x0000000000000ff0       0xaf fb/helvR08.o
 .debug_abbrev  0x000000000000109f       0xaf fb/helvB14.o
 .debug_abbrev  0x000000000000114e       0xaf fb/c64.o
 .debug_abbrev  0x00000000000011fd       0x97 fb/symbols.o
 .debug_abbrev  0x0000000000001294      0x29f fb/fb_rgb332.o
 .debug_abbrev  0x0000000000001533      0x1bc fb/fb_ssd1783.o
 .debug_abbrev  0x00000000000016ef       0x40 board/compal_e99/layer1.highram.manifest.o
 .debug_abbrev  0x000000000000172f      0x154 calypso/libcalypso.a(clock.o)
 .debug_abbrev  0x0000000000001883       0x43 calypso/libcalypso.a(dma.o)
 .debug_abbrev  0x00000000000018c6      0x198 calypso/libcalypso.a(irq.o)
 .debug_abbrev  0x0000000000001a5e       0x8c calypso/libcalypso.a(rtc.o)
 .debug_abbrev  0x0000000000001aea      0x2e4 calypso/libcalypso.a(sim.o)
 .debug_abbrev  0x0000000000001dce       0xd0 calypso/libcalypso.a(spi.o)
 .debug_abbrev  0x0000000000001e9e      0x27c calypso/libcalypso.a(tpu.o)
 .debug_abbrev  0x000000000000211a      0x127 calypso/libcalypso.a(tsp.o)
 .debug_abbrev  0x0000000000002241      0x164 calypso/libcalypso.a(keypad.o)
 .debug_abbrev  0x00000000000023a5       0xaa calypso/libcalypso.a(misc.o)
 .debug_abbrev  0x000000000000244f      0x10b calypso/libcalypso.a(timer.o)
 .debug_abbrev  0x000000000000255a       0xaa calypso/libcalypso.a(backlight.o)
 .debug_abbrev  0x0000000000002604      0x1f6 calypso/libcalypso.a(uart.o)
 .debug_abbrev  0x00000000000027fa       0xf4 calypso/libcalypso.a(uwire.o)
 .debug_abbrev  0x00000000000028ee       0x78 calypso/libcalypso.a(arm.o)
 .debug_abbrev  0x0000000000002966       0x93 layer1/liblayer1.a(init.o)
 .debug_abbrev  0x00000000000029f9      0x468 layer1/liblayer1.a(l23_api.o)
 .debug_abbrev  0x0000000000002e61      0x271 layer1/liblayer1.a(mframe_sched.o)
 .debug_abbrev  0x00000000000030d2      0x1c5 layer1/liblayer1.a(sched_gsmtime.o)
 .debug_abbrev  0x0000000000003297      0x240 layer1/liblayer1.a(async.o)
 .debug_abbrev  0x00000000000034d7      0x332 layer1/liblayer1.a(prim_pm.o)
 .debug_abbrev  0x0000000000003809      0x2c5 layer1/liblayer1.a(prim_rach.o)
 .debug_abbrev  0x0000000000003ace      0x2dc layer1/liblayer1.a(prim_tx_nb.o)
 .debug_abbrev  0x0000000000003daa      0x2cb layer1/liblayer1.a(prim_rx_nb.o)
 .debug_abbrev  0x0000000000004075      0x3f2 layer1/liblayer1.a(prim_fbsb.o)
 .debug_abbrev  0x0000000000004467      0x1dc layer1/liblayer1.a(prim_freq.o)
 .debug_abbrev  0x0000000000004643      0x195 layer1/liblayer1.a(prim_utils.o)
 .debug_abbrev  0x00000000000047d8      0x42b layer1/liblayer1.a(prim_tch.o)
 .debug_abbrev  0x0000000000004c03       0xbf layer1/liblayer1.a(agc.o)
 .debug_abbrev  0x0000000000004cc2      0x1b3 layer1/liblayer1.a(afc.o)
 .debug_abbrev  0x0000000000004e75      0x1b8 layer1/liblayer1.a(toa.o)
 .debug_abbrev  0x000000000000502d      0x37e layer1/liblayer1.a(sync.o)
 .debug_abbrev  0x00000000000053ab      0x2c6 layer1/liblayer1.a(tdma_sched.o)
 .debug_abbrev  0x0000000000005671      0x262 layer1/liblayer1.a(tpu_window.o)
 .debug_abbrev  0x00000000000058d3      0x206 layer1/liblayer1.a(rfch.o)
 .debug_abbrev  0x0000000000005ad9       0xd6 layer1/liblayer1.a(apc.o)
 .debug_abbrev  0x0000000000005baf       0xea layer1/liblayer1.a(avg.o)
 .debug_abbrev  0x0000000000005c99      0x213 lib/libmini.a(vsprintf.o)
 .debug_abbrev  0x0000000000005eac       0xae lib/libmini.a(string.o)
 .debug_abbrev  0x0000000000005f5a       0x53 lib/libmini.a(ctype.o)
 .debug_abbrev  0x0000000000005fad       0xaf lib/libmini.a(printf.o)
 .debug_abbrev  0x000000000000605c      0x20b lib/libmini.a(console.o)
 .debug_abbrev  0x0000000000006267       0x7a lib/libmini.a(ctors.o)
 .debug_abbrev  0x00000000000062e1       0x81 lib/libmini.a(delay.o)
 .debug_abbrev  0x0000000000006362      0x350 comm/libcomm.a(sercomm.o)
 .debug_abbrev  0x00000000000066b2      0x24e comm/libcomm.a(sercomm_cons.o)
 .debug_abbrev  0x0000000000006900      0x237 comm/libcomm.a(timer.o)
 .debug_abbrev  0x0000000000006b37      0x410 calypso/libcalypso.a(dsp.o)
 .debug_abbrev  0x0000000000006f47      0x189 comm/libcomm.a(msgb.o)

.debug_info     0x0000000000000000    0x23f19
 .debug_info    0x0000000000000000      0x682 apps/layer1/main.o
 .debug_info    0x0000000000000682      0x784 abb/twl3025.o
 .debug_info    0x0000000000000e06      0xa18 rf/trf6151.o
 .debug_info    0x000000000000181e      0xa9e flash/cfi_flash.o
 .debug_info    0x00000000000022bc      0x2ab board/compal/rffe_dualband.o
 .debug_info    0x0000000000002567       0xce board/compal/rf_power.o
 .debug_info    0x0000000000002635      0x438 board/compal_e99/init.o
 .debug_info    0x0000000000002a6d       0xdb battery/dummy.o
 .debug_info    0x0000000000002b48      0x1f4 fb/framebuffer.o
 .debug_info    0x0000000000002d3c      0x275 fb/font.o
 .debug_info    0x0000000000002fb1      0x17f fb/helvR08.o
 .debug_info    0x0000000000003130      0x17f fb/helvB14.o
 .debug_info    0x00000000000032af      0x17f fb/c64.o
 .debug_info    0x000000000000342e      0x17c fb/symbols.o
 .debug_info    0x00000000000035aa      0x8fe fb/fb_rgb332.o
 .debug_info    0x0000000000003ea8      0x4d4 fb/fb_ssd1783.o
 .debug_info    0x000000000000437c       0x80 board/compal_e99/layer1.highram.manifest.o
 .debug_info    0x00000000000043fc      0x44d calypso/libcalypso.a(clock.o)
 .debug_info    0x0000000000004849       0x57 calypso/libcalypso.a(dma.o)
 .debug_info    0x00000000000048a0      0x480 calypso/libcalypso.a(irq.o)
 .debug_info    0x0000000000004d20      0x1d1 calypso/libcalypso.a(rtc.o)
 .debug_info    0x0000000000004ef1      0xb3e calypso/libcalypso.a(sim.o)
 .debug_info    0x0000000000005a2f      0x188 calypso/libcalypso.a(spi.o)
 .debug_info    0x0000000000005bb7      0x57d calypso/libcalypso.a(tpu.o)
 .debug_info    0x0000000000006134      0x35d calypso/libcalypso.a(tsp.o)
 .debug_info    0x0000000000006491      0x461 calypso/libcalypso.a(keypad.o)
 .debug_info    0x00000000000068f2      0x11c calypso/libcalypso.a(misc.o)
 .debug_info    0x0000000000006a0e      0x320 calypso/libcalypso.a(timer.o)
 .debug_info    0x0000000000006d2e       0xf9 calypso/libcalypso.a(backlight.o)
 .debug_info    0x0000000000006e27      0x719 calypso/libcalypso.a(uart.o)
 .debug_info    0x0000000000007540      0x16f calypso/libcalypso.a(uwire.o)
 .debug_info    0x00000000000076af       0x91 calypso/libcalypso.a(arm.o)
 .debug_info    0x0000000000007740      0x26c layer1/liblayer1.a(init.o)
 .debug_info    0x00000000000079ac     0x2144 layer1/liblayer1.a(l23_api.o)
 .debug_info    0x0000000000009af0      0xdb9 layer1/liblayer1.a(mframe_sched.o)
 .debug_info    0x000000000000a8a9      0x75d layer1/liblayer1.a(sched_gsmtime.o)
 .debug_info    0x000000000000b006      0xbdf layer1/liblayer1.a(async.o)
 .debug_info    0x000000000000bbe5     0x207c layer1/liblayer1.a(prim_pm.o)
 .debug_info    0x000000000000dc61     0x1ddc layer1/liblayer1.a(prim_rach.o)
 .debug_info    0x000000000000fa3d     0x1d6c layer1/liblayer1.a(prim_tx_nb.o)
 .debug_info    0x00000000000117a9     0x205e layer1/liblayer1.a(prim_rx_nb.o)
 .debug_info    0x0000000000013807     0x246b layer1/liblayer1.a(prim_fbsb.o)
 .debug_info    0x0000000000015c72      0x976 layer1/liblayer1.a(prim_freq.o)
 .debug_info    0x00000000000165e8      0x902 layer1/liblayer1.a(prim_utils.o)
 .debug_info    0x0000000000016eea     0x2823 layer1/liblayer1.a(prim_tch.o)
 .debug_info    0x000000000001970d      0x12c layer1/liblayer1.a(agc.o)
 .debug_info    0x0000000000019839     0x147b layer1/liblayer1.a(afc.o)
 .debug_info    0x000000000001acb4      0x892 layer1/liblayer1.a(toa.o)
 .debug_info    0x000000000001b546     0x211d layer1/liblayer1.a(sync.o)
 .debug_info    0x000000000001d663      0xc14 layer1/liblayer1.a(tdma_sched.o)
 .debug_info    0x000000000001e277      0xabd layer1/liblayer1.a(tpu_window.o)
 .debug_info    0x000000000001ed34      0x913 layer1/liblayer1.a(rfch.o)
 .debug_info    0x000000000001f647      0x1ab layer1/liblayer1.a(apc.o)
 .debug_info    0x000000000001f7f2      0x198 layer1/liblayer1.a(avg.o)
 .debug_info    0x000000000001f98a      0x9fa lib/libmini.a(vsprintf.o)
 .debug_info    0x0000000000020384      0x131 lib/libmini.a(string.o)
 .debug_info    0x00000000000204b5       0x63 lib/libmini.a(ctype.o)
 .debug_info    0x0000000000020518      0x109 lib/libmini.a(printf.o)
 .debug_info    0x0000000000020621      0x3a5 lib/libmini.a(console.o)
 .debug_info    0x00000000000209c6       0xab lib/libmini.a(ctors.o)
 .debug_info    0x0000000000020a71       0x9a lib/libmini.a(delay.o)
 .debug_info    0x0000000000020b0b      0x949 comm/libcomm.a(sercomm.o)
 .debug_info    0x0000000000021454      0x589 comm/libcomm.a(sercomm_cons.o)
 .debug_info    0x00000000000219dd      0x5ca comm/libcomm.a(timer.o)
 .debug_info    0x0000000000021fa7     0x1c47 calypso/libcalypso.a(dsp.o)
 .debug_info    0x0000000000023bee      0x32b comm/libcomm.a(msgb.o)

.debug_line     0x0000000000000000     0x73c0
 .debug_line    0x0000000000000000      0x1e8 apps/layer1/main.o
 .debug_line    0x00000000000001e8      0x2c8 abb/twl3025.o
 .debug_line    0x00000000000004b0      0x374 rf/trf6151.o
 .debug_line    0x0000000000000824      0x1e0 flash/cfi_flash.o
 .debug_line    0x0000000000000a04      0x19f board/compal/rffe_dualband.o
 .debug_line    0x0000000000000ba3       0x93 board/compal/rf_power.o
 .debug_line    0x0000000000000c36      0x168 board/compal_e99/init.o
 .debug_line    0x0000000000000d9e       0x5c battery/dummy.o
 .debug_line    0x0000000000000dfa       0x9e fb/framebuffer.o
 .debug_line    0x0000000000000e98       0xba fb/font.o
 .debug_line    0x0000000000000f52       0x9d fb/helvR08.o
 .debug_line    0x0000000000000fef       0x9d fb/helvB14.o
 .debug_line    0x000000000000108c       0x99 fb/c64.o
 .debug_line    0x0000000000001125       0x9d fb/symbols.o
 .debug_line    0x00000000000011c2      0x2c5 fb/fb_rgb332.o
 .debug_line    0x0000000000001487      0x185 fb/fb_ssd1783.o
 .debug_line    0x000000000000160c       0x31 board/compal_e99/layer1.highram.manifest.o
 .debug_line    0x000000000000163d      0x1a1 calypso/libcalypso.a(clock.o)
 .debug_line    0x00000000000017de       0x3f calypso/libcalypso.a(dma.o)
 .debug_line    0x000000000000181d      0x18f calypso/libcalypso.a(irq.o)
 .debug_line    0x00000000000019ac       0x6f calypso/libcalypso.a(rtc.o)
 .debug_line    0x0000000000001a1b      0x36d calypso/libcalypso.a(sim.o)
 .debug_line    0x0000000000001d88       0xe5 calypso/libcalypso.a(spi.o)
 .debug_line    0x0000000000001e6d      0x279 calypso/libcalypso.a(tpu.o)
 .debug_line    0x00000000000020e6      0x189 calypso/libcalypso.a(tsp.o)
 .debug_line    0x000000000000226f      0x199 calypso/libcalypso.a(keypad.o)
 .debug_line    0x0000000000002408       0x8c calypso/libcalypso.a(misc.o)
 .debug_line    0x0000000000002494      0x15a calypso/libcalypso.a(timer.o)
 .debug_line    0x00000000000025ee       0xc8 calypso/libcalypso.a(backlight.o)
 .debug_line    0x00000000000026b6      0x290 calypso/libcalypso.a(uart.o)
 .debug_line    0x0000000000002946      0x10e calypso/libcalypso.a(uwire.o)
 .debug_line    0x0000000000002a54       0x4f calypso/libcalypso.a(arm.o)
 .debug_line    0x0000000000002aa3       0x96 layer1/liblayer1.a(init.o)
 .debug_line    0x0000000000002b39      0x555 layer1/liblayer1.a(l23_api.o)
 .debug_line    0x000000000000308e      0x229 layer1/liblayer1.a(mframe_sched.o)
 .debug_line    0x00000000000032b7      0x24d layer1/liblayer1.a(sched_gsmtime.o)
 .debug_line    0x0000000000003504      0x287 layer1/liblayer1.a(async.o)
 .debug_line    0x000000000000378b      0x2e2 layer1/liblayer1.a(prim_pm.o)
 .debug_line    0x0000000000003a6d      0x253 layer1/liblayer1.a(prim_rach.o)
 .debug_line    0x0000000000003cc0      0x26a layer1/liblayer1.a(prim_tx_nb.o)
 .debug_line    0x0000000000003f2a      0x2dd layer1/liblayer1.a(prim_rx_nb.o)
 .debug_line    0x0000000000004207      0x42b layer1/liblayer1.a(prim_fbsb.o)
 .debug_line    0x0000000000004632      0x190 layer1/liblayer1.a(prim_freq.o)
 .debug_line    0x00000000000047c2      0x186 layer1/liblayer1.a(prim_utils.o)
 .debug_line    0x0000000000004948      0x53e layer1/liblayer1.a(prim_tch.o)
 .debug_line    0x0000000000004e86       0xc9 layer1/liblayer1.a(agc.o)
 .debug_line    0x0000000000004f4f      0x180 layer1/liblayer1.a(afc.o)
 .debug_line    0x00000000000050cf      0x18b layer1/liblayer1.a(toa.o)
 .debug_line    0x000000000000525a      0x397 layer1/liblayer1.a(sync.o)
 .debug_line    0x00000000000055f1      0x2e6 layer1/liblayer1.a(tdma_sched.o)
 .debug_line    0x00000000000058d7      0x299 layer1/liblayer1.a(tpu_window.o)
 .debug_line    0x0000000000005b70      0x19c layer1/liblayer1.a(rfch.o)
 .debug_line    0x0000000000005d0c       0xf2 layer1/liblayer1.a(apc.o)
 .debug_line    0x0000000000005dfe       0xd3 layer1/liblayer1.a(avg.o)
 .debug_line    0x0000000000005ed1      0x577 lib/libmini.a(vsprintf.o)
 .debug_line    0x0000000000006448       0xb6 lib/libmini.a(string.o)
 .debug_line    0x00000000000064fe       0x3f lib/libmini.a(ctype.o)
 .debug_line    0x000000000000653d       0x84 lib/libmini.a(printf.o)
 .debug_line    0x00000000000065c1      0x149 lib/libmini.a(console.o)
 .debug_line    0x000000000000670a       0x47 lib/libmini.a(ctors.o)
 .debug_line    0x0000000000006751       0x66 lib/libmini.a(delay.o)
 .debug_line    0x00000000000067b7      0x2c2 comm/libcomm.a(sercomm.o)
 .debug_line    0x0000000000006a79      0x19d comm/libcomm.a(sercomm_cons.o)
 .debug_line    0x0000000000006c16      0x1ad comm/libcomm.a(timer.o)
 .debug_line    0x0000000000006dc3      0x4f8 calypso/libcalypso.a(dsp.o)
 .debug_line    0x00000000000072bb      0x105 comm/libcomm.a(msgb.o)

.debug_loc      0x0000000000000000     0xa1fb
 .debug_loc     0x0000000000000000      0x115 apps/layer1/main.o
 .debug_loc     0x0000000000000115      0x413 abb/twl3025.o
 .debug_loc     0x0000000000000528      0x784 rf/trf6151.o
 .debug_loc     0x0000000000000cac      0x5a0 flash/cfi_flash.o
 .debug_loc     0x000000000000124c      0x153 board/compal/rffe_dualband.o
 .debug_loc     0x000000000000139f       0x9e board/compal_e99/init.o
 .debug_loc     0x000000000000143d       0x4f fb/font.o
 .debug_loc     0x000000000000148c      0x746 fb/fb_rgb332.o
 .debug_loc     0x0000000000001bd2      0x157 fb/fb_ssd1783.o
 .debug_loc     0x0000000000001d29      0x297 calypso/libcalypso.a(clock.o)
 .debug_loc     0x0000000000001fc0      0x215 calypso/libcalypso.a(irq.o)
 .debug_loc     0x00000000000021d5       0x20 calypso/libcalypso.a(rtc.o)
 .debug_loc     0x00000000000021f5      0x420 calypso/libcalypso.a(sim.o)
 .debug_loc     0x0000000000002615      0x155 calypso/libcalypso.a(spi.o)
 .debug_loc     0x000000000000276a      0x31e calypso/libcalypso.a(tpu.o)
 .debug_loc     0x0000000000002a88      0x153 calypso/libcalypso.a(tsp.o)
 .debug_loc     0x0000000000002bdb      0x174 calypso/libcalypso.a(keypad.o)
 .debug_loc     0x0000000000002d4f       0xfa calypso/libcalypso.a(misc.o)
 .debug_loc     0x0000000000002e49      0x154 calypso/libcalypso.a(timer.o)
 .debug_loc     0x0000000000002f9d       0x44 calypso/libcalypso.a(backlight.o)
 .debug_loc     0x0000000000002fe1      0x4b2 calypso/libcalypso.a(uart.o)
 .debug_loc     0x0000000000003493       0xef calypso/libcalypso.a(uwire.o)
 .debug_loc     0x0000000000003582       0x20 layer1/liblayer1.a(init.o)
 .debug_loc     0x00000000000035a2      0xbb0 layer1/liblayer1.a(l23_api.o)
 .debug_loc     0x0000000000004152      0x1d9 layer1/liblayer1.a(mframe_sched.o)
 .debug_loc     0x000000000000432b      0x6d7 layer1/liblayer1.a(sched_gsmtime.o)
 .debug_loc     0x0000000000004a02      0x1cc layer1/liblayer1.a(async.o)
 .debug_loc     0x0000000000004bce      0x347 layer1/liblayer1.a(prim_pm.o)
 .debug_loc     0x0000000000004f15      0x19c layer1/liblayer1.a(prim_rach.o)
 .debug_loc     0x00000000000050b1      0x22c layer1/liblayer1.a(prim_tx_nb.o)
 .debug_loc     0x00000000000052dd      0x35d layer1/liblayer1.a(prim_rx_nb.o)
 .debug_loc     0x000000000000563a      0x586 layer1/liblayer1.a(prim_fbsb.o)
 .debug_loc     0x0000000000005bc0       0xdb layer1/liblayer1.a(prim_freq.o)
 .debug_loc     0x0000000000005c9b       0x13 layer1/liblayer1.a(prim_utils.o)
 .debug_loc     0x0000000000005cae      0xb7c layer1/liblayer1.a(prim_tch.o)
 .debug_loc     0x000000000000682a       0x82 layer1/liblayer1.a(agc.o)
 .debug_loc     0x00000000000068ac       0xf2 layer1/liblayer1.a(afc.o)
 .debug_loc     0x000000000000699e       0xce layer1/liblayer1.a(toa.o)
 .debug_loc     0x0000000000006a6c      0x37b layer1/liblayer1.a(sync.o)
 .debug_loc     0x0000000000006de7      0x4eb layer1/liblayer1.a(tdma_sched.o)
 .debug_loc     0x00000000000072d2      0x292 layer1/liblayer1.a(tpu_window.o)
 .debug_loc     0x0000000000007564      0x195 layer1/liblayer1.a(rfch.o)
 .debug_loc     0x00000000000076f9       0xa0 layer1/liblayer1.a(apc.o)
 .debug_loc     0x0000000000007799       0x6e layer1/liblayer1.a(avg.o)
 .debug_loc     0x0000000000007807     0x1604 lib/libmini.a(vsprintf.o)
 .debug_loc     0x0000000000008e0b       0x8b lib/libmini.a(string.o)
 .debug_loc     0x0000000000008e96       0x4a lib/libmini.a(printf.o)
 .debug_loc     0x0000000000008ee0      0x23b lib/libmini.a(console.o)
 .debug_loc     0x000000000000911b       0x7b lib/libmini.a(ctors.o)
 .debug_loc     0x0000000000009196       0xa9 lib/libmini.a(delay.o)
 .debug_loc     0x000000000000923f      0x2fc comm/libcomm.a(sercomm.o)
 .debug_loc     0x000000000000953b      0x2ea comm/libcomm.a(sercomm_cons.o)
 .debug_loc     0x0000000000009825      0x291 comm/libcomm.a(timer.o)
 .debug_loc     0x0000000000009ab6      0x6ce calypso/libcalypso.a(dsp.o)
 .debug_loc     0x000000000000a184       0x77 comm/libcomm.a(msgb.o)

.debug_pubnames
                0x0000000000000000     0x1add
 .debug_pubnames
                0x0000000000000000       0x22 apps/layer1/main.o
 .debug_pubnames
                0x0000000000000022      0x13c abb/twl3025.o
 .debug_pubnames
                0x000000000000015e      0x164 rf/trf6151.o
 .debug_pubnames
                0x00000000000002c2       0xa6 flash/cfi_flash.o
 .debug_pubnames
                0x0000000000000368       0xd6 board/compal/rffe_dualband.o
 .debug_pubnames
                0x000000000000043e       0x3c board/compal/rf_power.o
 .debug_pubnames
                0x000000000000047a       0x21 board/compal_e99/init.o
 .debug_pubnames
                0x000000000000049b       0x3a battery/dummy.o
 .debug_pubnames
                0x00000000000004d5       0x34 fb/font.o
 .debug_pubnames
                0x0000000000000509       0x23 fb/helvR08.o
 .debug_pubnames
                0x000000000000052c       0x23 fb/helvB14.o
 .debug_pubnames
                0x000000000000054f       0x1f fb/c64.o
 .debug_pubnames
                0x000000000000056e       0x23 fb/symbols.o
 .debug_pubnames
                0x0000000000000591       0x64 fb/fb_rgb332.o
 .debug_pubnames
                0x00000000000005f5       0x30 fb/fb_ssd1783.o
 .debug_pubnames
                0x0000000000000625       0x6d board/compal_e99/layer1.highram.manifest.o
 .debug_pubnames
                0x0000000000000692       0xd0 calypso/libcalypso.a(clock.o)
 .debug_pubnames
                0x0000000000000762       0x1f calypso/libcalypso.a(dma.o)
 .debug_pubnames
                0x0000000000000781       0x95 calypso/libcalypso.a(irq.o)
 .debug_pubnames
                0x0000000000000816       0x1f calypso/libcalypso.a(rtc.o)
 .debug_pubnames
                0x0000000000000835       0xe9 calypso/libcalypso.a(sim.o)
 .debug_pubnames
                0x000000000000091e       0x2c calypso/libcalypso.a(spi.o)
 .debug_pubnames
                0x000000000000094a      0x12d calypso/libcalypso.a(tpu.o)
 .debug_pubnames
                0x0000000000000a77       0x9a calypso/libcalypso.a(tsp.o)
 .debug_pubnames
                0x0000000000000b11       0x8a calypso/libcalypso.a(keypad.o)
 .debug_pubnames
                0x0000000000000b9b       0x41 calypso/libcalypso.a(misc.o)
 .debug_pubnames
                0x0000000000000bdc       0x8a calypso/libcalypso.a(timer.o)
 .debug_pubnames
                0x0000000000000c66       0x2f calypso/libcalypso.a(backlight.o)
 .debug_pubnames
                0x0000000000000c95       0xa3 calypso/libcalypso.a(uart.o)
 .debug_pubnames
                0x0000000000000d38       0x30 calypso/libcalypso.a(uwire.o)
 .debug_pubnames
                0x0000000000000d68       0x47 calypso/libcalypso.a(arm.o)
 .debug_pubnames
                0x0000000000000daf       0x22 layer1/liblayer1.a(init.o)
 .debug_pubnames
                0x0000000000000dd1       0xac layer1/liblayer1.a(l23_api.o)
 .debug_pubnames
                0x0000000000000e7d       0x83 layer1/liblayer1.a(mframe_sched.o)
 .debug_pubnames
                0x0000000000000f00       0x6d layer1/liblayer1.a(sched_gsmtime.o)
 .debug_pubnames
                0x0000000000000f6d       0xfa layer1/liblayer1.a(async.o)
 .debug_pubnames
                0x0000000000001067       0x39 layer1/liblayer1.a(prim_pm.o)
 .debug_pubnames
                0x00000000000010a0       0x47 layer1/liblayer1.a(prim_rach.o)
 .debug_pubnames
                0x00000000000010e7       0x36 layer1/liblayer1.a(prim_tx_nb.o)
 .debug_pubnames
                0x000000000000111d       0x23 layer1/liblayer1.a(prim_rx_nb.o)
 .debug_pubnames
                0x0000000000001140       0x33 layer1/liblayer1.a(prim_fbsb.o)
 .debug_pubnames
                0x0000000000001173       0x44 layer1/liblayer1.a(prim_freq.o)
 .debug_pubnames
                0x00000000000011b7       0x55 layer1/liblayer1.a(prim_utils.o)
 .debug_pubnames
                0x000000000000120c       0x4c layer1/liblayer1.a(prim_tch.o)
 .debug_pubnames
                0x0000000000001258       0x3c layer1/liblayer1.a(agc.o)
 .debug_pubnames
                0x0000000000001294       0x4f layer1/liblayer1.a(afc.o)
 .debug_pubnames
                0x00000000000012e3       0x2e layer1/liblayer1.a(toa.o)
 .debug_pubnames
                0x0000000000001311       0xeb layer1/liblayer1.a(sync.o)
 .debug_pubnames
                0x00000000000013fc       0xbb layer1/liblayer1.a(tdma_sched.o)
 .debug_pubnames
                0x00000000000014b7       0x60 layer1/liblayer1.a(tpu_window.o)
 .debug_pubnames
                0x0000000000001517       0x26 layer1/liblayer1.a(rfch.o)
 .debug_pubnames
                0x000000000000153d       0x41 layer1/liblayer1.a(apc.o)
 .debug_pubnames
                0x000000000000157e       0x3b layer1/liblayer1.a(avg.o)
 .debug_pubnames
                0x00000000000015b9       0xb3 lib/libmini.a(vsprintf.o)
 .debug_pubnames
                0x000000000000166c       0x29 lib/libmini.a(string.o)
 .debug_pubnames
                0x0000000000001695       0x1d lib/libmini.a(ctype.o)
 .debug_pubnames
                0x00000000000016b2       0x1d lib/libmini.a(printf.o)
 .debug_pubnames
                0x00000000000016cf       0x89 lib/libmini.a(console.o)
 .debug_pubnames
                0x0000000000001758       0x26 lib/libmini.a(ctors.o)
 .debug_pubnames
                0x000000000000177e       0x2c lib/libmini.a(delay.o)
 .debug_pubnames
                0x00000000000017aa       0xdd comm/libcomm.a(sercomm.o)
 .debug_pubnames
                0x0000000000001887       0x37 comm/libcomm.a(sercomm_cons.o)
 .debug_pubnames
                0x00000000000018be       0xaf comm/libcomm.a(timer.o)
 .debug_pubnames
                0x000000000000196d      0x12b calypso/libcalypso.a(dsp.o)
 .debug_pubnames
                0x0000000000001a98       0x45 comm/libcomm.a(msgb.o)

.debug_pubtypes
                0x0000000000000000     0x2d5d
 .debug_pubtypes
                0x0000000000000000       0x8f apps/layer1/main.o
 .debug_pubtypes
                0x000000000000008f       0xa2 abb/twl3025.o
 .debug_pubtypes
                0x0000000000000131       0xa3 rf/trf6151.o
 .debug_pubtypes
                0x00000000000001d4      0x109 flash/cfi_flash.o
 .debug_pubtypes
                0x00000000000002dd       0x5f board/compal/rffe_dualband.o
 .debug_pubtypes
                0x000000000000033c       0x1e board/compal/rf_power.o
 .debug_pubtypes
                0x000000000000035a       0xb7 board/compal_e99/init.o
 .debug_pubtypes
                0x0000000000000411       0x35 battery/dummy.o
 .debug_pubtypes
                0x0000000000000446       0x4b fb/framebuffer.o
 .debug_pubtypes
                0x0000000000000491       0x4e fb/font.o
 .debug_pubtypes
                0x00000000000004df       0x42 fb/helvR08.o
 .debug_pubtypes
                0x0000000000000521       0x42 fb/helvB14.o
 .debug_pubtypes
                0x0000000000000563       0x42 fb/c64.o
 .debug_pubtypes
                0x00000000000005a5       0x42 fb/symbols.o
 .debug_pubtypes
                0x00000000000005e7       0x88 fb/fb_rgb332.o
 .debug_pubtypes
                0x000000000000066f       0x9d fb/fb_ssd1783.o
 .debug_pubtypes
                0x000000000000070c       0x97 calypso/libcalypso.a(clock.o)
 .debug_pubtypes
                0x00000000000007a3       0x1e calypso/libcalypso.a(dma.o)
 .debug_pubtypes
                0x00000000000007c1       0x6a calypso/libcalypso.a(irq.o)
 .debug_pubtypes
                0x000000000000082b       0x29 calypso/libcalypso.a(rtc.o)
 .debug_pubtypes
                0x0000000000000854       0x6c calypso/libcalypso.a(sim.o)
 .debug_pubtypes
                0x00000000000008c0       0x45 calypso/libcalypso.a(spi.o)
 .debug_pubtypes
                0x0000000000000905       0x89 calypso/libcalypso.a(tpu.o)
 .debug_pubtypes
                0x000000000000098e       0x6a calypso/libcalypso.a(tsp.o)
 .debug_pubtypes
                0x00000000000009f8       0x72 calypso/libcalypso.a(keypad.o)
 .debug_pubtypes
                0x0000000000000a6a       0x12 calypso/libcalypso.a(misc.o)
 .debug_pubtypes
                0x0000000000000a7c       0x6d calypso/libcalypso.a(timer.o)
 .debug_pubtypes
                0x0000000000000ae9       0x37 calypso/libcalypso.a(backlight.o)
 .debug_pubtypes
                0x0000000000000b20       0x7c calypso/libcalypso.a(uart.o)
 .debug_pubtypes
                0x0000000000000b9c       0x3a calypso/libcalypso.a(uwire.o)
 .debug_pubtypes
                0x0000000000000bd6       0x40 layer1/liblayer1.a(init.o)
 .debug_pubtypes
                0x0000000000000c16      0x35a layer1/liblayer1.a(l23_api.o)
 .debug_pubtypes
                0x0000000000000f70      0x177 layer1/liblayer1.a(mframe_sched.o)
 .debug_pubtypes
                0x00000000000010e7       0x91 layer1/liblayer1.a(sched_gsmtime.o)
 .debug_pubtypes
                0x0000000000001178      0x15a layer1/liblayer1.a(async.o)
 .debug_pubtypes
                0x00000000000012d2      0x1fd layer1/liblayer1.a(prim_pm.o)
 .debug_pubtypes
                0x00000000000014cf      0x1c6 layer1/liblayer1.a(prim_rach.o)
 .debug_pubtypes
                0x0000000000001695      0x1dd layer1/liblayer1.a(prim_tx_nb.o)
 .debug_pubtypes
                0x0000000000001872      0x226 layer1/liblayer1.a(prim_rx_nb.o)
 .debug_pubtypes
                0x0000000000001a98      0x22a layer1/liblayer1.a(prim_fbsb.o)
 .debug_pubtypes
                0x0000000000001cc2      0x143 layer1/liblayer1.a(prim_freq.o)
 .debug_pubtypes
                0x0000000000001e05      0x143 layer1/liblayer1.a(prim_utils.o)
 .debug_pubtypes
                0x0000000000001f48      0x264 layer1/liblayer1.a(prim_tch.o)
 .debug_pubtypes
                0x00000000000021ac       0x37 layer1/liblayer1.a(agc.o)
 .debug_pubtypes
                0x00000000000021e3       0xd3 layer1/liblayer1.a(afc.o)
 .debug_pubtypes
                0x00000000000022b6      0x158 layer1/liblayer1.a(toa.o)
 .debug_pubtypes
                0x000000000000240e      0x1ea layer1/liblayer1.a(sync.o)
 .debug_pubtypes
                0x00000000000025f8      0x12d layer1/liblayer1.a(tdma_sched.o)
 .debug_pubtypes
                0x0000000000002725      0x17d layer1/liblayer1.a(tpu_window.o)
 .debug_pubtypes
                0x00000000000028a2      0x13a layer1/liblayer1.a(rfch.o)
 .debug_pubtypes
                0x00000000000029dc       0x42 layer1/liblayer1.a(apc.o)
 .debug_pubtypes
                0x0000000000002a1e       0x3b layer1/liblayer1.a(avg.o)
 .debug_pubtypes
                0x0000000000002a59       0x3c lib/libmini.a(vsprintf.o)
 .debug_pubtypes
                0x0000000000002a95       0x1d lib/libmini.a(string.o)
 .debug_pubtypes
                0x0000000000002ab2       0x31 lib/libmini.a(printf.o)
 .debug_pubtypes
                0x0000000000002ae3       0x28 lib/libmini.a(console.o)
 .debug_pubtypes
                0x0000000000002b0b       0x7c comm/libcomm.a(sercomm.o)
 .debug_pubtypes
                0x0000000000002b87       0x54 comm/libcomm.a(sercomm_cons.o)
 .debug_pubtypes
                0x0000000000002bdb       0x40 comm/libcomm.a(timer.o)
 .debug_pubtypes
                0x0000000000002c1b       0xf2 calypso/libcalypso.a(dsp.o)
 .debug_pubtypes
                0x0000000000002d0d       0x50 comm/libcomm.a(msgb.o)

.debug_aranges  0x0000000000000000     0x1090
 .debug_aranges
                0x0000000000000000       0x30 apps/layer1/main.o
 .debug_aranges
                0x0000000000000030       0xa8 abb/twl3025.o
 .debug_aranges
                0x00000000000000d8       0xa8 rf/trf6151.o
 .debug_aranges
                0x0000000000000180       0x50 flash/cfi_flash.o
 .debug_aranges
                0x00000000000001d0       0x60 board/compal/rffe_dualband.o
 .debug_aranges
                0x0000000000000230       0x20 board/compal_e99/init.o
 .debug_aranges
                0x0000000000000250       0x20 battery/dummy.o
 .debug_aranges
                0x0000000000000270       0x20 fb/font.o
 .debug_aranges
                0x0000000000000290       0x50 fb/fb_rgb332.o
 .debug_aranges
                0x00000000000002e0       0x30 fb/fb_ssd1783.o
 .debug_aranges
                0x0000000000000310       0x68 calypso/libcalypso.a(clock.o)
 .debug_aranges
                0x0000000000000378       0x20 calypso/libcalypso.a(dma.o)
 .debug_aranges
                0x0000000000000398       0x60 calypso/libcalypso.a(irq.o)
 .debug_aranges
                0x00000000000003f8       0x28 calypso/libcalypso.a(rtc.o)
 .debug_aranges
                0x0000000000000420       0x68 calypso/libcalypso.a(sim.o)
 .debug_aranges
                0x0000000000000488       0x28 calypso/libcalypso.a(spi.o)
 .debug_aranges
                0x00000000000004b0       0x98 calypso/libcalypso.a(tpu.o)
 .debug_aranges
                0x0000000000000548       0x60 calypso/libcalypso.a(tsp.o)
 .debug_aranges
                0x00000000000005a8       0x48 calypso/libcalypso.a(keypad.o)
 .debug_aranges
                0x00000000000005f0       0x30 calypso/libcalypso.a(misc.o)
 .debug_aranges
                0x0000000000000620       0x58 calypso/libcalypso.a(timer.o)
 .debug_aranges
                0x0000000000000678       0x28 calypso/libcalypso.a(backlight.o)
 .debug_aranges
                0x00000000000006a0       0x90 calypso/libcalypso.a(uart.o)
 .debug_aranges
                0x0000000000000730       0x30 calypso/libcalypso.a(uwire.o)
 .debug_aranges
                0x0000000000000760       0x28 calypso/libcalypso.a(arm.o)
 .debug_aranges
                0x0000000000000788       0x20 layer1/liblayer1.a(init.o)
 .debug_aranges
                0x00000000000007a8       0x60 layer1/liblayer1.a(l23_api.o)
 .debug_aranges
                0x0000000000000808       0x48 layer1/liblayer1.a(mframe_sched.o)
 .debug_aranges
                0x0000000000000850       0x38 layer1/liblayer1.a(sched_gsmtime.o)
 .debug_aranges
                0x0000000000000888       0x70 layer1/liblayer1.a(async.o)
 .debug_aranges
                0x00000000000008f8       0x40 layer1/liblayer1.a(prim_pm.o)
 .debug_aranges
                0x0000000000000938       0x40 layer1/liblayer1.a(prim_rach.o)