Archive member included because of file (symbol)

calypso/libcalypso.a(clock.o)
                              apps/layer1/main.o (calypso_clk_dump)
calypso/libcalypso.a(dma.o)   board/compal_e86/init.o (dma_init)
calypso/libcalypso.a(irq.o)   abb/twl3025.o (irq_enable)
calypso/libcalypso.a(rtc.o)   board/compal_e86/init.o (rtc_init)
calypso/libcalypso.a(sim.o)   apps/layer1/main.o (sim_handler)
calypso/libcalypso.a(spi.o)   abb/twl3025.o (spi_init)
calypso/libcalypso.a(tpu.o)   apps/layer1/main.o (tpu_enable)
calypso/libcalypso.a(tsp.o)   abb/twl3025.o (tsp_write)
calypso/libcalypso.a(keypad.o)
                              board/compal_e86/init.o (keypad_init)
calypso/libcalypso.a(misc.o)  apps/layer1/main.o (dump_dev_id)
calypso/libcalypso.a(timer.o)
                              board/compal_e86/init.o (hwtimer_init)
calypso/libcalypso.a(backlight.o)
                              board/compal_e86/init.o (bl_mode_pwl)
calypso/libcalypso.a(uart.o)  board/compal_e86/init.o (uart_init)
calypso/libcalypso.a(uwire.o)
                              fb/fb_td014.o (uwire_init)
calypso/libcalypso.a(arm.o)   calypso/libcalypso.a(irq.o) (arm_enable_interrupts)
layer1/liblayer1.a(init.o)    apps/layer1/main.o (layer1_init)
layer1/liblayer1.a(l23_api.o)
                              calypso/libcalypso.a(sim.o) (l1_queue_for_l2)
layer1/liblayer1.a(mframe_sched.o)
                              layer1/liblayer1.a(l23_api.o) (mframe_enable)
layer1/liblayer1.a(sched_gsmtime.o)
                              layer1/liblayer1.a(l23_api.o) (sched_gsmtime_reset)
layer1/liblayer1.a(async.o)   layer1/liblayer1.a(l23_api.o) (l1a_txq_msgb_enq)
layer1/liblayer1.a(prim_pm.o)
                              layer1/liblayer1.a(l23_api.o) (l1s_pm_test)
layer1/liblayer1.a(prim_rach.o)
                              layer1/liblayer1.a(l23_api.o) (l1a_rach_req)
layer1/liblayer1.a(prim_tx_nb.o)
                              layer1/liblayer1.a(mframe_sched.o) (nb_sched_set_ul)
layer1/liblayer1.a(prim_rx_nb.o)
                              layer1/liblayer1.a(mframe_sched.o) (nb_sched_set)
layer1/liblayer1.a(prim_fbsb.o)
                              layer1/liblayer1.a(l23_api.o) (l1s_fbsb_req)
layer1/liblayer1.a(prim_freq.o)
                              layer1/liblayer1.a(l23_api.o) (l1a_freq_req)
layer1/liblayer1.a(prim_utils.o)
                              layer1/liblayer1.a(prim_tx_nb.o) (pu_get_idle_frame)
layer1/liblayer1.a(prim_tch.o)
                              layer1/liblayer1.a(mframe_sched.o) (tch_sched_set)
layer1/liblayer1.a(agc.o)     layer1/liblayer1.a(prim_pm.o) (agc_inp_dbm8_by_pm)
layer1/liblayer1.a(afc.o)     layer1/liblayer1.a(prim_fbsb.o) (afc_correct)
layer1/liblayer1.a(toa.o)     layer1/liblayer1.a(prim_rx_nb.o) (toa_input)
layer1/liblayer1.a(sync.o)    layer1/liblayer1.a(prim_fbsb.o) (l1s_time_inc)
layer1/liblayer1.a(tdma_sched.o)
                              layer1/liblayer1.a(prim_pm.o) (tdma_end_set)
layer1/liblayer1.a(tpu_window.o)
                              layer1/liblayer1.a(sync.o) (l1s_win_init)
layer1/liblayer1.a(rfch.o)    layer1/liblayer1.a(prim_tx_nb.o) (rfch_get_params)
layer1/liblayer1.a(apc.o)     layer1/liblayer1.a(sync.o) (apc_tx_pwrlvl2auxapc)
layer1/liblayer1.a(avg.o)     layer1/liblayer1.a(afc.o) (runavg_input)
lib/libmini.a(vsprintf.o)     apps/layer1/main.o (puts)
lib/libmini.a(string.o)       lib/libmini.a(vsprintf.o) (strnlen)
lib/libmini.a(ctype.o)        lib/libmini.a(vsprintf.o) (_ctype)
lib/libmini.a(printf.o)       apps/layer1/main.o (printf)
lib/libmini.a(console.o)      board/compal_e86/init.o (cons_bind_uart)
lib/libmini.a(ctors.o)        board/compal/start.ram.o (do_global_ctors)
lib/libmini.a(delay.o)        calypso/libcalypso.a(tpu.o) (delay_us)
lib/libmini.a(div64.o)        lib/libmini.a(vsprintf.o) (__do_div64)
lib/libmini.a(lib1funcs.o)    rf/trf6151.o (__udivsi3)
lib/libmini.a(memcpy.o)       calypso/libcalypso.a(sim.o) (memcpy)
lib/libmini.a(memset.o)       apps/layer1/main.o (memset)
comm/libcomm.a(sercomm.o)     layer1/liblayer1.a(l23_api.o) (sercomm_sendmsg)
comm/libcomm.a(sercomm_cons.o)
                              lib/libmini.a(vsprintf.o) (sercomm_puts)
comm/libcomm.a(timer.o)       calypso/libcalypso.a(keypad.o) (jiffies)
../../shared/libosmocore/build-target/src/.libs/libosmocore.a(msgb.o)
                              calypso/libcalypso.a(sim.o) (msgb_alloc)
../../shared/libosmocore/build-target/src/.libs/libosmocore.a(utils.o)
                              calypso/libcalypso.a(sim.o) (osmo_hexdump)
../../shared/libosmocore/build-target/src/.libs/libosmocore.a(panic.o)
                              calypso/libcalypso.a(sim.o) (osmo_panic)
../../shared/libosmocore/build-target/src/gsm/.libs/libosmogsm.a(gsm_utils.o)
                              layer1/liblayer1.a(apc.o) (ms_pwr_dbm)
calypso/libcalypso.a(dsp.o)   layer1/liblayer1.a(sync.o) (dsp_api_memset)
[...]
Memory Configuration

Name             Origin             Length             Attributes
LRAM             0x0000000000800000 0x0000000000010000 rw
IRAM             0x0000000000810000 0x0000000000030000 rw
*default*        0x0000000000000000 0xffffffffffffffff

Linker script and memory map

                0x0000000000800000                . = 0x800000

.compal.loader  0x0000000000800000      0x100
                0x0000000000000100                . = 0x100
 *fill*         0x0000000000800000      0x100 00

.compal.header  0x0000000000800100        0x4
                0x0000000000000004                . = 0x4
 *fill*         0x0000000000800100        0x4 00
                0x0000000000800104                . = ALIGN (0x4)

.text.start     0x0000000000800104       0x6c
                0x0000000000800104                PROVIDE (_start, .)
 *(.text.start)
 .text.start    0x0000000000800104       0x6c board/compal/start.ram.o
                0x0000000000800104                _start
 *(.text.start)

.text.exceptions
                0x000000000080001c       0x1c load address 0x0000000000800170
 *(.text.exceptions)
 .text.exceptions
                0x000000000080001c       0x1c board/compal/exceptions_redirected.o
 *(.text.exceptions)
                0x0000000000800038                . = ALIGN (0x4)
                0x0000000000800170                PROVIDE (_exceptions, LOADADDR (.text.exceptions))
                0x0000000000800038                . = ALIGN (0x4)

.text           0x000000000080018c     0xace4
 *(.text*)
 .text.tspact_toggle
                0x000000000080018c       0x44 apps/layer1/main.o
 .text.key_handler
                0x00000000008001d0       0xc4 apps/layer1/main.o
 .text.main     0x0000000000800294      0x174 apps/layer1/main.o
                0x0000000000800294                main
 .text.tpu_enq_at
                0x0000000000800408       0x34 abb/twl3025.o
 .text.tpu_enq_wait
                0x000000000080043c       0x14 abb/twl3025.o
 .text.twl3025_wait_ibic_access
                0x0000000000800450        0x8 abb/twl3025.o
 .text.twl3025_reg_write
                0x0000000000800458       0x58 abb/twl3025.o
                0x0000000000800458                twl3025_reg_write
 .text.twl3025_switch_page
                0x00000000008004b0       0x2c abb/twl3025.o
 .text.twl3025_tsp_write
                0x00000000008004dc       0x10 abb/twl3025.o
                0x00000000008004dc                twl3025_tsp_write
 .text.twl3025_reg_read
                0x00000000008004ec       0x74 abb/twl3025.o
                0x00000000008004ec                twl3025_reg_read
 .text.twl3025_power_off
                0x0000000000800560       0x30 abb/twl3025.o
                0x0000000000800560                twl3025_power_off
 .text.twl3025_irq
                0x0000000000800590       0x48 abb/twl3025.o
 .text.twl3025_clk13m
                0x00000000008005d8       0x38 abb/twl3025.o
                0x00000000008005d8                twl3025_clk13m
 .text.twl3025_downlink
                0x0000000000800610       0x98 abb/twl3025.o
                0x0000000000800610                twl3025_downlink
 .text.twl3025_uplink
                0x00000000008006a8       0xac abb/twl3025.o
                0x00000000008006a8                twl3025_uplink
 .text.twl3025_afc_set
                0x0000000000800754       0x64 abb/twl3025.o
                0x0000000000800754                twl3025_afc_set
 .text.twl3025_unit_enable
                0x00000000008007b8       0x6c abb/twl3025.o
                0x00000000008007b8                twl3025_unit_enable
 .text.twl3025_init
                0x0000000000800824       0x8c abb/twl3025.o
                0x0000000000800824                twl3025_init
 .text.twl3025_afcout_get
                0x00000000008008b0       0x14 abb/twl3025.o
                0x00000000008008b0                twl3025_afcout_get
 .text.tpu_enq_at
                0x00000000008008c4       0x34 rf/trf6151.o
 .text.tpu_enq_wait
                0x00000000008008f8       0x14 rf/trf6151.o
 .text.trf6151_reg_write
                0x000000000080090c       0x38 rf/trf6151.o
 .text.trf6151_set_gain_reg
                0x0000000000800944       0x64 rf/trf6151.o
                0x0000000000800944                trf6151_set_gain_reg
 .text.trf6151_set_gain
                0x00000000008009a8       0x74 rf/trf6151.o
                0x00000000008009a8                trf6151_set_gain
 .text.trf6151_power
                0x0000000000800a1c       0x64 rf/trf6151.o
                0x0000000000800a1c                trf6151_power
 .text.trf6151_init
                0x0000000000800a80       0x5c rf/trf6151.o
                0x0000000000800a80                trf6151_init
 .text.trf6151_set_mode
                0x0000000000800adc       0x34 rf/trf6151.o
                0x0000000000800adc                trf6151_set_mode
 .text.trf6151_set_arfcn
                0x0000000000800b10      0x21c rf/trf6151.o
                0x0000000000800b10                trf6151_set_arfcn
 .text.trf6151_get_gain
                0x0000000000800d2c       0x28 rf/trf6151.o
                0x0000000000800d2c                trf6151_get_gain
 .text.trf6151_rx_window
                0x0000000000800d54       0x54 rf/trf6151.o
                0x0000000000800d54                trf6151_rx_window
 .text.trf6151_tx_window
                0x0000000000800da8       0x44 rf/trf6151.o
                0x0000000000800da8                trf6151_tx_window
 .text.trf6151_compute_gain
                0x0000000000800dec       0x28 rf/trf6151.o
                0x0000000000800dec                trf6151_compute_gain
 .text.trf6151_iq_swapped
                0x0000000000800e14       0x30 rf/trf6151.o
                0x0000000000800e14                trf6151_iq_swapped
 .text          0x0000000000800e44       0xfc board/common/calypso_uart.o
                0x0000000000800e50                phex
                0x0000000000800e84                puts_asm
                0x0000000000800ec0                putchar_asm
                0x0000000000800ed0                memdump_asm
 .text.board_init
                0x0000000000800f40      0x1d8 board/compal_e86/init.o
                0x0000000000800f40                board_init
 .text.rffe_mode
                0x0000000000801118       0x44 board/compal_e86/rffe_dualband_e86.o
                0x0000000000801118                rffe_mode
 .text.rffe_get_rx_ports
                0x000000000080115c        0x8 board/compal_e86/rffe_dualband_e86.o
                0x000000000080115c                rffe_get_rx_ports
 .text.rffe_iq_swapped
                0x0000000000801164        0xc board/compal_e86/rffe_dualband_e86.o
                0x0000000000801164                rffe_iq_swapped
 .text.rffe_init
                0x0000000000801170       0x54 board/compal_e86/rffe_dualband_e86.o
                0x0000000000801170                rffe_init
 .text.rffe_get_gain
                0x00000000008011c4        0x4 board/compal_e86/rffe_dualband_e86.o
                0x00000000008011c4                rffe_get_gain
 .text.rffe_set_gain
                0x00000000008011c8        0x8 board/compal_e86/rffe_dualband_e86.o
                0x00000000008011c8                rffe_set_gain
 .text.rffe_compute_gain
                0x00000000008011d0       0x14 board/compal_e86/rffe_dualband_e86.o
                0x00000000008011d0                rffe_compute_gain
 .text.fb_font_get_char
                0x00000000008011e4       0x58 fb/font.o
                0x00000000008011e4                fb_font_get_char
 .text.fb_limit_fb_range
                0x000000000080123c       0x38 fb/fb_rgb332.o
 .text.fb_rgb332_update_damage
                0x0000000000801274       0xf0 fb/fb_rgb332.o
 .text.rgb_to_pixel
                0x0000000000801364       0x20 fb/fb_rgb332.o
 .text.fb_rgb332_clear
                0x0000000000801384       0x78 fb/fb_rgb332.o
                0x0000000000801384                fb_rgb332_clear
 .text.fb_rgb332_boxto
                0x00000000008013fc      0x14c fb/fb_rgb332.o
                0x00000000008013fc                fb_rgb332_boxto
 .text.fb_rgb332_lineto
                0x0000000000801548      0x128 fb/fb_rgb332.o
                0x0000000000801548                fb_rgb332_lineto
 .text.fb_rgb332_putstr
                0x0000000000801670      0x2a8 fb/fb_rgb332.o
                0x0000000000801670                fb_rgb332_putstr
 .text.fb_td014_send_cmdlist
                0x0000000000801918       0x4c fb/fb_td014.o
 .text.fb_td014_flush
                0x0000000000801964      0x1dc fb/fb_td014.o
 .text.fb_td014_init
                0x0000000000801b40       0x48 fb/fb_td014.o
 .text          0x0000000000801b88       0x90 board/compal/handlers.o
                0x0000000000801b88                handle_abort
                0x0000000000801bc8                irq_entry
                0x0000000000801bf0                fiq_entry
 .text.dump_reg16
                0x0000000000801c18       0x10 calypso/libcalypso.a(clock.o)
 .text.calypso_clk_dump
                0x0000000000801c28       0x6c calypso/libcalypso.a(clock.o)
                0x0000000000801c28                calypso_clk_dump
 .text.calypso_pll_set
                0x0000000000801c94       0x34 calypso/libcalypso.a(clock.o)
                0x0000000000801c94                calypso_pll_set
 .text.calypso_reset_set
                0x0000000000801cc8       0x28 calypso/libcalypso.a(clock.o)
                0x0000000000801cc8                calypso_reset_set
 .text.calypso_clock_set
                0x0000000000801cf0       0x70 calypso/libcalypso.a(clock.o)
                0x0000000000801cf0                calypso_clock_set
 .text.calypso_mem_cfg
                0x0000000000801d60       0x24 calypso/libcalypso.a(clock.o)
                0x0000000000801d60                calypso_mem_cfg
 .text.calypso_bootrom
                0x0000000000801d84       0x20 calypso/libcalypso.a(clock.o)
                0x0000000000801d84                calypso_bootrom
 .text.calypso_rhea_cfg
                0x0000000000801da4       0x4c calypso/libcalypso.a(clock.o)
                0x0000000000801da4                calypso_rhea_cfg
 .text.dma_init
                0x0000000000801df0       0x10 calypso/libcalypso.a(dma.o)
                0x0000000000801df0                dma_init
 .text._irq_enable
                0x0000000000801e00       0x40 calypso/libcalypso.a(irq.o)
 .text.irq_enable
                0x0000000000801e40        0x8 calypso/libcalypso.a(irq.o)
                0x0000000000801e40                irq_enable
 .text.irq_disable
                0x0000000000801e48        0x8 calypso/libcalypso.a(irq.o)
                0x0000000000801e48                irq_disable
 .text.irq_config
                0x0000000000801e50       0x48 calypso/libcalypso.a(irq.o)
                0x0000000000801e50                irq_config
 .text.irq      0x0000000000801e98       0x3c calypso/libcalypso.a(irq.o)
                0x0000000000801e98                irq
 .text.fiq      0x0000000000801ed4       0x3c calypso/libcalypso.a(irq.o)
                0x0000000000801ed4                fiq
 .text.irq_register_handler
                0x0000000000801f10       0x14 calypso/libcalypso.a(irq.o)
                0x0000000000801f10                irq_register_handler
 .text.calypso_exceptions_install
                0x0000000000801f24       0x34 calypso/libcalypso.a(irq.o)
                0x0000000000801f24                calypso_exceptions_install
 .text.irq_init
                0x0000000000801f58       0x5c calypso/libcalypso.a(irq.o)
                0x0000000000801f58                irq_init
 .text.rtc_irq_tick
                0x0000000000801fb4       0x18 calypso/libcalypso.a(rtc.o)
 .text.rtc_init
                0x0000000000801fcc       0x54 calypso/libcalypso.a(rtc.o)
                0x0000000000801fcc                rtc_init
 .text.sim_irq_handler
                0x0000000000802020       0xf0 calypso/libcalypso.a(sim.o)
                0x0000000000802020                sim_irq_handler
 .text.calypso_sim_receive
                0x0000000000802110       0x48 calypso/libcalypso.a(sim.o)
                0x0000000000802110                calypso_sim_receive
 .text.calypso_sim_transmit
                0x0000000000802158       0x54 calypso/libcalypso.a(sim.o)
                0x0000000000802158                calypso_sim_transmit
 .text.sim_apdu
                0x00000000008021ac       0x48 calypso/libcalypso.a(sim.o)
                0x00000000008021ac                sim_apdu
 .text.sim_handler
                0x00000000008021f4      0x49c calypso/libcalypso.a(sim.o)
                0x00000000008021f4                sim_handler
 .text.calypso_sim_init
                0x0000000000802690       0x34 calypso/libcalypso.a(sim.o)
                0x0000000000802690                calypso_sim_init
 .text.calypso_sim_powerup
                0x00000000008026c4       0x70 calypso/libcalypso.a(sim.o)
                0x00000000008026c4                calypso_sim_powerup
 .text.calypso_sim_powerdown
                0x0000000000802734       0x60 calypso/libcalypso.a(sim.o)
                0x0000000000802734                calypso_sim_powerdown
 .text.spi_init
                0x0000000000802794       0x1c calypso/libcalypso.a(spi.o)
                0x0000000000802794                spi_init
 .text.spi_xfer
                0x00000000008027b0      0x100 calypso/libcalypso.a(spi.o)
                0x00000000008027b0                spi_xfer
 .text.tpu_wait_ctrl_bit
                0x00000000008028b0       0x60 calypso/libcalypso.a(tpu.o)
 .text.tpu_reset
                0x0000000000802910       0x2c calypso/libcalypso.a(tpu.o)
                0x0000000000802910                tpu_reset
 .text.tpu_enable
                0x000000000080293c       0x34 calypso/libcalypso.a(tpu.o)
                0x000000000080293c                tpu_enable
 .text.tpu_clk_enable
                0x0000000000802970       0x2c calypso/libcalypso.a(tpu.o)
                0x0000000000802970                tpu_clk_enable
 .text.tpu_dsp_frameirq_enable
                0x000000000080299c       0x1c calypso/libcalypso.a(tpu.o)
                0x000000000080299c                tpu_dsp_frameirq_enable
 .text.tpu_rewind
                0x00000000008029b8       0x18 calypso/libcalypso.a(tpu.o)
                0x00000000008029b8                tpu_rewind
 .text.tpu_enqueue
                0x00000000008029d0       0x28 calypso/libcalypso.a(tpu.o)
                0x00000000008029d0                tpu_enqueue
 .text.tpu_init
                0x00000000008029f8       0x64 calypso/libcalypso.a(tpu.o)
                0x00000000008029f8                tpu_init
 .text.tpu_wait_idle
                0x0000000000802a5c       0x20 calypso/libcalypso.a(tpu.o)
                0x0000000000802a5c                tpu_wait_idle
 .text.tpu_frame_irq_en
                0x0000000000802a7c       0x30 calypso/libcalypso.a(tpu.o)
                0x0000000000802a7c                tpu_frame_irq_en
 .text.add_mod5000
                0x0000000000802aac       0x38 calypso/libcalypso.a(tpu.o)
                0x0000000000802aac                add_mod5000
 .text.tpu_enq_move
                0x0000000000802ae4       0x1c calypso/libcalypso.a(tsp.o)
 .text.tsp_write
                0x0000000000802b00       0xcc calypso/libcalypso.a(tsp.o)
                0x0000000000802b00                tsp_write
 .text.tsp_setup
                0x0000000000802bcc       0x40 calypso/libcalypso.a(tsp.o)
                0x0000000000802bcc                tsp_setup
 .text.tsp_act_update
                0x0000000000802c0c       0x50 calypso/libcalypso.a(tsp.o)
                0x0000000000802c0c                tsp_act_update
 .text.tsp_act_enable
                0x0000000000802c5c       0x1c calypso/libcalypso.a(tsp.o)
                0x0000000000802c5c                tsp_act_enable
 .text.tsp_act_disable
                0x0000000000802c78       0x14 calypso/libcalypso.a(tsp.o)
                0x0000000000802c78                tsp_act_disable
 .text.tsp_act_state
                0x0000000000802c8c       0x10 calypso/libcalypso.a(tsp.o)
                0x0000000000802c8c                tsp_act_state
 .text.tsp_act_toggle
                0x0000000000802c9c       0x1c calypso/libcalypso.a(tsp.o)
                0x0000000000802c9c                tsp_act_toggle
 .text.tsp_init
                0x0000000000802cb8        0x8 calypso/libcalypso.a(tsp.o)
                0x0000000000802cb8                tsp_init
 .text.keypad_irq
                0x0000000000802cc0       0x18 calypso/libcalypso.a(keypad.o)
 .text.emit_key
                0x0000000000802cd8       0x58 calypso/libcalypso.a(keypad.o)
                0x0000000000802cd8                emit_key
 .text.dispatch_buttons
                0x0000000000802d30       0xc4 calypso/libcalypso.a(keypad.o)
                0x0000000000802d30                dispatch_buttons
 .text.keypad_init
                0x0000000000802df4       0x6c calypso/libcalypso.a(keypad.o)
                0x0000000000802df4                keypad_init
 .text.keypad_set_handler
                0x0000000000802e60       0x10 calypso/libcalypso.a(keypad.o)
                0x0000000000802e60                keypad_set_handler
 .text.keypad_poll
                0x0000000000802e70      0x174 calypso/libcalypso.a(keypad.o)
                0x0000000000802e70                keypad_poll
 .text.dump_dev_id
                0x0000000000802fe4       0x8c calypso/libcalypso.a(misc.o)
                0x0000000000802fe4                dump_dev_id
 .text.wdog_irq
                0x0000000000803070        0xc calypso/libcalypso.a(timer.o)
 .text.hwtimer_enable
                0x000000000080307c       0x68 calypso/libcalypso.a(timer.o)
                0x000000000080307c                hwtimer_enable
 .text.hwtimer_config
                0x00000000008030e4       0x34 calypso/libcalypso.a(timer.o)
                0x00000000008030e4                hwtimer_config
 .text.hwtimer_load
                0x0000000000803118       0x28 calypso/libcalypso.a(timer.o)
                0x0000000000803118                hwtimer_load
 .text.hwtimer_read
                0x0000000000803140       0x54 calypso/libcalypso.a(timer.o)
                0x0000000000803140                hwtimer_read
 .text.hwtimer_init
                0x0000000000803194       0x1c calypso/libcalypso.a(timer.o)
                0x0000000000803194                hwtimer_init
 .text.wdog_enable
                0x00000000008031b0       0x5c calypso/libcalypso.a(timer.o)
                0x00000000008031b0                wdog_enable
 .text.bl_mode_pwl
                0x000000000080320c       0x3c calypso/libcalypso.a(backlight.o)
                0x000000000080320c                bl_mode_pwl
 .text.bl_level
                0x0000000000803248       0x34 calypso/libcalypso.a(backlight.o)
                0x0000000000803248                bl_level
 .text.uart_set_lcr7bit
                0x000000000080327c       0x2c calypso/libcalypso.a(uart.o)
 .text.uart_set_lcr_bf
                0x00000000008032a8       0x38 calypso/libcalypso.a(uart.o)
 .text.uart_set_mcr6bit
                0x00000000008032e0       0x2c calypso/libcalypso.a(uart.o)
 .text.uart_reg_write
                0x000000000080330c       0xa0 calypso/libcalypso.a(uart.o)
 .text.uart_reg_read
                0x00000000008033ac       0xa0 calypso/libcalypso.a(uart.o)
 .text.uart_irq_handler_cons
                0x000000000080344c       0x5c calypso/libcalypso.a(uart.o)
 .text.uart_irq_enable
                0x00000000008034a8       0x50 calypso/libcalypso.a(uart.o)
                0x00000000008034a8                uart_irq_enable
 .text.uart_init
                0x00000000008034f8      0x188 calypso/libcalypso.a(uart.o)
                0x00000000008034f8                uart_init
 .text.uart_putchar_wait
                0x0000000000803680       0x30 calypso/libcalypso.a(uart.o)
                0x0000000000803680                uart_putchar_wait
 .text.uart_putchar_nb
                0x00000000008036b0       0x30 calypso/libcalypso.a(uart.o)
                0x00000000008036b0                uart_putchar_nb
 .text.uart_getchar_nb
                0x00000000008036e0       0x88 calypso/libcalypso.a(uart.o)
                0x00000000008036e0                uart_getchar_nb
 .text.uart_tx_busy
                0x0000000000803768       0x20 calypso/libcalypso.a(uart.o)
                0x0000000000803768                uart_tx_busy
 .text.uart_irq_handler_sercomm
                0x0000000000803788      0x124 calypso/libcalypso.a(uart.o)
 .text.uart_baudrate
                0x00000000008038ac       0x68 calypso/libcalypso.a(uart.o)
                0x00000000008038ac                uart_baudrate
 .text._uwire_wait
                0x0000000000803914       0x1c calypso/libcalypso.a(uwire.o)
 .text.uwire_init
                0x0000000000803930       0x2c calypso/libcalypso.a(uwire.o)
                0x0000000000803930                uwire_init
 .text.uwire_xfer
                0x000000000080395c       0xf4 calypso/libcalypso.a(uwire.o)
                0x000000000080395c                uwire_xfer
 .text.arm_enable_interrupts
                0x0000000000803a50       0x10 calypso/libcalypso.a(arm.o)
                0x0000000000803a50                arm_enable_interrupts
 .text.layer1_init
                0x0000000000803a60       0x48 layer1/liblayer1.a(init.o)
                0x0000000000803a60                layer1_init
 .text.audio_set_enabled
                0x0000000000803aa8       0x4c layer1/liblayer1.a(l23_api.o)
 .text.msgb_put
                0x0000000000803af4       0x58 layer1/liblayer1.a(l23_api.o)
 .text.l1a_l23_rx
                0x0000000000803b4c       0x24 layer1/liblayer1.a(l23_api.o)
                0x0000000000803b4c                l1a_l23_rx
 .text.l1_queue_for_l2
                0x0000000000803b70       0x34 layer1/liblayer1.a(l23_api.o)
                0x0000000000803b70                l1_queue_for_l2
 .text.l1ctl_msgb_alloc
                0x0000000000803ba4       0x68 layer1/liblayer1.a(l23_api.o)
                0x0000000000803ba4                l1ctl_msgb_alloc
 .text.l1_create_l2_msg
                0x0000000000803c0c       0x78 layer1/liblayer1.a(l23_api.o)
                0x0000000000803c0c                l1_create_l2_msg
 .text.l1ctl_tx_reset
                0x0000000000803c84       0x2c layer1/liblayer1.a(l23_api.o)
                0x0000000000803c84                l1ctl_tx_reset
 .text.l1a_l23_handler
                0x0000000000803cb0      0x96c layer1/liblayer1.a(l23_api.o)
                0x0000000000803cb0                l1a_l23_handler
 .text.l1a_l23api_init
                0x000000000080461c       0x10 layer1/liblayer1.a(l23_api.o)
                0x000000000080461c                l1a_l23api_init
 .text.mframe_task2chan_nr
                0x000000000080462c      0x110 layer1/liblayer1.a(mframe_sched.o)
                0x000000000080462c                mframe_task2chan_nr
 .text.mframe_enable
                0x000000000080473c       0x1c layer1/liblayer1.a(mframe_sched.o)
                0x000000000080473c                mframe_enable
 .text.mframe_disable
                0x0000000000804758       0x1c layer1/liblayer1.a(mframe_sched.o)
                0x0000000000804758                mframe_disable
 .text.mframe_set
                0x0000000000804774       0x10 layer1/liblayer1.a(mframe_sched.o)
                0x0000000000804774                mframe_set
 .text.mframe_schedule
                0x0000000000804784      0x120 layer1/liblayer1.a(mframe_sched.o)
                0x0000000000804784                mframe_schedule
 .text.mframe_reset
                0x00000000008048a4       0x20 layer1/liblayer1.a(mframe_sched.o)
                0x00000000008048a4                mframe_reset
 .text.sched_gsmtime
                0x00000000008048c4       0xa8 layer1/liblayer1.a(sched_gsmtime.o)
                0x00000000008048c4                sched_gsmtime
 .text.sched_gsmtime_execute
                0x000000000080496c       0x84 layer1/liblayer1.a(sched_gsmtime.o)
                0x000000000080496c                sched_gsmtime_execute
 .text.sched_gsmtime_init
                0x00000000008049f0       0x50 layer1/liblayer1.a(sched_gsmtime.o)
                0x00000000008049f0                sched_gsmtime_init
 .text.sched_gsmtime_reset
                0x0000000000804a40       0x54 layer1/liblayer1.a(sched_gsmtime.o)
                0x0000000000804a40                sched_gsmtime_reset
 .text.l1a_txq_msgb_enq
                0x0000000000804a94       0x1c layer1/liblayer1.a(async.o)
                0x0000000000804a94                l1a_txq_msgb_enq
 .text.l1a_meas_msgb_set
                0x0000000000804ab0       0x38 layer1/liblayer1.a(async.o)
                0x0000000000804ab0                l1a_meas_msgb_set
 .text.l1a_txq_msgb_count
                0x0000000000804ae8       0x34 layer1/liblayer1.a(async.o)
                0x0000000000804ae8                l1a_txq_msgb_count
 .text.l1a_txq_msgb_flush
                0x0000000000804b1c       0x34 layer1/liblayer1.a(async.o)
                0x0000000000804b1c                l1a_txq_msgb_flush
 .text.l1a_mftask_set
                0x0000000000804b50        0x4 layer1/liblayer1.a(async.o)
                0x0000000000804b50                l1a_mftask_set
 .text.l1a_tch_mode_set
                0x0000000000804b54       0x3c layer1/liblayer1.a(async.o)
                0x0000000000804b54                l1a_tch_mode_set
 .text.l1a_audio_mode_set
                0x0000000000804b90       0x14 layer1/liblayer1.a(async.o)
                0x0000000000804b90                l1a_audio_mode_set
 .text.l1a_init
                0x0000000000804ba4        0x4 layer1/liblayer1.a(async.o)
                0x0000000000804ba4                l1a_init
 .text.l1a_compl_execute
                0x0000000000804ba8       0x50 layer1/liblayer1.a(async.o)
                0x0000000000804ba8                l1a_compl_execute
 .text.l1s_neigh_pm_resp
                0x0000000000804bf8      0x178 layer1/liblayer1.a(prim_pm.o)
 .text.l1s_pm_cmd
                0x0000000000804d70       0x50 layer1/liblayer1.a(prim_pm.o)
 .text.l1s_neigh_pm_cmd
                0x0000000000804dc0       0x7c layer1/liblayer1.a(prim_pm.o)
 .text.l1s_pm_test
                0x0000000000804e3c       0x30 layer1/liblayer1.a(prim_pm.o)
                0x0000000000804e3c                l1s_pm_test
 .text.l1s_pm_resp
                0x0000000000804e6c      0x210 layer1/liblayer1.a(prim_pm.o)
 .text.l1s_tx_rach_resp
                0x000000000080507c       0x44 layer1/liblayer1.a(prim_rach.o)
 .text.l1s_tx_rach_cmd
                0x00000000008050c0       0x80 layer1/liblayer1.a(prim_rach.o)
 .text.l1a_rach_compl
                0x0000000000805140       0x28 layer1/liblayer1.a(prim_rach.o)
 .text.l1a_rach_req
                0x0000000000805168       0xcc layer1/liblayer1.a(prim_rach.o)
                0x0000000000805168                l1a_rach_req
 .text.prim_rach_init
                0x0000000000805234       0x18 layer1/liblayer1.a(prim_rach.o)
 .text.l1s_tx_resp
                0x000000000080524c       0x4c layer1/liblayer1.a(prim_tx_nb.o)
 .text.l1s_tx_cmd
                0x0000000000805298      0x168 layer1/liblayer1.a(prim_tx_nb.o)
 .text.l1a_tx_nb_compl
                0x0000000000805400       0x28 layer1/liblayer1.a(prim_tx_nb.o)
 .text.prim_tx_nb_init
                0x0000000000805428       0x18 layer1/liblayer1.a(prim_tx_nb.o)
 .text.l1s_nb_resp
                0x0000000000805440      0x2e4 layer1/liblayer1.a(prim_rx_nb.o)
 .text.l1s_nb_cmd
                0x0000000000805724      0x180 layer1/liblayer1.a(prim_rx_nb.o)
 .text.l1ctl_fbsb_resp
                0x00000000008058a4       0xc0 layer1/liblayer1.a(prim_fbsb.o)
 .text.l1s_sbdet_resp
                0x0000000000805964      0x32c layer1/liblayer1.a(prim_fbsb.o)
 .text.l1s_sbdet_cmd
                0x0000000000805c90       0x54 layer1/liblayer1.a(prim_fbsb.o)
 .text.l1s_fbdet_cmd
                0x0000000000805ce4       0x6c layer1/liblayer1.a(prim_fbsb.o)
 .text.fbinfo2cellinfo.clone.0.clone.1
                0x0000000000805d50       0xec layer1/liblayer1.a(prim_fbsb.o)
 .text.l1s_fbdet_resp
                0x0000000000805e3c      0x328 layer1/liblayer1.a(prim_fbsb.o)
 .text.l1a_fb_compl
                0x0000000000806164       0x2c layer1/liblayer1.a(prim_fbsb.o)
 .text.l1s_fbsb_req
                0x0000000000806190       0xf4 layer1/liblayer1.a(prim_fbsb.o)
                0x0000000000806190                l1s_fbsb_req
 .text.l1s_prim_fbsb_init
                0x0000000000806284       0x18 layer1/liblayer1.a(prim_fbsb.o)
 .text.l1s_freq_cmd
                0x000000000080629c       0x50 layer1/liblayer1.a(prim_freq.o)
 .text.l1a_freq_req
                0x00000000008062ec       0xc0 layer1/liblayer1.a(prim_freq.o)
                0x00000000008062ec                l1a_freq_req
 .text.pu_get_idle_frame
                0x00000000008063ac        0xc layer1/liblayer1.a(prim_utils.o)
                0x00000000008063ac                pu_get_idle_frame
 .text.pu_update_rx_level
                0x00000000008063b8       0x18 layer1/liblayer1.a(prim_utils.o)
                0x00000000008063b8                pu_update_rx_level
 .text.pu_get_meas_frame
                0x00000000008063d0       0x30 layer1/liblayer1.a(prim_utils.o)
                0x00000000008063d0                pu_get_meas_frame
 .text.l1s_tch_d_resp
                0x0000000000806400       0x18 layer1/liblayer1.a(prim_tch.o)
 .text.__fswab32
                0x0000000000806418       0x14 layer1/liblayer1.a(prim_tch.o)
 .text.msgb_put
                0x000000000080642c       0x58 layer1/liblayer1.a(prim_tch.o)
 .text.dsp_task_iq_swap
                0x0000000000806484       0x24 layer1/liblayer1.a(prim_tch.o)
 .text.l1a_tx_tch_compl
                0x00000000008064a8       0x68 layer1/liblayer1.a(prim_tch.o)
 .text.tch_get_params.clone.0
                0x0000000000806510       0xdc layer1/liblayer1.a(prim_tch.o)
 .text.l1s_tch_a_resp
                0x00000000008065ec      0x280 layer1/liblayer1.a(prim_tch.o)
 .text.l1s_tch_d_cmd
                0x000000000080686c       0xb8 layer1/liblayer1.a(prim_tch.o)
 .text.l1s_tch_resp
                0x0000000000806924      0x47c layer1/liblayer1.a(prim_tch.o)
 .text.l1s_tch_a_cmd
                0x0000000000806da0      0x268 layer1/liblayer1.a(prim_tch.o)
 .text.l1s_tch_cmd
                0x0000000000807008      0x34c layer1/liblayer1.a(prim_tch.o)
 .text.prim_tch_init
                0x0000000000807354       0x18 layer1/liblayer1.a(prim_tch.o)
 .text.agc_inp_dbm8_by_pm
                0x000000000080736c       0x34 layer1/liblayer1.a(agc.o)
                0x000000000080736c                agc_inp_dbm8_by_pm
 .text.afc_correct
                0x00000000008073a0       0x7c layer1/liblayer1.a(afc.o)
                0x00000000008073a0                afc_correct
 .text.afc_ravg_output
                0x000000000080741c       0x18 layer1/liblayer1.a(afc.o)
 .text.afc_reset
                0x0000000000807434       0x18 layer1/liblayer1.a(afc.o)
                0x0000000000807434                afc_reset
 .text.afc_input
                0x000000000080744c       0x2c layer1/liblayer1.a(afc.o)
                0x000000000080744c                afc_input
 .text.afc_load_dsp
                0x0000000000807478       0x2c layer1/liblayer1.a(afc.o)
                0x0000000000807478                afc_load_dsp
 .text.toa_ravg_output
                0x00000000008074a4       0x30 layer1/liblayer1.a(toa.o)
 .text.toa_input
                0x00000000008074d4       0x48 layer1/liblayer1.a(toa.o)
                0x00000000008074d4                toa_input
 .text.toa_reset
                0x000000000080751c       0x1c layer1/liblayer1.a(toa.o)
                0x000000000080751c                toa_reset
 .text.l1s_abort_cmd
                0x0000000000807538       0x58 layer1/liblayer1.a(sync.o)
 .text.l1s_time_inc
                0x0000000000807590       0xc8 layer1/liblayer1.a(sync.o)
                0x0000000000807590                l1s_time_inc
 .text.frame_irq
                0x0000000000807658      0x178 layer1/liblayer1.a(sync.o)
 .text.l1s_time_dump
                0x00000000008077d0       0x2c layer1/liblayer1.a(sync.o)
                0x00000000008077d0                l1s_time_dump
 .text.l1s_snr_int
                0x00000000008077fc        0xc layer1/liblayer1.a(sync.o)
                0x00000000008077fc                l1s_snr_int
 .text.synchronize_tdma
                0x0000000000807808       0xa8 layer1/liblayer1.a(sync.o)
                0x0000000000807808                synchronize_tdma
 .text.l1s_reset_hw
                0x00000000008078b0       0x7c layer1/liblayer1.a(sync.o)
                0x00000000008078b0                l1s_reset_hw
 .text.l1s_compl_sched
                0x000000000080792c       0x2c layer1/liblayer1.a(sync.o)
                0x000000000080792c                l1s_compl_sched
 .text.l1s_dsp_abort
                0x0000000000807958       0x2c layer1/liblayer1.a(sync.o)
                0x0000000000807958                l1s_dsp_abort
 .text.l1s_tx_apc_helper
                0x0000000000807984       0x88 layer1/liblayer1.a(sync.o)
                0x0000000000807984                l1s_tx_apc_helper
 .text.l1s_reset
                0x0000000000807a0c       0x40 layer1/liblayer1.a(sync.o)
                0x0000000000807a0c                l1s_reset
 .text.l1s_init
                0x0000000000807a4c       0xa8 layer1/liblayer1.a(sync.o)
                0x0000000000807a4c                l1s_init
 .text.tdma_end_set
                0x0000000000807af4        0x8 layer1/liblayer1.a(tdma_sched.o)
                0x0000000000807af4                tdma_end_set
 .text.tdma_schedule
                0x0000000000807afc       0x98 layer1/liblayer1.a(tdma_sched.o)
                0x0000000000807afc                tdma_schedule
 .text.tdma_schedule_set
                0x0000000000807b94       0xf0 layer1/liblayer1.a(tdma_sched.o)
                0x0000000000807b94                tdma_schedule_set
 .text.tdma_sched_advance
                0x0000000000807c84       0x24 layer1/liblayer1.a(tdma_sched.o)
                0x0000000000807c84                tdma_sched_advance
 .text.tdma_sched_flag_scan
                0x0000000000807ca8       0x4c layer1/liblayer1.a(tdma_sched.o)
                0x0000000000807ca8                tdma_sched_flag_scan
 .text.tdma_sched_execute
                0x0000000000807cf4      0x170 layer1/liblayer1.a(tdma_sched.o)
                0x0000000000807cf4                tdma_sched_execute
 .text.tdma_sched_reset
                0x0000000000807e64       0x30 layer1/liblayer1.a(tdma_sched.o)
                0x0000000000807e64                tdma_sched_reset
 .text.tpu_enq_at
                0x0000000000807e94       0x34 layer1/liblayer1.a(tpu_window.o)
 .text._win_cleanup
                0x0000000000807ec8       0x64 layer1/liblayer1.a(tpu_window.o)
 .text._win_setup
                0x0000000000807f2c       0x98 layer1/liblayer1.a(tpu_window.o)
 .text.l1s_win_init
                0x0000000000807fc4       0x54 layer1/liblayer1.a(tpu_window.o)
                0x0000000000807fc4                l1s_win_init
 .text.l1s_rx_win_ctrl
                0x0000000000808018       0xbc layer1/liblayer1.a(tpu_window.o)
                0x0000000000808018                l1s_rx_win_ctrl
 .text.l1s_tx_win_ctrl
                0x00000000008080d4       0xb0 layer1/liblayer1.a(tpu_window.o)
                0x00000000008080d4                l1s_tx_win_ctrl
 .text.tpu_end_scenario
                0x0000000000808184       0x18 layer1/liblayer1.a(tpu_window.o)
                0x0000000000808184                tpu_end_scenario
 .text.rfch_get_params
                0x000000000080819c      0x140 layer1/liblayer1.a(rfch.o)
                0x000000000080819c                rfch_get_params
 .text.apc_tx_dbm2auxapc
                0x00000000008082dc       0x48 layer1/liblayer1.a(apc.o)
                0x00000000008082dc                apc_tx_dbm2auxapc
 .text.apc_tx_pwrlvl2auxapc
                0x0000000000808324       0x38 layer1/liblayer1.a(apc.o)
                0x0000000000808324                apc_tx_pwrlvl2auxapc
 .text.runavg_input
                0x000000000080835c       0x30 layer1/liblayer1.a(avg.o)
                0x000000000080835c                runavg_input
 .text.runavg_check_output
                0x000000000080838c       0x64 layer1/liblayer1.a(avg.o)
                0x000000000080838c                runavg_check_output
 .text.skip_atoi
                0x00000000008083f0       0x44 lib/libmini.a(vsprintf.o)
 .text.number   0x0000000000808434      0x254 lib/libmini.a(vsprintf.o)
 .text.vsnprintf
                0x0000000000808688      0x518 lib/libmini.a(vsprintf.o)
                0x0000000000808688                vsnprintf
 .text.snprintf
                0x0000000000808ba0       0x24 lib/libmini.a(vsprintf.o)
                0x0000000000808ba0                snprintf
 .text.puts     0x0000000000808bc4        0x4 lib/libmini.a(vsprintf.o)
                0x0000000000808bc4                puts
 .text.strnlen  0x0000000000808bc8       0x28 lib/libmini.a(string.o)
                0x0000000000808bc8                strnlen
 .text.strlen   0x0000000000808bf0       0x1c lib/libmini.a(string.o)
                0x0000000000808bf0                strlen
 .text.printf   0x0000000000808c0c       0x44 lib/libmini.a(printf.o)
                0x0000000000808c0c                printf
 .text.cons_rb_pull
                0x0000000000808c50       0x6c lib/libmini.a(console.o)
 .text.__cons_rb_append
                0x0000000000808cbc       0x70 lib/libmini.a(console.o)
 .text.cons_bind_uart
                0x0000000000808d2c       0x18 lib/libmini.a(console.o)
                0x0000000000808d2c                cons_bind_uart
 .text.cons_get_uart
                0x0000000000808d44       0x18 lib/libmini.a(console.o)
                0x0000000000808d44                cons_get_uart
 .text.cons_init
                0x0000000000808d5c       0x40 lib/libmini.a(console.o)
                0x0000000000808d5c                cons_init
 .text.cons_rb_flush
                0x0000000000808d9c       0x58 lib/libmini.a(console.o)
                0x0000000000808d9c                cons_rb_flush
 .text.cons_rb_append
                0x0000000000808df4       0xe0 lib/libmini.a(console.o)
                0x0000000000808df4                cons_rb_append
 .text.cons_puts
                0x0000000000808ed4       0x74 lib/libmini.a(console.o)
                0x0000000000808ed4                cons_puts
 .text.do_global_ctors
                0x0000000000808f48       0x2c lib/libmini.a(ctors.o)
                0x0000000000808f48                do_global_ctors
 .text.delay_us
                0x0000000000808f74       0x38 lib/libmini.a(delay.o)
                0x0000000000808f74                delay_us
 .text.delay_ms
                0x0000000000808fac       0x40 lib/libmini.a(delay.o)
                0x0000000000808fac                delay_ms
 .text          0x0000000000808fec      0x130 lib/libmini.a(div64.o)
                0x0000000000808fec                __do_div64
 .text          0x000000000080911c      0x3d4 lib/libmini.a(lib1funcs.o)
                0x000000000080911c                __udivsi3
                0x000000000080911c                __aeabi_uidiv
                0x0000000000809204                __umodsi3
                0x00000000008092c0                __aeabi_idiv
                0x00000000008092c0                __divsi3
                0x00000000008093d8                __modsi3
                0x00000000008094ac                __aeabi_uidivmod
                0x00000000008094c4                __aeabi_idivmod
                0x00000000008094ec                __div0
 .text          0x00000000008094f0      0x29c lib/libmini.a(memcpy.o)
                0x00000000008094f0                memcpy
 *fill*         0x000000000080978c       0x14 00
 .text          0x00000000008097a0       0xc0 lib/libmini.a(memset.o)
                0x00000000008097c0                memset
 .text.sercomm_sendmsg
                0x0000000000809860       0x8c comm/libcomm.a(sercomm.o)
                0x0000000000809860                sercomm_sendmsg
 .text.sercomm_alloc_msgb.clone.2
                0x00000000008098ec       0x38 comm/libcomm.a(sercomm.o)
 .text.sercomm_bind_uart
                0x0000000000809924       0x10 comm/libcomm.a(sercomm.o)
                0x0000000000809924                sercomm_bind_uart
 .text.sercomm_get_uart
                0x0000000000809934       0x10 comm/libcomm.a(sercomm.o)
                0x0000000000809934                sercomm_get_uart
 .text.sercomm_initialized
                0x0000000000809944       0x10 comm/libcomm.a(sercomm.o)
                0x0000000000809944                sercomm_initialized
 .text.sercomm_tx_queue_depth
                0x0000000000809954       0x34 comm/libcomm.a(sercomm.o)
                0x0000000000809954                sercomm_tx_queue_depth
 .text.sercomm_drv_pull
                0x0000000000809988      0x118 comm/libcomm.a(sercomm.o)
                0x0000000000809988                sercomm_drv_pull
 .text.sercomm_register_rx_cb
                0x0000000000809aa0       0x34 comm/libcomm.a(sercomm.o)
                0x0000000000809aa0                sercomm_register_rx_cb
 .text.sercomm_init
                0x0000000000809ad4       0x50 comm/libcomm.a(sercomm.o)
                0x0000000000809ad4                sercomm_init
 .text.sercomm_drv_rx_char
                0x0000000000809b24      0x1a8 comm/libcomm.a(sercomm.o)
                0x0000000000809b24                sercomm_drv_rx_char
 .text.raw_puts
                0x0000000000809ccc       0x38 comm/libcomm.a(sercomm_cons.o)
 .text.sercomm_puts
                0x0000000000809d04      0x178 comm/libcomm.a(sercomm_cons.o)
                0x0000000000809d04                sercomm_puts
 .text.sercomm_putchar
                0x0000000000809e7c       0x28 comm/libcomm.a(sercomm_cons.o)
                0x0000000000809e7c                sercomm_putchar
 .text.timer_irq
                0x0000000000809ea4       0x18 comm/libcomm.a(timer.o)
 .text.osmo_timer_del
                0x0000000000809ebc       0x48 comm/libcomm.a(timer.o)
                0x0000000000809ebc                osmo_timer_del
 .text.osmo_timers_update
                0x0000000000809f04       0xdc comm/libcomm.a(timer.o)
                0x0000000000809f04                osmo_timers_update
 .text.timer_init
                0x0000000000809fe0       0x6c comm/libcomm.a(timer.o)
                0x0000000000809fe0                timer_init
 .text.msgb_alloc
                0x000000000080a04c       0x5c ../../shared/libosmocore/build-target/src/.libs/libosmocore.a(msgb.o)
                0x000000000080a04c                msgb_alloc
 .text.msgb_free
                0x000000000080a0a8        0x4 ../../shared/libosmocore/build-target/src/.libs/libosmocore.a(msgb.o)
                0x000000000080a0a8                msgb_free
 .text.msgb_enqueue
                0x000000000080a0ac       0x18 ../../shared/libosmocore/build-target/src/.libs/libosmocore.a(msgb.o)
                0x000000000080a0ac                msgb_enqueue
 .text.msgb_dequeue
                0x000000000080a0c4       0x40 ../../shared/libosmocore/build-target/src/.libs/libosmocore.a(msgb.o)
                0x000000000080a0c4                msgb_dequeue
 .text._osmo_hexdump
                0x000000000080a104       0x90 ../../shared/libosmocore/build-target/src/.libs/libosmocore.a(utils.o)
 .text.osmo_hexdump
                0x000000000080a194       0x1c ../../shared/libosmocore/build-target/src/.libs/libosmocore.a(utils.o)
                0x000000000080a194                osmo_hexdump
 .text.osmo_panic
                0x000000000080a1b0       0x4c ../../shared/libosmocore/build-target/src/.libs/libosmocore.a(panic.o)
                0x000000000080a1b0                osmo_panic
 .text.ms_pwr_dbm
                0x000000000080a1fc       0xd0 ../../shared/libosmocore/build-target/src/gsm/.libs/libosmogsm.a(gsm_utils.o)
                0x000000000080a1fc                ms_pwr_dbm
 .text.rxlev2dbm
                0x000000000080a2cc       0x14 ../../shared/libosmocore/build-target/src/gsm/.libs/libosmogsm.a(gsm_utils.o)
                0x000000000080a2cc                rxlev2dbm
 .text.dbm2rxlev
                0x000000000080a2e0       0x18 ../../shared/libosmocore/build-target/src/gsm/.libs/libosmogsm.a(gsm_utils.o)
                0x000000000080a2e0                dbm2rxlev
 .text.gsm_arfcn2band
                0x000000000080a2f8       0xd8 ../../shared/libosmocore/build-target/src/gsm/.libs/libosmogsm.a(gsm_utils.o)
                0x000000000080a2f8                gsm_arfcn2band
 .text.gsm_arfcn2freq10
                0x000000000080a3d0      0x168 ../../shared/libosmocore/build-target/src/gsm/.libs/libosmogsm.a(gsm_utils.o)
                0x000000000080a3d0                gsm_arfcn2freq10
 .text.gsm_fn2gsmtime
                0x000000000080a538       0x5c ../../shared/libosmocore/build-target/src/gsm/.libs/libosmogsm.a(gsm_utils.o)
                0x000000000080a538                gsm_fn2gsmtime
 .text.gsm_gsmtime2fn
                0x000000000080a594       0x38 ../../shared/libosmocore/build-target/src/gsm/.libs/libosmogsm.a(gsm_utils.o)
                0x000000000080a594                gsm_gsmtime2fn
 .text.dsp_bl_wait_ready
                0x000000000080a5cc       0x18 calypso/libcalypso.a(dsp.o)
 .text.dsp_upload_sections_api
                0x000000000080a5e4       0x88 calypso/libcalypso.a(dsp.o)
 .text.dsp_pre_boot
                0x000000000080a66c       0x84 calypso/libcalypso.a(dsp.o)
 .text.dsp_dump_version
                0x000000000080a6f0       0x40 calypso/libcalypso.a(dsp.o)
                0x000000000080a6f0                dsp_dump_version
 .text.dsp_api_memset
                0x000000000080a730       0x2c calypso/libcalypso.a(dsp.o)
                0x000000000080a730                dsp_api_memset
 .text.dsp_memcpy_to_api
                0x000000000080a75c       0x8c calypso/libcalypso.a(dsp.o)
                0x000000000080a75c                dsp_memcpy_to_api
 .text.dsp_memcpy_from_api
                0x000000000080a7e8       0x94 calypso/libcalypso.a(dsp.o)
                0x000000000080a7e8                dsp_memcpy_from_api
 .text.dsp_power_on
                0x000000000080a87c      0x368 calypso/libcalypso.a(dsp.o)
                0x000000000080a87c                dsp_power_on
 .text.dsp_end_scenario
                0x000000000080abe4       0x38 calypso/libcalypso.a(dsp.o)
                0x000000000080abe4                dsp_end_scenario
 .text.dsp_load_rx_task
                0x000000000080ac1c       0x2c calypso/libcalypso.a(dsp.o)
                0x000000000080ac1c                dsp_load_rx_task
 .text.dsp_load_tx_task
                0x000000000080ac48       0x2c calypso/libcalypso.a(dsp.o)
                0x000000000080ac48                dsp_load_tx_task
 .text.dsp_load_tch_param
                0x000000000080ac74       0xd0 calypso/libcalypso.a(dsp.o)
                0x000000000080ac74                dsp_load_tch_param
 .text.dsp_load_ciph_param
                0x000000000080ad44       0x80 calypso/libcalypso.a(dsp.o)
                0x000000000080ad44                dsp_load_ciph_param
 .text._talloc_zero
                0x000000000080adc4       0xa0 comm/libcomm.a(msgb.o)
                0x000000000080adc4                _talloc_zero
 .text.talloc_free
                0x000000000080ae64        0xc comm/libcomm.a(msgb.o)
                0x000000000080ae64                talloc_free
 *(.ramtext*)
 *(.glue_7t)
 .glue_7t       0x0000000000000000        0x0 linker stubs
 *(.glue_7)
 .glue_7        0x0000000000000000        0x0 linker stubs
 *(.vfp11_veneer)
 .vfp11_veneer  0x0000000000000000        0x0 linker stubs
 *(.v4_bx)
 .v4_bx         0x0000000000000000        0x0 linker stubs
                0x000000000080ae70                . = ALIGN (0x4)
                0x000000000080018c                PROVIDE (_text_start, LOADADDR (.text))
                0x000000000080ae70                PROVIDE (_text_end, (LOADADDR (.text) + SIZEOF (.text)))

.ctors          0x000000000080ae70       0x18
                0x000000000080ae70        0x4 LONG 0x4 ((SIZEOF (.ctors) / 0x4) - 0x2)
 *(SORT(.ctors))
 .ctors         0x000000000080ae74        0x4 layer1/liblayer1.a(prim_rach.o)
 .ctors         0x000000000080ae78        0x4 layer1/liblayer1.a(prim_tx_nb.o)
 .ctors         0x000000000080ae7c        0x4 layer1/liblayer1.a(prim_fbsb.o)
 .ctors         0x000000000080ae80        0x4 layer1/liblayer1.a(prim_tch.o)
 *(SORT(.init_array))
                0x000000000080ae84        0x4 LONG 0x0
                0x000000000080ae70                PROVIDE (_ctor_start, LOADADDR (.ctors))
                0x000000000080ae88                PROVIDE (_ctor_end, (LOADADDR (.ctors) + SIZEOF (.ctors)))

.dtors          0x000000000080ae88        0x8
                0x000000000080ae88        0x4 LONG 0x0 ((SIZEOF (.dtors) / 0x4) - 0x2)
 *(SORT(.dtors))
                0x000000000080ae8c        0x4 LONG 0x0
                0x000000000080ae88                PROVIDE (_dtor_start, LOADADDR (.dtors))
                0x000000000080ae90                PROVIDE (_dtor_end, (LOADADDR (.dtors) + SIZEOF (.dtors)))
                0x000000000080ae90                . = ALIGN (0x4)

.rodata         0x000000000080ae90     0x2e6b
 *(.rodata*)
 .rodata.str1.1
                0x000000000080ae90       0xd3 apps/layer1/main.o
 *fill*         0x000000000080af63        0x1 00
 .rodata        0x000000000080af64       0x20 abb/twl3025.o
                0x000000000080af64                twl3025_default_ramp
 .rodata.str1.1
                0x000000000080af84       0x58 abb/twl3025.o
 .rodata.str1.1
                0x000000000080afdc       0x19 rf/trf6151.o
 *fill*         0x000000000080aff5        0x3 00
 .rodata        0x000000000080aff8       0x18 board/compal_e86/init.o
 .rodata        0x000000000080b010        0x1 board/compal_e86/rffe_dualband_e86.o
                0x000000000080b010                system_inherent_gain
 *fill*         0x000000000080b011        0x3 00
 .rodata        0x000000000080b014       0x44 board/compal/rf_power.o
                0x000000000080b014                dbm2apc_gsm900
                0x000000000080b054                dbm2apc_gsm900_max
 .rodata        0x000000000080b058      0x4bc fb/helvR08.o
                0x000000000080b058                font_helvR08
 .rodata        0x000000000080b514      0x70c fb/helvB14.o
                0x000000000080b514                font_helvB14
 .rodata        0x000000000080bc20      0x5b0 fb/c64.o
                0x000000000080bc20                font_c64
 .rodata        0x000000000080c1d0       0x9c fb/symbols.o
                0x000000000080c1d0                font_symbols
 .rodata        0x000000000080c26c       0x30 fb/fb_td014.o
 .rodata.str1.1
                0x000000000080c29c       0x26 fb/fb_td014.o
 .rodata.str1.1
                0x000000000080c2c2       0x40 calypso/libcalypso.a(clock.o)
 *fill*         0x000000000080c302        0x2 00
 .rodata        0x000000000080c304       0x18 calypso/libcalypso.a(irq.o)
 .rodata.str1.1
                0x000000000080c31c      0x124 calypso/libcalypso.a(sim.o)
 .rodata.str1.1
                0x000000000080c440       0x72 calypso/libcalypso.a(tpu.o)
 .rodata.str1.1
                0x000000000080c4b2       0x1c calypso/libcalypso.a(keypad.o)
 .rodata.str1.1
                0x000000000080c4ce       0xf9 calypso/libcalypso.a(misc.o)
                                         0xfc (size before relaxing)
 .rodata.str1.1
                0x000000000080c5c7       0x1f calypso/libcalypso.a(timer.o)
 *fill*         0x000000000080c5e6        0x2 00
 .rodata        0x000000000080c5e8       0x18 calypso/libcalypso.a(uart.o)
 .rodata.str1.1
                0x000000000080c600       0x61 calypso/libcalypso.a(uart.o)
 *fill*         0x000000000080c661        0x3 00
 .rodata        0x000000000080c664        0xc layer1/liblayer1.a(l23_api.o)
 .rodata.str1.1
                0x000000000080c670      0x319 layer1/liblayer1.a(l23_api.o)
                                        0x34e (size before relaxing)
 *fill*         0x000000000080c989        0x3 00
 .rodata        0x000000000080c98c      0x770 layer1/liblayer1.a(mframe_sched.o)
 .rodata        0x000000000080d0fc       0x90 layer1/liblayer1.a(prim_pm.o)
                0x000000000080d144                neigh_pm_sched_set
 .rodata.str1.1
                0x000000000080d18c       0x39 layer1/liblayer1.a(prim_pm.o)
                                         0x6c (size before relaxing)
 *fill*         0x000000000080d1c5        0x3 00
 .rodata        0x000000000080d1c8       0x98 layer1/liblayer1.a(prim_rach.o)
                0x000000000080d218                rach_sched_set_ul
 .rodata        0x000000000080d260       0xb4 layer1/liblayer1.a(prim_tx_nb.o)
                0x000000000080d260                nb_sched_set_ul
 .rodata        0x000000000080d314       0xb4 layer1/liblayer1.a(prim_rx_nb.o)
                0x000000000080d314                nb_sched_set
 .rodata.str1.1
                0x000000000080d3c8       0x5a layer1/liblayer1.a(prim_rx_nb.o)
                                         0x8d (size before relaxing)
 *fill*         0x000000000080d422        0x2 00
 .rodata        0x000000000080d424      0x1c8 layer1/liblayer1.a(prim_fbsb.o)
 .rodata.str1.1
                0x000000000080d5ec      0x182 layer1/liblayer1.a(prim_fbsb.o)
                                        0x1c0 (size before relaxing)
 *fill*         0x000000000080d76e        0x2 00
 .rodata        0x000000000080d770       0x18 layer1/liblayer1.a(prim_freq.o)
                0x000000000080d770                freq_sched_set
 .rodata.str1.1
                0x000000000080d788       0x67 layer1/liblayer1.a(prim_freq.o)
 *fill*         0x000000000080d7ef        0x1 00
 .rodata        0x000000000080d7f0       0x18 layer1/liblayer1.a(prim_utils.o)
 .rodata        0x000000000080d808       0xd8 layer1/liblayer1.a(prim_tch.o)
                0x000000000080d808                tch_sched_set
                0x000000000080d850                tch_d_sched_set
                0x000000000080d898                tch_a_sched_set
 .rodata.str1.1
                0x000000000080d8e0       0x6e layer1/liblayer1.a(prim_tch.o)
                                         0xa1 (size before relaxing)
 .rodata.str1.1
                0x000000000080d94e       0x2f layer1/liblayer1.a(toa.o)
 .rodata.str1.1
                0x000000000080d97d       0x45 layer1/liblayer1.a(sync.o)
 .rodata.str1.1
                0x000000000080d9c2       0x5e layer1/liblayer1.a(tdma_sched.o)
 .rodata        0x000000000080da20        0xc layer1/liblayer1.a(tpu_window.o)
 .rodata        0x000000000080da2c       0x74 layer1/liblayer1.a(rfch.o)
 .rodata        0x000000000080daa0       0x50 lib/libmini.a(vsprintf.o)
 .rodata.str1.1
                0x000000000080daf0        0xb comm/libcomm.a(sercomm.o)
                                         0x71 (size before relaxing)
 .rodata.str1.1
                0x0000000000000000       0x3e comm/libcomm.a(sercomm_cons.o)
 .rodata.str1.1
                0x000000000080dafb       0x14 ../../shared/libosmocore/build-target/src/.libs/libosmocore.a(utils.o)
                                         0x17 (size before relaxing)
 .rodata.str1.1
                0x000000000080db0f      0x1d3 calypso/libcalypso.a(dsp.o)
                                        0x1da (size before relaxing)
 .rodata.str1.1
                0x000000000080dce2       0x19 comm/libcomm.a(msgb.o)
                0x000000000080ae90                PROVIDE (_rodata_start, LOADADDR (.rodata))
                0x000000000080dcfb                PROVIDE (_rodata_end, (LOADADDR (.rodata) + SIZEOF (.rodata)))

.rel.dyn        0x000000000080dcfc        0x0
 .rel.got       0x0000000000000000        0x0 ../../shared/libosmocore/build-target/src/.libs/libosmocore.a(msgb.o)
                0x000000000080dcfc                . = ALIGN (0x4)

.data           0x000000000080dcfc      0x3dc
 *(.data)
 .data          0x000000000080dcfc        0x4 apps/layer1/main.o
                0x000000000080dcfc                hr
 .data          0x000000000080dd00       0x1c rf/trf6151.o
                0x000000000080dd18                rf_arfcn
 .data          0x000000000080dd1c       0x10 fb/font.o
                0x000000000080dd1c                fb_fonts
 .data          0x000000000080dd2c       0x48 fb/fb_td014.o
                0x000000000080dd2c                fb_rgb332
                0x000000000080dd30                framebuffer
 .data          0x000000000080dd74        0x4 calypso/libcalypso.a(tpu.o)
 .data          0x000000000080dd78        0x8 layer1/liblayer1.a(l23_api.o)
 .data          0x000000000080dd80       0x10 layer1/liblayer1.a(sched_gsmtime.o)
 .data          0x000000000080dd90       0x18 layer1/liblayer1.a(prim_utils.o)
 .data          0x000000000080dda8       0x18 layer1/liblayer1.a(afc.o)
 .data          0x000000000080ddc0       0x14 layer1/liblayer1.a(toa.o)
 .data          0x000000000080ddd4      0x100 lib/libmini.a(ctype.o)
                0x000000000080ddd4                _ctype
 .data          0x000000000080ded4        0x8 comm/libcomm.a(timer.o)
 .data          0x000000000080dedc      0x1fc calypso/libcalypso.a(dsp.o)
                0x000000000080dedc                dsp_api
                0x000000000080dcfc                PROVIDE (_data_start, LOADADDR (.data))
                0x000000000080e0d8                PROVIDE (_data_end, (LOADADDR (.data) + SIZEOF (.data)))
                0x000000000080e0d8                . = ALIGN (0x4)

.got            0x000000000080e0d8       0x10
 *(.got)
 .got           0x000000000080e0d8        0x4 ../../shared/libosmocore/build-target/src/.libs/libosmocore.a(msgb.o)
 *(.got.plt)
 .got.plt       0x000000000080e0dc        0xc ../../shared/libosmocore/build-target/src/.libs/libosmocore.a(msgb.o)
                0x000000000080e0dc                _GLOBAL_OFFSET_TABLE_
 *(.igot.plt)
 *(.got)
 *(.igot)
                0x000000000080e0d8                PROVIDE (_got_start, LOADADDR (.got))
                0x000000000080e0e8                PROVIDE (_got_end, (LOADADDR (.got) + SIZEOF (.got)))

.bss            0x0000000000810000     0x7e10
                0x0000000000810000                . = ALIGN (0x4)
                0x0000000000810000                __bss_start = .
 *(.bss)
 .bss           0x0000000000810000        0x4 apps/layer1/main.o
 .bss           0x0000000000810004        0x4 abb/twl3025.o
 .bss           0x0000000000810008        0x4 rf/trf6151.o
 .bss           0x000000000081000c     0x1800 fb/fb_td014.o
 .bss           0x000000000081180c       0x80 calypso/libcalypso.a(irq.o)
 .bss           0x000000000081188c        0x4 calypso/libcalypso.a(rtc.o)
 .bss           0x0000000000811890      0x138 calypso/libcalypso.a(sim.o)
 .bss           0x00000000008119c8        0x2 calypso/libcalypso.a(tsp.o)
 *fill*         0x00000000008119ca        0x2 00
 .bss           0x00000000008119cc       0x28 calypso/libcalypso.a(keypad.o)
                0x00000000008119d8                lastbuttons
                0x00000000008119dc                power_hold
 .bss           0x00000000008119f4        0x1 calypso/libcalypso.a(uart.o)
 *fill*         0x00000000008119f5        0x3 00
 .bss           0x00000000008119f8        0x4 layer1/liblayer1.a(l23_api.o)
                0x00000000008119f8                l1a_l23_tx_cb
 .bss           0x00000000008119fc      0x140 layer1/liblayer1.a(sched_gsmtime.o)
 .bss           0x0000000000811b3c        0x4 layer1/liblayer1.a(prim_tx_nb.o)
 .bss           0x0000000000811b40       0x2c layer1/liblayer1.a(prim_rx_nb.o)
 .bss           0x0000000000811b6c       0x34 layer1/liblayer1.a(prim_fbsb.o)
 .bss           0x0000000000811ba0       0x78 layer1/liblayer1.a(prim_tch.o)
 .bss           0x0000000000811c18        0x4 layer1/liblayer1.a(sync.o)
 .bss           0x0000000000811c1c      0x400 lib/libmini.a(printf.o)
 .bss           0x000000000081201c     0x1010 lib/libmini.a(console.o)
 .bss           0x000000000081302c      0x62c comm/libcomm.a(sercomm.o)
 .bss           0x0000000000813658        0x4 comm/libcomm.a(sercomm_cons.o)
 .bss           0x000000000081365c     0x1100 ../../shared/libosmocore/build-target/src/.libs/libosmocore.a(utils.o)
 .bss           0x000000000081475c        0x4 ../../shared/libosmocore/build-target/src/.libs/libosmocore.a(panic.o)
 .bss           0x0000000000814760     0x2980 comm/libcomm.a(msgb.o)
 COMMON         0x00000000008170e0        0x8 layer1/liblayer1.a(prim_rach.o)
                0x00000000008170e0                last_rach
 COMMON         0x00000000008170e8      0xd20 layer1/liblayer1.a(sync.o)
                0x00000000008170e8                l1s
 COMMON         0x0000000000817e08        0x4 comm/libcomm.a(timer.o)
                0x0000000000817e08                jiffies
 COMMON         0x0000000000817e0c        0x4 ../../shared/libosmocore/build-target/src/.libs/libosmocore.a(msgb.o)
                0x0000000000817e0c                tall_msgb_ctx
                0x0000000000817e10                . = ALIGN (0x4)
                0x0000000000817e10                __bss_end = .
                0x0000000000810000                PROVIDE (_bss_start, __bss_start)
                0x0000000000817e10                PROVIDE (_bss_end, __bss_end)
                0x0000000000817e10                . = ALIGN (0x4)
                0x0000000000817e10                _end = .
                0x0000000000817e10                PROVIDE (end, .)
START GROUP
LOAD apps/layer1/main.o
LOAD abb/twl3025.o
LOAD rf/trf6151.o
LOAD flash/cfi_flash.o
LOAD board/common/calypso_uart.o
LOAD board/common/calypso_pwl.o
LOAD board/compal_e86/init.o
LOAD board/compal_e86/rffe_dualband_e86.o
LOAD board/compal/rf_power.o
LOAD battery/dummy.o
LOAD fb/framebuffer.o
LOAD fb/font.o
LOAD fb/helvR08.o
LOAD fb/helvB14.o
LOAD fb/c64.o
LOAD fb/symbols.o
LOAD fb/fb_rgb332.o
LOAD fb/fb_td014.o
LOAD board/compal/start.ram.o
LOAD board/compal/exceptions_redirected.o
LOAD board/compal/handlers.o
LOAD board/compal_e86/layer1.compalram.manifest.o
LOAD calypso/libcalypso.a
LOAD layer1/liblayer1.a
LOAD lib/libmini.a
LOAD comm/libcomm.a
LOAD ../../shared/libosmocore/build-target/src/.libs/libosmocore.a
LOAD ../../shared/libosmocore/build-target/src/gsm/.libs/libosmogsm.a
END GROUP
OUTPUT(board/compal_e86/layer1.compalram.elf elf32-littlearm)

.debug_abbrev   0x0000000000000000     0x70f4
 .debug_abbrev  0x0000000000000000      0x229 apps/layer1/main.o
 .debug_abbrev  0x0000000000000229      0x2b1 abb/twl3025.o
 .debug_abbrev  0x00000000000004da      0x2df rf/trf6151.o
 .debug_abbrev  0x00000000000007b9      0x324 flash/cfi_flash.o
 .debug_abbrev  0x0000000000000add      0x15b board/compal_e86/init.o
 .debug_abbrev  0x0000000000000c38      0x121 board/compal_e86/rffe_dualband_e86.o
 .debug_abbrev  0x0000000000000d59       0x72 board/compal/rf_power.o
 .debug_abbrev  0x0000000000000dcb       0x8c battery/dummy.o
 .debug_abbrev  0x0000000000000e57       0xc0 fb/framebuffer.o
 .debug_abbrev  0x0000000000000f17       0xd9 fb/font.o
 .debug_abbrev  0x0000000000000ff0       0xaf fb/helvR08.o
 .debug_abbrev  0x000000000000109f       0xaf fb/helvB14.o
 .debug_abbrev  0x000000000000114e       0xaf fb/c64.o
 .debug_abbrev  0x00000000000011fd       0x97 fb/symbols.o
 .debug_abbrev  0x0000000000001294      0x29f fb/fb_rgb332.o
 .debug_abbrev  0x0000000000001533      0x1e0 fb/fb_td014.o
 .debug_abbrev  0x0000000000001713       0x40 board/compal_e86/layer1.compalram.manifest.o
 .debug_abbrev  0x0000000000001753      0x154 calypso/libcalypso.a(clock.o)
 .debug_abbrev  0x00000000000018a7       0x43 calypso/libcalypso.a(dma.o)
 .debug_abbrev  0x00000000000018ea      0x198 calypso/libcalypso.a(irq.o)
 .debug_abbrev  0x0000000000001a82       0x8c calypso/libcalypso.a(rtc.o)
 .debug_abbrev  0x0000000000001b0e      0x2e4 calypso/libcalypso.a(sim.o)
 .debug_abbrev  0x0000000000001df2       0xd0 calypso/libcalypso.a(spi.o)
 .debug_abbrev  0x0000000000001ec2      0x27c calypso/libcalypso.a(tpu.o)
 .debug_abbrev  0x000000000000213e      0x127 calypso/libcalypso.a(tsp.o)
 .debug_abbrev  0x0000000000002265      0x164 calypso/libcalypso.a(keypad.o)
 .debug_abbrev  0x00000000000023c9       0xaa calypso/libcalypso.a(misc.o)
 .debug_abbrev  0x0000000000002473      0x10b calypso/libcalypso.a(timer.o)
 .debug_abbrev  0x000000000000257e       0xaa calypso/libcalypso.a(backlight.o)
 .debug_abbrev  0x0000000000002628      0x1f6 calypso/libcalypso.a(uart.o)
 .debug_abbrev  0x000000000000281e       0xf4 calypso/libcalypso.a(uwire.o)
 .debug_abbrev  0x0000000000002912       0x78 calypso/libcalypso.a(arm.o)
 .debug_abbrev  0x000000000000298a       0x93 layer1/liblayer1.a(init.o)
 .debug_abbrev  0x0000000000002a1d      0x468 layer1/liblayer1.a(l23_api.o)
 .debug_abbrev  0x0000000000002e85      0x271 layer1/liblayer1.a(mframe_sched.o)
 .debug_abbrev  0x00000000000030f6      0x1c5 layer1/liblayer1.a(sched_gsmtime.o)
 .debug_abbrev  0x00000000000032bb      0x240 layer1/liblayer1.a(async.o)
 .debug_abbrev  0x00000000000034fb      0x332 layer1/liblayer1.a(prim_pm.o)
 .debug_abbrev  0x000000000000382d      0x2c5 layer1/liblayer1.a(prim_rach.o)
 .debug_abbrev  0x0000000000003af2      0x2dc layer1/liblayer1.a(prim_tx_nb.o)
 .debug_abbrev  0x0000000000003dce      0x2cb layer1/liblayer1.a(prim_rx_nb.o)
 .debug_abbrev  0x0000000000004099      0x3f2 layer1/liblayer1.a(prim_fbsb.o)
 .debug_abbrev  0x000000000000448b      0x1dc layer1/liblayer1.a(prim_freq.o)
 .debug_abbrev  0x0000000000004667      0x195 layer1/liblayer1.a(prim_utils.o)
 .debug_abbrev  0x00000000000047fc      0x42b layer1/liblayer1.a(prim_tch.o)
 .debug_abbrev  0x0000000000004c27       0xbf layer1/liblayer1.a(agc.o)
 .debug_abbrev  0x0000000000004ce6      0x1b3 layer1/liblayer1.a(afc.o)
 .debug_abbrev  0x0000000000004e99      0x1b8 layer1/liblayer1.a(toa.o)
 .debug_abbrev  0x0000000000005051      0x37e layer1/liblayer1.a(sync.o)
 .debug_abbrev  0x00000000000053cf      0x2c6 layer1/liblayer1.a(tdma_sched.o)
 .debug_abbrev  0x0000000000005695      0x262 layer1/liblayer1.a(tpu_window.o)
 .debug_abbrev  0x00000000000058f7      0x206 layer1/liblayer1.a(rfch.o)
 .debug_abbrev  0x0000000000005afd       0xd6 layer1/liblayer1.a(apc.o)
 .debug_abbrev  0x0000000000005bd3       0xea layer1/liblayer1.a(avg.o)
 .debug_abbrev  0x0000000000005cbd      0x213 lib/libmini.a(vsprintf.o)
 .debug_abbrev  0x0000000000005ed0       0xae lib/libmini.a(string.o)
 .debug_abbrev  0x0000000000005f7e       0x53 lib/libmini.a(ctype.o)
 .debug_abbrev  0x0000000000005fd1       0xaf lib/libmini.a(printf.o)
 .debug_abbrev  0x0000000000006080      0x20b lib/libmini.a(console.o)
 .debug_abbrev  0x000000000000628b       0x7a lib/libmini.a(ctors.o)
 .debug_abbrev  0x0000000000006305       0x81 lib/libmini.a(delay.o)
 .debug_abbrev  0x0000000000006386      0x350 comm/libcomm.a(sercomm.o)
 .debug_abbrev  0x00000000000066d6      0x24e comm/libcomm.a(sercomm_cons.o)
 .debug_abbrev  0x0000000000006924      0x237 comm/libcomm.a(timer.o)
 .debug_abbrev  0x0000000000006b5b      0x410 calypso/libcalypso.a(dsp.o)
 .debug_abbrev  0x0000000000006f6b      0x189 comm/libcomm.a(msgb.o)

.debug_info     0x0000000000000000    0x240a6
 .debug_info    0x0000000000000000      0x682 apps/layer1/main.o
 .debug_info    0x0000000000000682      0x784 abb/twl3025.o
 .debug_info    0x0000000000000e06      0xa18 rf/trf6151.o
 .debug_info    0x000000000000181e      0xa9e flash/cfi_flash.o
 .debug_info    0x00000000000022bc      0x594 board/compal_e86/init.o
 .debug_info    0x0000000000002850      0x2ab board/compal_e86/rffe_dualband_e86.o
 .debug_info    0x0000000000002afb       0xce board/compal/rf_power.o
 .debug_info    0x0000000000002bc9       0xdb battery/dummy.o
 .debug_info    0x0000000000002ca4      0x1f4 fb/framebuffer.o
 .debug_info    0x0000000000002e98      0x275 fb/font.o
 .debug_info    0x000000000000310d      0x17f fb/helvR08.o
 .debug_info    0x000000000000328c      0x17f fb/helvB14.o
 .debug_info    0x000000000000340b      0x17f fb/c64.o
 .debug_info    0x000000000000358a      0x17c fb/symbols.o
 .debug_info    0x0000000000003706      0x8fe fb/fb_rgb332.o
 .debug_info    0x0000000000004004      0x505 fb/fb_td014.o
 .debug_info    0x0000000000004509       0x80 board/compal_e86/layer1.compalram.manifest.o
 .debug_info    0x0000000000004589      0x44d calypso/libcalypso.a(clock.o)
 .debug_info    0x00000000000049d6       0x57 calypso/libcalypso.a(dma.o)
 .debug_info    0x0000000000004a2d      0x480 calypso/libcalypso.a(irq.o)
 .debug_info    0x0000000000004ead      0x1d1 calypso/libcalypso.a(rtc.o)
 .debug_info    0x000000000000507e      0xb3e calypso/libcalypso.a(sim.o)
 .debug_info    0x0000000000005bbc      0x188 calypso/libcalypso.a(spi.o)
 .debug_info    0x0000000000005d44      0x57d calypso/libcalypso.a(tpu.o)
 .debug_info    0x00000000000062c1      0x35d calypso/libcalypso.a(tsp.o)
 .debug_info    0x000000000000661e      0x461 calypso/libcalypso.a(keypad.o)
 .debug_info    0x0000000000006a7f      0x11c calypso/libcalypso.a(misc.o)
 .debug_info    0x0000000000006b9b      0x320 calypso/libcalypso.a(timer.o)
 .debug_info    0x0000000000006ebb       0xf9 calypso/libcalypso.a(backlight.o)
 .debug_info    0x0000000000006fb4      0x719 calypso/libcalypso.a(uart.o)
 .debug_info    0x00000000000076cd      0x16f calypso/libcalypso.a(uwire.o)
 .debug_info    0x000000000000783c       0x91 calypso/libcalypso.a(arm.o)
 .debug_info    0x00000000000078cd      0x26c layer1/liblayer1.a(init.o)
 .debug_info    0x0000000000007b39     0x2144 layer1/liblayer1.a(l23_api.o)
 .debug_info    0x0000000000009c7d      0xdb9 layer1/liblayer1.a(mframe_sched.o)
 .debug_info    0x000000000000aa36      0x75d layer1/liblayer1.a(sched_gsmtime.o)
 .debug_info    0x000000000000b193      0xbdf layer1/liblayer1.a(async.o)
 .debug_info    0x000000000000bd72     0x207c layer1/liblayer1.a(prim_pm.o)
 .debug_info    0x000000000000ddee     0x1ddc layer1/liblayer1.a(prim_rach.o)
 .debug_info    0x000000000000fbca     0x1d6c layer1/liblayer1.a(prim_tx_nb.o)
 .debug_info    0x0000000000011936     0x205e layer1/liblayer1.a(prim_rx_nb.o)
 .debug_info    0x0000000000013994     0x246b layer1/liblayer1.a(prim_fbsb.o)
 .debug_info    0x0000000000015dff      0x976 layer1/liblayer1.a(prim_freq.o)
 .debug_info    0x0000000000016775      0x902 layer1/liblayer1.a(prim_utils.o)
 .debug_info    0x0000000000017077     0x2823 layer1/liblayer1.a(prim_tch.o)
 .debug_info    0x000000000001989a      0x12c layer1/liblayer1.a(agc.o)
 .debug_info    0x00000000000199c6     0x147b layer1/liblayer1.a(afc.o)
 .debug_info    0x000000000001ae41      0x892 layer1/liblayer1.a(toa.o)
 .debug_info    0x000000000001b6d3     0x211d layer1/liblayer1.a(sync.o)
 .debug_info    0x000000000001d7f0      0xc14 layer1/liblayer1.a(tdma_sched.o)
 .debug_info    0x000000000001e404      0xabd layer1/liblayer1.a(tpu_window.o)
 .debug_info    0x000000000001eec1      0x913 layer1/liblayer1.a(rfch.o)
 .debug_info    0x000000000001f7d4      0x1ab layer1/liblayer1.a(apc.o)
 .debug_info    0x000000000001f97f      0x198 layer1/liblayer1.a(avg.o)
 .debug_info    0x000000000001fb17      0x9fa lib/libmini.a(vsprintf.o)
 .debug_info    0x0000000000020511      0x131 lib/libmini.a(string.o)
 .debug_info    0x0000000000020642       0x63 lib/libmini.a(ctype.o)
 .debug_info    0x00000000000206a5      0x109 lib/libmini.a(printf.o)
 .debug_info    0x00000000000207ae      0x3a5 lib/libmini.a(console.o)
 .debug_info    0x0000000000020b53       0xab lib/libmini.a(ctors.o)
 .debug_info    0x0000000000020bfe       0x9a lib/libmini.a(delay.o)
 .debug_info    0x0000000000020c98      0x949 comm/libcomm.a(sercomm.o)
 .debug_info    0x00000000000215e1      0x589 comm/libcomm.a(sercomm_cons.o)
 .debug_info    0x0000000000021b6a      0x5ca comm/libcomm.a(timer.o)
 .debug_info    0x0000000000022134     0x1c47 calypso/libcalypso.a(dsp.o)
 .debug_info    0x0000000000023d7b      0x32b comm/libcomm.a(msgb.o)

.debug_line     0x0000000000000000     0x742c
 .debug_line    0x0000000000000000      0x1e8 apps/layer1/main.o
 .debug_line    0x00000000000001e8      0x2c8 abb/twl3025.o
 .debug_line    0x00000000000004b0      0x374 rf/trf6151.o
 .debug_line    0x0000000000000824      0x1e0 flash/cfi_flash.o
 .debug_line    0x0000000000000a04      0x183 board/compal_e86/init.o
 .debug_line    0x0000000000000b87      0x1a6 board/compal_e86/rffe_dualband_e86.o
 .debug_line    0x0000000000000d2d       0x93 board/compal/rf_power.o
 .debug_line    0x0000000000000dc0       0x5c battery/dummy.o
 .debug_line    0x0000000000000e1c       0x9e fb/framebuffer.o
 .debug_line    0x0000000000000eba       0xba fb/font.o
 .debug_line    0x0000000000000f74       0x9d fb/helvR08.o
 .debug_line    0x0000000000001011       0x9d fb/helvB14.o
 .debug_line    0x00000000000010ae       0x99 fb/c64.o
 .debug_line    0x0000000000001147       0x9d fb/symbols.o
 .debug_line    0x00000000000011e4      0x2c5 fb/fb_rgb332.o
 .debug_line    0x00000000000014a9      0x1cf fb/fb_td014.o
 .debug_line    0x0000000000001678       0x31 board/compal_e86/layer1.compalram.manifest.o
 .debug_line    0x00000000000016a9      0x1a1 calypso/libcalypso.a(clock.o)
 .debug_line    0x000000000000184a       0x3f calypso/libcalypso.a(dma.o)
 .debug_line    0x0000000000001889      0x18f calypso/libcalypso.a(irq.o)
 .debug_line    0x0000000000001a18       0x6f calypso/libcalypso.a(rtc.o)
 .debug_line    0x0000000000001a87      0x36d calypso/libcalypso.a(sim.o)
 .debug_line    0x0000000000001df4       0xe5 calypso/libcalypso.a(spi.o)
 .debug_line    0x0000000000001ed9      0x279 calypso/libcalypso.a(tpu.o)
 .debug_line    0x0000000000002152      0x189 calypso/libcalypso.a(tsp.o)
 .debug_line    0x00000000000022db      0x199 calypso/libcalypso.a(keypad.o)
 .debug_line    0x0000000000002474       0x8c calypso/libcalypso.a(misc.o)
 .debug_line    0x0000000000002500      0x15a calypso/libcalypso.a(timer.o)
 .debug_line    0x000000000000265a       0xc8 calypso/libcalypso.a(backlight.o)
 .debug_line    0x0000000000002722      0x290 calypso/libcalypso.a(uart.o)
 .debug_line    0x00000000000029b2      0x10e calypso/libcalypso.a(uwire.o)
 .debug_line    0x0000000000002ac0       0x4f calypso/libcalypso.a(arm.o)
 .debug_line    0x0000000000002b0f       0x96 layer1/liblayer1.a(init.o)
 .debug_line    0x0000000000002ba5      0x555 layer1/liblayer1.a(l23_api.o)
 .debug_line    0x00000000000030fa      0x229 layer1/liblayer1.a(mframe_sched.o)
 .debug_line    0x0000000000003323      0x24d layer1/liblayer1.a(sched_gsmtime.o)
 .debug_line    0x0000000000003570      0x287 layer1/liblayer1.a(async.o)
 .debug_line    0x00000000000037f7      0x2e2 layer1/liblayer1.a(prim_pm.o)
 .debug_line    0x0000000000003ad9      0x253 layer1/liblayer1.a(prim_rach.o)
 .debug_line    0x0000000000003d2c      0x26a layer1/liblayer1.a(prim_tx_nb.o)
 .debug_line    0x0000000000003f96      0x2dd layer1/liblayer1.a(prim_rx_nb.o)
 .debug_line    0x0000000000004273      0x42b layer1/liblayer1.a(prim_fbsb.o)
 .debug_line    0x000000000000469e      0x190 layer1/liblayer1.a(prim_freq.o)
 .debug_line    0x000000000000482e      0x186 layer1/liblayer1.a(prim_utils.o)
 .debug_line    0x00000000000049b4      0x53e layer1/liblayer1.a(prim_tch.o)
 .debug_line    0x0000000000004ef2       0xc9 layer1/liblayer1.a(agc.o)
 .debug_line    0x0000000000004fbb      0x180 layer1/liblayer1.a(afc.o)
 .debug_line    0x000000000000513b      0x18b layer1/liblayer1.a(toa.o)
 .debug_line    0x00000000000052c6      0x397 layer1/liblayer1.a(sync.o)
 .debug_line    0x000000000000565d      0x2e6 layer1/liblayer1.a(tdma_sched.o)
 .debug_line    0x0000000000005943      0x299 layer1/liblayer1.a(tpu_window.o)
 .debug_line    0x0000000000005bdc      0x19c layer1/liblayer1.a(rfch.o)
 .debug_line    0x0000000000005d78       0xf2 layer1/liblayer1.a(apc.o)
 .debug_line    0x0000000000005e6a       0xd3 layer1/liblayer1.a(avg.o)
 .debug_line    0x0000000000005f3d      0x577 lib/libmini.a(vsprintf.o)
 .debug_line    0x00000000000064b4       0xb6 lib/libmini.a(string.o)
 .debug_line    0x000000000000656a       0x3f lib/libmini.a(ctype.o)
 .debug_line    0x00000000000065a9       0x84 lib/libmini.a(printf.o)
 .debug_line    0x000000000000662d      0x149 lib/libmini.a(console.o)
 .debug_line    0x0000000000006776       0x47 lib/libmini.a(ctors.o)
 .debug_line    0x00000000000067bd       0x66 lib/libmini.a(delay.o)
 .debug_line    0x0000000000006823      0x2c2 comm/libcomm.a(sercomm.o)
 .debug_line    0x0000000000006ae5      0x19d comm/libcomm.a(sercomm_cons.o)
 .debug_line    0x0000000000006c82      0x1ad comm/libcomm.a(timer.o)
 .debug_line    0x0000000000006e2f      0x4f8 calypso/libcalypso.a(dsp.o)
 .debug_line    0x0000000000007327      0x105 comm/libcomm.a(msgb.o)

.debug_loc      0x0000000000000000     0xa237
 .debug_loc     0x0000000000000000      0x115 apps/layer1/main.o
 .debug_loc     0x0000000000000115      0x413 abb/twl3025.o
 .debug_loc     0x0000000000000528      0x784 rf/trf6151.o
 .debug_loc     0x0000000000000cac      0x5a0 flash/cfi_flash.o
 .debug_loc     0x000000000000124c       0x9e board/compal_e86/init.o
 .debug_loc     0x00000000000012ea      0x153 board/compal_e86/rffe_dualband_e86.o
 .debug_loc     0x000000000000143d       0x4f fb/font.o
 .debug_loc     0x000000000000148c      0x746 fb/fb_rgb332.o
 .debug_loc     0x0000000000001bd2      0x193 fb/fb_td014.o
 .debug_loc     0x0000000000001d65      0x297 calypso/libcalypso.a(clock.o)
 .debug_loc     0x0000000000001ffc      0x215 calypso/libcalypso.a(irq.o)
 .debug_loc     0x0000000000002211       0x20 calypso/libcalypso.a(rtc.o)
 .debug_loc     0x0000000000002231      0x420 calypso/libcalypso.a(sim.o)
 .debug_loc     0x0000000000002651      0x155 calypso/libcalypso.a(spi.o)
 .debug_loc     0x00000000000027a6      0x31e calypso/libcalypso.a(tpu.o)
 .debug_loc     0x0000000000002ac4      0x153 calypso/libcalypso.a(tsp.o)
 .debug_loc     0x0000000000002c17      0x174 calypso/libcalypso.a(keypad.o)
 .debug_loc     0x0000000000002d8b       0xfa calypso/libcalypso.a(misc.o)
 .debug_loc     0x0000000000002e85      0x154 calypso/libcalypso.a(timer.o)
 .debug_loc     0x0000000000002fd9       0x44 calypso/libcalypso.a(backlight.o)
 .debug_loc     0x000000000000301d      0x4b2 calypso/libcalypso.a(uart.o)
 .debug_loc     0x00000000000034cf       0xef calypso/libcalypso.a(uwire.o)
 .debug_loc     0x00000000000035be       0x20 layer1/liblayer1.a(init.o)
 .debug_loc     0x00000000000035de      0xbb0 layer1/liblayer1.a(l23_api.o)
 .debug_loc     0x000000000000418e      0x1d9 layer1/liblayer1.a(mframe_sched.o)
 .debug_loc     0x0000000000004367      0x6d7 layer1/liblayer1.a(sched_gsmtime.o)
 .debug_loc     0x0000000000004a3e      0x1cc layer1/liblayer1.a(async.o)
 .debug_loc     0x0000000000004c0a      0x347 layer1/liblayer1.a(prim_pm.o)
 .debug_loc     0x0000000000004f51      0x19c layer1/liblayer1.a(prim_rach.o)
 .debug_loc     0x00000000000050ed      0x22c layer1/liblayer1.a(prim_tx_nb.o)
 .debug_loc     0x0000000000005319      0x35d layer1/liblayer1.a(prim_rx_nb.o)
 .debug_loc     0x0000000000005676      0x586 layer1/liblayer1.a(prim_fbsb.o)
 .debug_loc     0x0000000000005bfc       0xdb layer1/liblayer1.a(prim_freq.o)
 .debug_loc     0x0000000000005cd7       0x13 layer1/liblayer1.a(prim_utils.o)
 .debug_loc     0x0000000000005cea      0xb7c layer1/liblayer1.a(prim_tch.o)
 .debug_loc     0x0000000000006866       0x82 layer1/liblayer1.a(agc.o)
 .debug_loc     0x00000000000068e8       0xf2 layer1/liblayer1.a(afc.o)
 .debug_loc     0x00000000000069da       0xce layer1/liblayer1.a(toa.o)
 .debug_loc     0x0000000000006aa8      0x37b layer1/liblayer1.a(sync.o)
 .debug_loc     0x0000000000006e23      0x4eb layer1/liblayer1.a(tdma_sched.o)
 .debug_loc     0x000000000000730e      0x292 layer1/liblayer1.a(tpu_window.o)
 .debug_loc     0x00000000000075a0      0x195 layer1/liblayer1.a(rfch.o)
 .debug_loc     0x0000000000007735       0xa0 layer1/liblayer1.a(apc.o)
 .debug_loc     0x00000000000077d5       0x6e layer1/liblayer1.a(avg.o)
 .debug_loc     0x0000000000007843     0x1604 lib/libmini.a(vsprintf.o)
 .debug_loc     0x0000000000008e47       0x8b lib/libmini.a(string.o)
 .debug_loc     0x0000000000008ed2       0x4a lib/libmini.a(printf.o)
 .debug_loc     0x0000000000008f1c      0x23b lib/libmini.a(console.o)
 .debug_loc     0x0000000000009157       0x7b lib/libmini.a(ctors.o)
 .debug_loc     0x00000000000091d2       0xa9 lib/libmini.a(delay.o)
 .debug_loc     0x000000000000927b      0x2fc comm/libcomm.a(sercomm.o)
 .debug_loc     0x0000000000009577      0x2ea comm/libcomm.a(sercomm_cons.o)
 .debug_loc     0x0000000000009861      0x291 comm/libcomm.a(timer.o)
 .debug_loc     0x0000000000009af2      0x6ce calypso/libcalypso.a(dsp.o)
 .debug_loc     0x000000000000a1c0       0x77 comm/libcomm.a(msgb.o)

.debug_pubnames
                0x0000000000000000     0x1add
 .debug_pubnames
                0x0000000000000000       0x22 apps/layer1/main.o
 .debug_pubnames
                0x0000000000000022      0x13c abb/twl3025.o
 .debug_pubnames
                0x000000000000015e      0x164 rf/trf6151.o
 .debug_pubnames
                0x00000000000002c2       0xa6 flash/cfi_flash.o
 .debug_pubnames
                0x0000000000000368       0x21 board/compal_e86/init.o
 .debug_pubnames
                0x0000000000000389       0xd6 board/compal_e86/rffe_dualband_e86.o
 .debug_pubnames
                0x000000000000045f       0x3c board/compal/rf_power.o
 .debug_pubnames
                0x000000000000049b       0x3a battery/dummy.o
 .debug_pubnames
                0x00000000000004d5       0x34 fb/font.o
 .debug_pubnames
                0x0000000000000509       0x23 fb/helvR08.o
 .debug_pubnames
                0x000000000000052c       0x23 fb/helvB14.o
 .debug_pubnames
                0x000000000000054f       0x1f fb/c64.o
 .debug_pubnames
                0x000000000000056e       0x23 fb/symbols.o
 .debug_pubnames
                0x0000000000000591       0x64 fb/fb_rgb332.o
 .debug_pubnames
                0x00000000000005f5       0x30 fb/fb_td014.o
 .debug_pubnames
                0x0000000000000625       0x6d board/compal_e86/layer1.compalram.manifest.o
 .debug_pubnames
                0x0000000000000692       0xd0 calypso/libcalypso.a(clock.o)
 .debug_pubnames
                0x0000000000000762       0x1f calypso/libcalypso.a(dma.o)
 .debug_pubnames
                0x0000000000000781       0x95 calypso/libcalypso.a(irq.o)
 .debug_pubnames
                0x0000000000000816       0x1f calypso/libcalypso.a(rtc.o)
 .debug_pubnames
                0x0000000000000835       0xe9 calypso/libcalypso.a(sim.o)
 .debug_pubnames
                0x000000000000091e       0x2c calypso/libcalypso.a(spi.o)
 .debug_pubnames
                0x000000000000094a      0x12d calypso/libcalypso.a(tpu.o)
 .debug_pubnames
                0x0000000000000a77       0x9a calypso/libcalypso.a(tsp.o)
 .debug_pubnames
                0x0000000000000b11       0x8a calypso/libcalypso.a(keypad.o)
 .debug_pubnames
                0x0000000000000b9b       0x41 calypso/libcalypso.a(misc.o)
 .debug_pubnames
                0x0000000000000bdc       0x8a calypso/libcalypso.a(timer.o)
 .debug_pubnames
                0x0000000000000c66       0x2f calypso/libcalypso.a(backlight.o)
 .debug_pubnames
                0x0000000000000c95       0xa3 calypso/libcalypso.a(uart.o)
 .debug_pubnames
                0x0000000000000d38       0x30 calypso/libcalypso.a(uwire.o)
 .debug_pubnames
                0x0000000000000d68       0x47 calypso/libcalypso.a(arm.o)
 .debug_pubnames
                0x0000000000000daf       0x22 layer1/liblayer1.a(init.o)
 .debug_pubnames
                0x0000000000000dd1       0xac layer1/liblayer1.a(l23_api.o)
 .debug_pubnames
                0x0000000000000e7d       0x83 layer1/liblayer1.a(mframe_sched.o)
 .debug_pubnames
                0x0000000000000f00       0x6d layer1/liblayer1.a(sched_gsmtime.o)
 .debug_pubnames
                0x0000000000000f6d       0xfa layer1/liblayer1.a(async.o)
 .debug_pubnames
                0x0000000000001067       0x39 layer1/liblayer1.a(prim_pm.o)
 .debug_pubnames
                0x00000000000010a0       0x47 layer1/liblayer1.a(prim_rach.o)
 .debug_pubnames
                0x00000000000010e7       0x36 layer1/liblayer1.a(prim_tx_nb.o)
 .debug_pubnames
                0x000000000000111d       0x23 layer1/liblayer1.a(prim_rx_nb.o)
 .debug_pubnames
                0x0000000000001140       0x33 layer1/liblayer1.a(prim_fbsb.o)
 .debug_pubnames
                0x0000000000001173       0x44 layer1/liblayer1.a(prim_freq.o)
 .debug_pubnames
                0x00000000000011b7       0x55 layer1/liblayer1.a(prim_utils.o)
 .debug_pubnames
                0x000000000000120c       0x4c layer1/liblayer1.a(prim_tch.o)
 .debug_pubnames
                0x0000000000001258       0x3c layer1/liblayer1.a(agc.o)
 .debug_pubnames
                0x0000000000001294       0x4f layer1/liblayer1.a(afc.o)
 .debug_pubnames
                0x00000000000012e3       0x2e layer1/liblayer1.a(toa.o)
 .debug_pubnames
                0x0000000000001311       0xeb layer1/liblayer1.a(sync.o)
 .debug_pubnames
                0x00000000000013fc       0xbb layer1/liblayer1.a(tdma_sched.o)
 .debug_pubnames
                0x00000000000014b7       0x60 layer1/liblayer1.a(tpu_window.o)
 .debug_pubnames
                0x0000000000001517       0x26 layer1/liblayer1.a(rfch.o)
 .debug_pubnames
                0x000000000000153d       0x41 layer1/liblayer1.a(apc.o)
 .debug_pubnames
                0x000000000000157e       0x3b layer1/liblayer1.a(avg.o)
 .debug_pubnames
                0x00000000000015b9       0xb3 lib/libmini.a(vsprintf.o)
 .debug_pubnames
                0x000000000000166c       0x29 lib/libmini.a(string.o)
 .debug_pubnames
                0x0000000000001695       0x1d lib/libmini.a(ctype.o)
 .debug_pubnames
                0x00000000000016b2       0x1d lib/libmini.a(printf.o)
 .debug_pubnames
                0x00000000000016cf       0x89 lib/libmini.a(console.o)
 .debug_pubnames
                0x0000000000001758       0x26 lib/libmini.a(ctors.o)
 .debug_pubnames
                0x000000000000177e       0x2c lib/libmini.a(delay.o)
 .debug_pubnames
                0x00000000000017aa       0xdd comm/libcomm.a(sercomm.o)
 .debug_pubnames
                0x0000000000001887       0x37 comm/libcomm.a(sercomm_cons.o)
 .debug_pubnames
                0x00000000000018be       0xaf comm/libcomm.a(timer.o)
 .debug_pubnames
                0x000000000000196d      0x12b calypso/libcalypso.a(dsp.o)
 .debug_pubnames
                0x0000000000001a98       0x45 comm/libcomm.a(msgb.o)

.debug_pubtypes
                0x0000000000000000     0x2d69
 .debug_pubtypes
                0x0000000000000000       0x8f apps/layer1/main.o
 .debug_pubtypes
                0x000000000000008f       0xa2 abb/twl3025.o
 .debug_pubtypes
                0x0000000000000131       0xa3 rf/trf6151.o
 .debug_pubtypes
                0x00000000000001d4      0x109 flash/cfi_flash.o
 .debug_pubtypes
                0x00000000000002dd       0xc7 board/compal_e86/init.o
 .debug_pubtypes
                0x00000000000003a4       0x5f board/compal_e86/rffe_dualband_e86.o
 .debug_pubtypes
                0x0000000000000403       0x1e board/compal/rf_power.o
 .debug_pubtypes
                0x0000000000000421       0x35 battery/dummy.o
 .debug_pubtypes
                0x0000000000000456       0x4b fb/framebuffer.o
 .debug_pubtypes
                0x00000000000004a1       0x4e fb/font.o
 .debug_pubtypes
                0x00000000000004ef       0x42 fb/helvR08.o
 .debug_pubtypes
                0x0000000000000531       0x42 fb/helvB14.o
 .debug_pubtypes
                0x0000000000000573       0x42 fb/c64.o
 .debug_pubtypes
                0x00000000000005b5       0x42 fb/symbols.o
 .debug_pubtypes
                0x00000000000005f7       0x88 fb/fb_rgb332.o
 .debug_pubtypes
                0x000000000000067f       0x99 fb/fb_td014.o
 .debug_pubtypes
                0x0000000000000718       0x97 calypso/libcalypso.a(clock.o)
 .debug_pubtypes
                0x00000000000007af       0x1e calypso/libcalypso.a(dma.o)
 .debug_pubtypes
                0x00000000000007cd       0x6a calypso/libcalypso.a(irq.o)
 .debug_pubtypes
                0x0000000000000837       0x29 calypso/libcalypso.a(rtc.o)
 .debug_pubtypes
                0x0000000000000860       0x6c calypso/libcalypso.a(sim.o)
 .debug_pubtypes
                0x00000000000008cc       0x45 calypso/libcalypso.a(spi.o)
 .debug_pubtypes
                0x0000000000000911       0x89 calypso/libcalypso.a(tpu.o)
 .debug_pubtypes
                0x000000000000099a       0x6a calypso/libcalypso.a(tsp.o)
 .debug_pubtypes
                0x0000000000000a04       0x72 calypso/libcalypso.a(keypad.o)
 .debug_pubtypes
                0x0000000000000a76       0x12 calypso/libcalypso.a(misc.o)
 .debug_pubtypes
                0x0000000000000a88       0x6d calypso/libcalypso.a(timer.o)
 .debug_pubtypes
                0x0000000000000af5       0x37 calypso/libcalypso.a(backlight.o)
 .debug_pubtypes
                0x0000000000000b2c       0x7c calypso/libcalypso.a(uart.o)
 .debug_pubtypes
                0x0000000000000ba8       0x3a calypso/libcalypso.a(uwire.o)
 .debug_pubtypes
                0x0000000000000be2       0x40 layer1/liblayer1.a(init.o)
 .debug_pubtypes
                0x0000000000000c22      0x35a layer1/liblayer1.a(l23_api.o)
 .debug_pubtypes
                0x0000000000000f7c      0x177 layer1/liblayer1.a(mframe_sched.o)
 .debug_pubtypes
                0x00000000000010f3       0x91 layer1/liblayer1.a(sched_gsmtime.o)
 .debug_pubtypes
                0x0000000000001184      0x15a layer1/liblayer1.a(async.o)
 .debug_pubtypes
                0x00000000000012de      0x1fd layer1/liblayer1.a(prim_pm.o)
 .debug_pubtypes
                0x00000000000014db      0x1c6 layer1/liblayer1.a(prim_rach.o)
 .debug_pubtypes
                0x00000000000016a1      0x1dd layer1/liblayer1.a(prim_tx_nb.o)
 .debug_pubtypes
                0x000000000000187e      0x226 layer1/liblayer1.a(prim_rx_nb.o)
 .debug_pubtypes
                0x0000000000001aa4      0x22a layer1/liblayer1.a(prim_fbsb.o)
 .debug_pubtypes
                0x0000000000001cce      0x143 layer1/liblayer1.a(prim_freq.o)
 .debug_pubtypes
                0x0000000000001e11      0x143 layer1/liblayer1.a(prim_utils.o)
 .debug_pubtypes
                0x0000000000001f54      0x264 layer1/liblayer1.a(prim_tch.o)
 .debug_pubtypes
                0x00000000000021b8       0x37 layer1/liblayer1.a(agc.o)
 .debug_pubtypes
                0x00000000000021ef       0xd3 layer1/liblayer1.a(afc.o)
 .debug_pubtypes
                0x00000000000022c2      0x158 layer1/liblayer1.a(toa.o)
 .debug_pubtypes
                0x000000000000241a      0x1ea layer1/liblayer1.a(sync.o)
 .debug_pubtypes
                0x0000000000002604      0x12d layer1/liblayer1.a(tdma_sched.o)
 .debug_pubtypes
                0x0000000000002731      0x17d layer1/liblayer1.a(tpu_window.o)
 .debug_pubtypes
                0x00000000000028ae      0x13a layer1/liblayer1.a(rfch.o)
 .debug_pubtypes
                0x00000000000029e8       0x42 layer1/liblayer1.a(apc.o)
 .debug_pubtypes
                0x0000000000002a2a       0x3b layer1/liblayer1.a(avg.o)
 .debug_pubtypes
                0x0000000000002a65       0x3c lib/libmini.a(vsprintf.o)
 .debug_pubtypes
                0x0000000000002aa1       0x1d lib/libmini.a(string.o)
 .debug_pubtypes
                0x0000000000002abe       0x31 lib/libmini.a(printf.o)
 .debug_pubtypes
                0x0000000000002aef       0x28 lib/libmini.a(console.o)
 .debug_pubtypes
                0x0000000000002b17       0x7c comm/libcomm.a(sercomm.o)
 .debug_pubtypes
                0x0000000000002b93       0x54 comm/libcomm.a(sercomm_cons.o)
 .debug_pubtypes
                0x0000000000002be7       0x40 comm/libcomm.a(timer.o)
 .debug_pubtypes
                0x0000000000002c27       0xf2 calypso/libcalypso.a(dsp.o)
 .debug_pubtypes
                0x0000000000002d19       0x50 comm/libcomm.a(msgb.o)

.debug_aranges  0x0000000000000000     0x1090
 .debug_aranges
                0x0000000000000000       0x30 apps/layer1/main.o
 .debug_aranges
                0x0000000000000030       0xa8 abb/twl3025.o
 .debug_aranges
                0x00000000000000d8       0xa8 rf/trf6151.o
 .debug_aranges
                0x0000000000000180       0x50 flash/cfi_flash.o
 .debug_aranges
                0x00000000000001d0       0x20 board/compal_e86/init.o
 .debug_aranges
                0x00000000000001f0       0x60 board/compal_e86/rffe_dualband_e86.o
 .debug_aranges
                0x0000000000000250       0x20 battery/dummy.o
 .debug_aranges
                0x0000000000000270       0x20 fb/font.o
 .debug_aranges
                0x0000000000000290       0x50 fb/fb_rgb332.o
 .debug_aranges
                0x00000000000002e0       0x30 fb/fb_td014.o
 .debug_aranges
                0x0000000000000310       0x68 calypso/libcalypso.a(clock.o)
 .debug_aranges
                0x0000000000000378       0x20 calypso/libcalypso.a(dma.o)
 .debug_aranges
                0x0000000000000398       0x60 calypso/libcalypso.a(irq.o)
 .debug_aranges
                0x00000000000003f8       0x28 calypso/libcalypso.a(rtc.o)
 .debug_aranges
                0x0000000000000420       0x68 calypso/libcalypso.a(sim.o)
 .debug_aranges
                0x0000000000000488       0x28 calypso/libcalypso.a(spi.o)
 .debug_aranges
                0x00000000000004b0       0x98 calypso/libcalypso.a(tpu.o)
 .debug_aranges
                0x0000000000000548       0x60 calypso/libcalypso.a(tsp.o)
 .debug_aranges
                0x00000000000005a8       0x48 calypso/libcalypso.a(keypad.o)
 .debug_aranges
                0x00000000000005f0       0x30 calypso/libcalypso.a(misc.o)
 .debug_aranges
                0x0000000000000620       0x58 calypso/libcalypso.a(timer.o)
 .debug_aranges
                0x0000000000000678       0x28 calypso/libcalypso.a(backlight.o)
 .debug_aranges
                0x00000000000006a0       0x90 calypso/libcalypso.a(uart.o)
 .debug_aranges
                0x0000000000000730       0x30 calypso/libcalypso.a(uwire.o)
 .debug_aranges
                0x0000000000000760       0x28 calypso/libcalypso.a(arm.o)
 .debug_aranges
                0x0000000000000788       0x20 layer1/liblayer1.a(init.o)
 .debug_aranges