Archive member included because of file (symbol)

calypso/libcalypso.a(clock.o)
                              board/pirelli_dpl10/init.o (calypso_clock_set)
calypso/libcalypso.a(dma.o)   board/pirelli_dpl10/init.o (dma_init)
calypso/libcalypso.a(dsp.o)   apps/compal_dsp_dump/main.o (dsp_dump)
calypso/libcalypso.a(irq.o)   abb/twl3025.o (irq_enable)
calypso/libcalypso.a(rtc.o)   board/pirelli_dpl10/init.o (rtc_init)
calypso/libcalypso.a(spi.o)   abb/twl3025.o (spi_init)
calypso/libcalypso.a(tpu.o)   rf/trf6151.o (tpu_enable)
calypso/libcalypso.a(tsp.o)   abb/twl3025.o (tsp_write)
calypso/libcalypso.a(keypad.o)
                              board/pirelli_dpl10/init.o (keypad_init)
calypso/libcalypso.a(misc.o)  apps/compal_dsp_dump/main.o (dump_dev_id)
calypso/libcalypso.a(timer.o)
                              board/pirelli_dpl10/init.o (hwtimer_init)
calypso/libcalypso.a(backlight.o)
                              board/pirelli_dpl10/init.o (bl_mode_pwl)
calypso/libcalypso.a(uart.o)  board/pirelli_dpl10/init.o (uart_init)
calypso/libcalypso.a(arm.o)   calypso/libcalypso.a(irq.o) (arm_enable_interrupts)
lib/libmini.a(vsprintf.o)     apps/compal_dsp_dump/main.o (puts)
lib/libmini.a(string.o)       lib/libmini.a(vsprintf.o) (strnlen)
lib/libmini.a(ctype.o)        lib/libmini.a(vsprintf.o) (_ctype)
lib/libmini.a(printf.o)       abb/twl3025.o (printf)
lib/libmini.a(console.o)      board/pirelli_dpl10/init.o (cons_bind_uart)
lib/libmini.a(ctors.o)        board/compal/start.ram.o (do_global_ctors)
lib/libmini.a(delay.o)        calypso/libcalypso.a(tpu.o) (delay_us)
lib/libmini.a(div64.o)        lib/libmini.a(vsprintf.o) (__do_div64)
lib/libmini.a(lib1funcs.o)    rf/trf6151.o (__udivsi3)
lib/libmini.a(memcpy.o)       lib/libmini.a(console.o) (memcpy)
lib/libmini.a(memset.o)       lib/libmini.a(console.o) (memset)
comm/libcomm.a(sercomm.o)     board/pirelli_dpl10/init.o (sercomm_bind_uart)
comm/libcomm.a(sercomm_cons.o)
                              lib/libmini.a(vsprintf.o) (sercomm_puts)
comm/libcomm.a(timer.o)       calypso/libcalypso.a(keypad.o) (jiffies)
../../shared/libosmocore/build-target/src/.libs/libosmocore.a(msgb.o)
                              comm/libcomm.a(sercomm.o) (msgb_alloc)
../../shared/libosmocore/build-target/src/.libs/libosmocore.a(panic.o)
                              comm/libcomm.a(sercomm.o) (osmo_panic)
../../shared/libosmocore/build-target/src/gsm/.libs/libosmogsm.a(gsm_utils.o)
                              rf/trf6151.o (gsm_arfcn2band)
comm/libcomm.a(msgb.o)        ../../shared/libosmocore/build-target/src/.libs/libosmocore.a(msgb.o) (_talloc_zero)

Allocating common symbols
Common symbol       size              file

tall_msgb_ctx       0x4               ../../shared/libosmocore/build-target/src/.libs/libosmocore.a(msgb.o)
battery_info        0x14              battery/dummy.o
jiffies             0x4               comm/libcomm.a(timer.o)

Discarded input sections

 .text          0x0000000000000000        0x0 apps/compal_dsp_dump/main.o
 .bss           0x0000000000000000        0x0 apps/compal_dsp_dump/main.o
 .text          0x0000000000000000        0x0 abb/twl3025.o
 .data          0x0000000000000000        0x0 abb/twl3025.o
 .text.tpu_enq_at
                0x0000000000000000       0x34 abb/twl3025.o
 .text.tpu_enq_wait
                0x0000000000000000       0x14 abb/twl3025.o
 .text.twl3025_tsp_write
                0x0000000000000000       0x10 abb/twl3025.o
 .text.twl3025_downlink
                0x0000000000000000       0x98 abb/twl3025.o
 .text.twl3025_uplink
                0x0000000000000000       0xac abb/twl3025.o
 .text.twl3025_afc_set
                0x0000000000000000       0x64 abb/twl3025.o
 .text.twl3025_afc_get
                0x0000000000000000       0x40 abb/twl3025.o
 .text.twl3025_afcout_get
                0x0000000000000000       0x14 abb/twl3025.o
 .text.twl3025_afcout_set
                0x0000000000000000       0x24 abb/twl3025.o
 .rodata        0x0000000000000000       0x20 abb/twl3025.o
 .text          0x0000000000000000        0x0 rf/trf6151.o
 .data          0x0000000000000000       0x1c rf/trf6151.o
 .bss           0x0000000000000000        0x4 rf/trf6151.o
 .text.tpu_enq_at
                0x0000000000000000       0x34 rf/trf6151.o
 .text.tpu_enq_wait
                0x0000000000000000       0x14 rf/trf6151.o
 .text.trf6151_reg_write
                0x0000000000000000       0x38 rf/trf6151.o
 .text.trf6151_set_gain_reg
                0x0000000000000000       0x64 rf/trf6151.o
 .text.trf6151_set_gain
                0x0000000000000000       0x74 rf/trf6151.o
 .text.trf6151_power
                0x0000000000000000       0x64 rf/trf6151.o
 .text.trf6151_init
                0x0000000000000000       0x5c rf/trf6151.o
 .text.trf6151_set_mode
                0x0000000000000000       0x34 rf/trf6151.o
 .text.trf6151_set_arfcn
                0x0000000000000000      0x21c rf/trf6151.o
 .text.trf6151_calib_dc_offs
[...]
Memory Configuration

Name             Origin             Length             Attributes
XRAM             0x0000000000800000 0x0000000000020000 rw
RAM              0x0000000000820000 0x0000000000030000 rw
*default*        0x0000000000000000 0xffffffffffffffff

Linker script and memory map

                0x0000000000820000                . = 0x820000

.text.start     0x0000000000820000       0x6c
                0x0000000000820000                PROVIDE (_start, .)
 *(.text.start)
 .text.start    0x0000000000820000       0x6c board/compal/start.ram.o
                0x0000000000820000                _start
 *(.text.start)

.text.exceptions
                0x000000000080001c       0x1c load address 0x000000000082006c
 *(.text.exceptions)
 .text.exceptions
                0x000000000080001c       0x1c board/compal/exceptions_redirected.o
 *(.text.exceptions)
                0x0000000000800038                . = ALIGN (0x4)
                0x000000000082006c                PROVIDE (_exceptions, LOADADDR (.text.exceptions))
                0x0000000000800038                . = ALIGN (0x4)

.text           0x0000000000820088     0x4154
 *(.text*)
 .text.main     0x0000000000820088      0x118 apps/compal_dsp_dump/main.o
                0x0000000000820088                main
 .text.twl3025_wait_ibic_access
                0x00000000008201a0        0x8 abb/twl3025.o
 .text.twl3025_reg_write
                0x00000000008201a8       0x58 abb/twl3025.o
                0x00000000008201a8                twl3025_reg_write
 .text.twl3025_switch_page
                0x0000000000820200       0x2c abb/twl3025.o
 .text.twl3025_reg_read
                0x000000000082022c       0x74 abb/twl3025.o
                0x000000000082022c                twl3025_reg_read
 .text.twl3025_power_off
                0x00000000008202a0       0x30 abb/twl3025.o
                0x00000000008202a0                twl3025_power_off
 .text.twl3025_irq
                0x00000000008202d0       0x48 abb/twl3025.o
 .text.twl3025_clk13m
                0x0000000000820318       0x38 abb/twl3025.o
                0x0000000000820318                twl3025_clk13m
 .text.twl3025_unit_enable
                0x0000000000820350       0x6c abb/twl3025.o
                0x0000000000820350                twl3025_unit_enable
 .text.twl3025_init
                0x00000000008203bc       0x8c abb/twl3025.o
                0x00000000008203bc                twl3025_init
 .text          0x0000000000820448       0xfc board/common/calypso_uart.o
                0x0000000000820454                phex
                0x0000000000820488                puts_asm
                0x00000000008204c4                putchar_asm
                0x00000000008204d4                memdump_asm
 .text.board_init
                0x0000000000820544      0x1f0 board/pirelli_dpl10/init.o
                0x0000000000820544                board_init
 .text.fb_font_get_char
                0x0000000000820734       0x58 fb/font.o
                0x0000000000820734                fb_font_get_char
 .text.fb_limit_fb_range
                0x000000000082078c       0x38 fb/fb_rgb332.o
 .text.fb_rgb332_update_damage
                0x00000000008207c4       0xf0 fb/fb_rgb332.o
 .text.rgb_to_pixel
                0x00000000008208b4       0x20 fb/fb_rgb332.o
 .text.fb_rgb332_clear
                0x00000000008208d4       0x78 fb/fb_rgb332.o
                0x00000000008208d4                fb_rgb332_clear
 .text.fb_rgb332_boxto
                0x000000000082094c      0x14c fb/fb_rgb332.o
                0x000000000082094c                fb_rgb332_boxto
 .text.fb_rgb332_lineto
                0x0000000000820a98      0x128 fb/fb_rgb332.o
                0x0000000000820a98                fb_rgb332_lineto
 .text.fb_rgb332_putstr
                0x0000000000820bc0      0x2a8 fb/fb_rgb332.o
                0x0000000000820bc0                fb_rgb332_putstr
 .text.fb_s6b33b1x_send_cmdlist
                0x0000000000820e68       0x20 fb/fb_s6b33b1x.o
 .text.fb_s6b33b1x_flush
                0x0000000000820e88      0x150 fb/fb_s6b33b1x.o
 .text.fb_spca_write
                0x0000000000820fd8       0x20 fb/fb_s6b33b1x.o
 .text.fb_s6b33b1x_init
                0x0000000000820ff8       0xd4 fb/fb_s6b33b1x.o
 .text          0x00000000008210cc       0x90 board/compal/handlers.o
                0x00000000008210cc                handle_abort
                0x000000000082110c                irq_entry
                0x0000000000821134                fiq_entry
 .text.calypso_pll_set
                0x000000000082115c       0x34 calypso/libcalypso.a(clock.o)
                0x000000000082115c                calypso_pll_set
 .text.calypso_reset_set
                0x0000000000821190       0x28 calypso/libcalypso.a(clock.o)
                0x0000000000821190                calypso_reset_set
 .text.calypso_clock_set
                0x00000000008211b8       0x70 calypso/libcalypso.a(clock.o)
                0x00000000008211b8                calypso_clock_set
 .text.calypso_mem_cfg
                0x0000000000821228       0x24 calypso/libcalypso.a(clock.o)
                0x0000000000821228                calypso_mem_cfg
 .text.calypso_bootrom
                0x000000000082124c       0x20 calypso/libcalypso.a(clock.o)
                0x000000000082124c                calypso_bootrom
 .text.calypso_rhea_cfg
                0x000000000082126c       0x4c calypso/libcalypso.a(clock.o)
                0x000000000082126c                calypso_rhea_cfg
 .text.dma_init
                0x00000000008212b8       0x10 calypso/libcalypso.a(dma.o)
                0x00000000008212b8                dma_init
 .text.dsp_bl_wait_ready
                0x00000000008212c8       0x18 calypso/libcalypso.a(dsp.o)
 .text.dsp_upload_sections_api
                0x00000000008212e0       0x88 calypso/libcalypso.a(dsp.o)
 .text.dsp_pre_boot
                0x0000000000821368       0x84 calypso/libcalypso.a(dsp.o)
 .text.dsp_dump
                0x00000000008213ec      0x178 calypso/libcalypso.a(dsp.o)
                0x00000000008213ec                dsp_dump
 .text._irq_enable
                0x0000000000821564       0x40 calypso/libcalypso.a(irq.o)
 .text.irq_enable
                0x00000000008215a4        0x8 calypso/libcalypso.a(irq.o)
                0x00000000008215a4                irq_enable
 .text.irq_disable
                0x00000000008215ac        0x8 calypso/libcalypso.a(irq.o)
                0x00000000008215ac                irq_disable
 .text.irq_config
                0x00000000008215b4       0x48 calypso/libcalypso.a(irq.o)
                0x00000000008215b4                irq_config
 .text.irq      0x00000000008215fc       0x3c calypso/libcalypso.a(irq.o)
                0x00000000008215fc                irq
 .text.fiq      0x0000000000821638       0x3c calypso/libcalypso.a(irq.o)
                0x0000000000821638                fiq
 .text.irq_register_handler
                0x0000000000821674       0x14 calypso/libcalypso.a(irq.o)
                0x0000000000821674                irq_register_handler
 .text.calypso_exceptions_install
                0x0000000000821688       0x34 calypso/libcalypso.a(irq.o)
                0x0000000000821688                calypso_exceptions_install
 .text.irq_init
                0x00000000008216bc       0x5c calypso/libcalypso.a(irq.o)
                0x00000000008216bc                irq_init
 .text.rtc_irq_tick
                0x0000000000821718       0x18 calypso/libcalypso.a(rtc.o)
 .text.rtc_init
                0x0000000000821730       0x54 calypso/libcalypso.a(rtc.o)
                0x0000000000821730                rtc_init
 .text.spi_init
                0x0000000000821784       0x1c calypso/libcalypso.a(spi.o)
                0x0000000000821784                spi_init
 .text.spi_xfer
                0x00000000008217a0      0x100 calypso/libcalypso.a(spi.o)
                0x00000000008217a0                spi_xfer
 .text.keypad_irq
                0x00000000008218a0       0x18 calypso/libcalypso.a(keypad.o)
 .text.emit_key
                0x00000000008218b8       0x58 calypso/libcalypso.a(keypad.o)
                0x00000000008218b8                emit_key
 .text.dispatch_buttons
                0x0000000000821910       0xc4 calypso/libcalypso.a(keypad.o)
                0x0000000000821910                dispatch_buttons
 .text.keypad_init
                0x00000000008219d4       0x6c calypso/libcalypso.a(keypad.o)
                0x00000000008219d4                keypad_init
 .text.keypad_poll
                0x0000000000821a40      0x174 calypso/libcalypso.a(keypad.o)
                0x0000000000821a40                keypad_poll
 .text.dump_dev_id
                0x0000000000821bb4       0x8c calypso/libcalypso.a(misc.o)
                0x0000000000821bb4                dump_dev_id
 .text.hwtimer_enable
                0x0000000000821c40       0x68 calypso/libcalypso.a(timer.o)
                0x0000000000821c40                hwtimer_enable
 .text.hwtimer_config
                0x0000000000821ca8       0x34 calypso/libcalypso.a(timer.o)
                0x0000000000821ca8                hwtimer_config
 .text.hwtimer_load
                0x0000000000821cdc       0x28 calypso/libcalypso.a(timer.o)
                0x0000000000821cdc                hwtimer_load
 .text.hwtimer_init
                0x0000000000821d04       0x1c calypso/libcalypso.a(timer.o)
                0x0000000000821d04                hwtimer_init
 .text.bl_mode_pwl
                0x0000000000821d20       0x3c calypso/libcalypso.a(backlight.o)
                0x0000000000821d20                bl_mode_pwl
 .text.bl_level
                0x0000000000821d5c       0x34 calypso/libcalypso.a(backlight.o)
                0x0000000000821d5c                bl_level
 .text.uart_set_lcr7bit
                0x0000000000821d90       0x2c calypso/libcalypso.a(uart.o)
 .text.uart_set_lcr_bf
                0x0000000000821dbc       0x38 calypso/libcalypso.a(uart.o)
 .text.uart_set_mcr6bit
                0x0000000000821df4       0x2c calypso/libcalypso.a(uart.o)
 .text.uart_reg_write
                0x0000000000821e20       0xa0 calypso/libcalypso.a(uart.o)
 .text.uart_reg_read
                0x0000000000821ec0       0xa0 calypso/libcalypso.a(uart.o)
 .text.uart_irq_handler_cons
                0x0000000000821f60       0x5c calypso/libcalypso.a(uart.o)
 .text.uart_irq_enable
                0x0000000000821fbc       0x50 calypso/libcalypso.a(uart.o)
                0x0000000000821fbc                uart_irq_enable
 .text.uart_init
                0x000000000082200c      0x188 calypso/libcalypso.a(uart.o)
                0x000000000082200c                uart_init
 .text.uart_putchar_wait
                0x0000000000822194       0x30 calypso/libcalypso.a(uart.o)
                0x0000000000822194                uart_putchar_wait
 .text.uart_putchar_nb
                0x00000000008221c4       0x30 calypso/libcalypso.a(uart.o)
                0x00000000008221c4                uart_putchar_nb
 .text.uart_getchar_nb
                0x00000000008221f4       0x88 calypso/libcalypso.a(uart.o)
                0x00000000008221f4                uart_getchar_nb
 .text.uart_tx_busy
                0x000000000082227c       0x20 calypso/libcalypso.a(uart.o)
                0x000000000082227c                uart_tx_busy
 .text.uart_irq_handler_sercomm
                0x000000000082229c      0x124 calypso/libcalypso.a(uart.o)
 .text.uart_baudrate
                0x00000000008223c0       0x68 calypso/libcalypso.a(uart.o)
                0x00000000008223c0                uart_baudrate
 .text.arm_enable_interrupts
                0x0000000000822428       0x10 calypso/libcalypso.a(arm.o)
                0x0000000000822428                arm_enable_interrupts
 .text.skip_atoi
                0x0000000000822438       0x44 lib/libmini.a(vsprintf.o)
 .text.number   0x000000000082247c      0x254 lib/libmini.a(vsprintf.o)
 .text.vsnprintf
                0x00000000008226d0      0x518 lib/libmini.a(vsprintf.o)
                0x00000000008226d0                vsnprintf
 .text.puts     0x0000000000822be8        0x4 lib/libmini.a(vsprintf.o)
                0x0000000000822be8                puts
 .text.strnlen  0x0000000000822bec       0x28 lib/libmini.a(string.o)
                0x0000000000822bec                strnlen
 .text.strlen   0x0000000000822c14       0x1c lib/libmini.a(string.o)
                0x0000000000822c14                strlen
 .text.printf   0x0000000000822c30       0x44 lib/libmini.a(printf.o)
                0x0000000000822c30                printf
 .text.cons_rb_pull
                0x0000000000822c74       0x6c lib/libmini.a(console.o)
 .text.__cons_rb_append
                0x0000000000822ce0       0x70 lib/libmini.a(console.o)
 .text.cons_bind_uart
                0x0000000000822d50       0x18 lib/libmini.a(console.o)
                0x0000000000822d50                cons_bind_uart
 .text.cons_get_uart
                0x0000000000822d68       0x18 lib/libmini.a(console.o)
                0x0000000000822d68                cons_get_uart
 .text.cons_init
                0x0000000000822d80       0x40 lib/libmini.a(console.o)
                0x0000000000822d80                cons_init
 .text.cons_rb_flush
                0x0000000000822dc0       0x58 lib/libmini.a(console.o)
                0x0000000000822dc0                cons_rb_flush
 .text.cons_rb_append
                0x0000000000822e18       0xe0 lib/libmini.a(console.o)
                0x0000000000822e18                cons_rb_append
 .text.cons_puts
                0x0000000000822ef8       0x74 lib/libmini.a(console.o)
                0x0000000000822ef8                cons_puts
 .text.do_global_ctors
                0x0000000000822f6c       0x2c lib/libmini.a(ctors.o)
                0x0000000000822f6c                do_global_ctors
 .text.delay_ms
                0x0000000000822f98       0x40 lib/libmini.a(delay.o)
                0x0000000000822f98                delay_ms
 .text          0x0000000000822fd8      0x130 lib/libmini.a(div64.o)
                0x0000000000822fd8                __do_div64
 .text          0x0000000000823108      0x3d4 lib/libmini.a(lib1funcs.o)
                0x0000000000823108                __udivsi3
                0x0000000000823108                __aeabi_uidiv
                0x00000000008231f0                __umodsi3
                0x00000000008232ac                __aeabi_idiv
                0x00000000008232ac                __divsi3
                0x00000000008233c4                __modsi3
                0x0000000000823498                __aeabi_uidivmod
                0x00000000008234b0                __aeabi_idivmod
                0x00000000008234d8                __div0
 .text          0x00000000008234dc      0x29c lib/libmini.a(memcpy.o)
                0x00000000008234dc                memcpy
 *fill*         0x0000000000823778        0x8 00
 .text          0x0000000000823780       0xc0 lib/libmini.a(memset.o)
                0x00000000008237a0                memset
 .text.sercomm_sendmsg
                0x0000000000823840       0x8c comm/libcomm.a(sercomm.o)
                0x0000000000823840                sercomm_sendmsg
 .text.sercomm_alloc_msgb.clone.2
                0x00000000008238cc       0x38 comm/libcomm.a(sercomm.o)
 .text.sercomm_bind_uart
                0x0000000000823904       0x10 comm/libcomm.a(sercomm.o)
                0x0000000000823904                sercomm_bind_uart
 .text.sercomm_get_uart
                0x0000000000823914       0x10 comm/libcomm.a(sercomm.o)
                0x0000000000823914                sercomm_get_uart
 .text.sercomm_initialized
                0x0000000000823924       0x10 comm/libcomm.a(sercomm.o)
                0x0000000000823924                sercomm_initialized
 .text.sercomm_tx_queue_depth
                0x0000000000823934       0x34 comm/libcomm.a(sercomm.o)
                0x0000000000823934                sercomm_tx_queue_depth
 .text.sercomm_drv_pull
                0x0000000000823968      0x118 comm/libcomm.a(sercomm.o)
                0x0000000000823968                sercomm_drv_pull
 .text.sercomm_register_rx_cb
                0x0000000000823a80       0x34 comm/libcomm.a(sercomm.o)
                0x0000000000823a80                sercomm_register_rx_cb
 .text.sercomm_init
                0x0000000000823ab4       0x50 comm/libcomm.a(sercomm.o)
                0x0000000000823ab4                sercomm_init
 .text.sercomm_drv_rx_char
                0x0000000000823b04      0x1a8 comm/libcomm.a(sercomm.o)
                0x0000000000823b04                sercomm_drv_rx_char
 .text.raw_puts
                0x0000000000823cac       0x38 comm/libcomm.a(sercomm_cons.o)
 .text.sercomm_puts
                0x0000000000823ce4      0x178 comm/libcomm.a(sercomm_cons.o)
                0x0000000000823ce4                sercomm_puts
 .text.sercomm_putchar
                0x0000000000823e5c       0x28 comm/libcomm.a(sercomm_cons.o)
                0x0000000000823e5c                sercomm_putchar
 .text.timer_irq
                0x0000000000823e84       0x18 comm/libcomm.a(timer.o)
 .text.osmo_timer_del
                0x0000000000823e9c       0x48 comm/libcomm.a(timer.o)
                0x0000000000823e9c                osmo_timer_del
 .text.osmo_timers_update
                0x0000000000823ee4       0xdc comm/libcomm.a(timer.o)
                0x0000000000823ee4                osmo_timers_update
 .text.timer_init
                0x0000000000823fc0       0x6c comm/libcomm.a(timer.o)
                0x0000000000823fc0                timer_init
 .text.msgb_alloc
                0x000000000082402c       0x5c ../../shared/libosmocore/build-target/src/.libs/libosmocore.a(msgb.o)
                0x000000000082402c                msgb_alloc
 .text.msgb_free
                0x0000000000824088        0x4 ../../shared/libosmocore/build-target/src/.libs/libosmocore.a(msgb.o)
                0x0000000000824088                msgb_free
 .text.msgb_enqueue
                0x000000000082408c       0x18 ../../shared/libosmocore/build-target/src/.libs/libosmocore.a(msgb.o)
                0x000000000082408c                msgb_enqueue
 .text.msgb_dequeue
                0x00000000008240a4       0x40 ../../shared/libosmocore/build-target/src/.libs/libosmocore.a(msgb.o)
                0x00000000008240a4                msgb_dequeue
 .text.osmo_panic
                0x00000000008240e4       0x4c ../../shared/libosmocore/build-target/src/.libs/libosmocore.a(panic.o)
                0x00000000008240e4                osmo_panic
 .text._talloc_zero
                0x0000000000824130       0xa0 comm/libcomm.a(msgb.o)
                0x0000000000824130                _talloc_zero
 .text.talloc_free
                0x00000000008241d0        0xc comm/libcomm.a(msgb.o)
                0x00000000008241d0                talloc_free
 *(.ramtext*)
 *(.glue_7t)
 .glue_7t       0x0000000000000000        0x0 linker stubs
 *(.glue_7)
 .glue_7        0x0000000000000000        0x0 linker stubs
 *(.vfp11_veneer)
 .vfp11_veneer  0x0000000000000000        0x0 linker stubs
 *(.v4_bx)
 .v4_bx         0x0000000000000000        0x0 linker stubs
                0x00000000008241dc                . = ALIGN (0x4)
                0x0000000000820088                PROVIDE (_text_start, LOADADDR (.text))
                0x00000000008241dc                PROVIDE (_text_end, (LOADADDR (.text) + SIZEOF (.text)))

.ctors          0x00000000008241dc        0x8
                0x00000000008241dc        0x4 LONG 0x0 ((SIZEOF (.ctors) / 0x4) - 0x2)
 *(SORT(.ctors))
 *(SORT(.init_array))
                0x00000000008241e0        0x4 LONG 0x0
                0x00000000008241dc                PROVIDE (_ctor_start, LOADADDR (.ctors))
                0x00000000008241e4                PROVIDE (_ctor_end, (LOADADDR (.ctors) + SIZEOF (.ctors)))

.dtors          0x00000000008241e4        0x8
                0x00000000008241e4        0x4 LONG 0x0 ((SIZEOF (.dtors) / 0x4) - 0x2)
 *(SORT(.dtors))
                0x00000000008241e8        0x4 LONG 0x0
                0x00000000008241e4                PROVIDE (_dtor_start, LOADADDR (.dtors))
                0x00000000008241ec                PROVIDE (_dtor_end, (LOADADDR (.dtors) + SIZEOF (.dtors)))
                0x00000000008241ec                . = ALIGN (0x4)

.rodata         0x00000000008241ec     0x18da
 *(.rodata*)
 .rodata.str1.1
                0x00000000008241ec       0xad apps/compal_dsp_dump/main.o
 .rodata.str1.1
                0x0000000000824299       0x58 abb/twl3025.o
 *fill*         0x00000000008242f1        0x3 00
 .rodata        0x00000000008242f4       0x18 board/pirelli_dpl10/init.o
 .rodata        0x000000000082430c      0x4bc fb/helvR08.o
                0x000000000082430c                font_helvR08
 .rodata        0x00000000008247c8      0x70c fb/helvB14.o
                0x00000000008247c8                font_helvB14
 .rodata        0x0000000000824ed4      0x5b0 fb/c64.o
                0x0000000000824ed4                font_c64
 .rodata        0x0000000000825484       0x9c fb/symbols.o
                0x0000000000825484                font_symbols
 .rodata        0x0000000000825520       0x70 fb/fb_s6b33b1x.o
 .rodata.str1.1
                0x0000000000825590       0x26 fb/fb_s6b33b1x.o
 *fill*         0x00000000008255b6        0x2 00
 .rodata        0x00000000008255b8       0x98 calypso/libcalypso.a(dsp.o)
 .rodata.str1.1
                0x0000000000825650      0x1d3 calypso/libcalypso.a(dsp.o)
                                        0x1da (size before relaxing)
 *fill*         0x0000000000825823        0x1 00
 .rodata        0x0000000000825824       0x18 calypso/libcalypso.a(irq.o)
 .rodata.str1.1
                0x000000000082583c       0x1c calypso/libcalypso.a(keypad.o)
 .rodata.str1.1
                0x0000000000825858       0xf9 calypso/libcalypso.a(misc.o)
                                         0xfc (size before relaxing)
 .rodata.str1.1
                0x0000000000825951       0x1f calypso/libcalypso.a(timer.o)
 .rodata        0x0000000000825970       0x18 calypso/libcalypso.a(uart.o)
 .rodata.str1.1
                0x0000000000825988       0x61 calypso/libcalypso.a(uart.o)
 *fill*         0x00000000008259e9        0x3 00
 .rodata        0x00000000008259ec       0x50 lib/libmini.a(vsprintf.o)
 .rodata.str1.1
                0x0000000000825a3c       0x71 comm/libcomm.a(sercomm.o)
 .rodata.str1.1
                0x0000000000000000       0x3e comm/libcomm.a(sercomm_cons.o)
 .rodata.str1.1
                0x0000000000825aad       0x19 comm/libcomm.a(msgb.o)
                0x00000000008241ec                PROVIDE (_rodata_start, LOADADDR (.rodata))
                0x0000000000825ac6                PROVIDE (_rodata_end, (LOADADDR (.rodata) + SIZEOF (.rodata)))

.rel.dyn        0x0000000000825ac8        0x0
 .rel.got       0x0000000000000000        0x0 ../../shared/libosmocore/build-target/src/.libs/libosmocore.a(msgb.o)
                0x0000000000825ac8                . = ALIGN (0x4)

.data           0x0000000000825ac8      0x360
 *(.data)
 .data          0x0000000000825ac8        0x4 apps/compal_dsp_dump/main.o
                0x0000000000825ac8                hr
 .data          0x0000000000825acc       0x10 fb/font.o
                0x0000000000825acc                fb_fonts
 .data          0x0000000000825adc       0x48 fb/fb_s6b33b1x.o
                0x0000000000825adc                fb_rgb332
                0x0000000000825ae0                framebuffer
 .data          0x0000000000825b24      0x1fc calypso/libcalypso.a(dsp.o)
                0x0000000000825b24                dsp_api
 .data          0x0000000000825d20      0x100 lib/libmini.a(ctype.o)
                0x0000000000825d20                _ctype
 .data          0x0000000000825e20        0x8 comm/libcomm.a(timer.o)
                0x0000000000825ac8                PROVIDE (_data_start, LOADADDR (.data))
                0x0000000000825e28                PROVIDE (_data_end, (LOADADDR (.data) + SIZEOF (.data)))
                0x0000000000825e28                . = ALIGN (0x4)

.got            0x0000000000825e28       0x10
 *(.got)
 .got           0x0000000000825e28        0x4 ../../shared/libosmocore/build-target/src/.libs/libosmocore.a(msgb.o)
 *(.got.plt)
 .got.plt       0x0000000000825e2c        0xc ../../shared/libosmocore/build-target/src/.libs/libosmocore.a(msgb.o)
                0x0000000000825e2c                _GLOBAL_OFFSET_TABLE_
 *(.igot.plt)
 *(.got)
 *(.igot)
                0x0000000000825e28                PROVIDE (_got_start, LOADADDR (.got))
                0x0000000000825e38                PROVIDE (_got_end, (LOADADDR (.got) + SIZEOF (.got)))

.bss            0x0000000000825e38     0x8480
                0x0000000000825e38                . = ALIGN (0x4)
                0x0000000000825e38                __bss_start = .
 *(.bss)
 .bss           0x0000000000825e38        0x4 abb/twl3025.o
 .bss           0x0000000000825e3c     0x4000 fb/fb_s6b33b1x.o
 .bss           0x0000000000829e3c       0x80 calypso/libcalypso.a(irq.o)
 .bss           0x0000000000829ebc        0x4 calypso/libcalypso.a(rtc.o)
 .bss           0x0000000000829ec0       0x28 calypso/libcalypso.a(keypad.o)
                0x0000000000829ecc                lastbuttons
                0x0000000000829ed0                power_hold
 .bss           0x0000000000829ee8        0x1 calypso/libcalypso.a(uart.o)
 *fill*         0x0000000000829ee9        0x3 00
 .bss           0x0000000000829eec      0x400 lib/libmini.a(printf.o)
 .bss           0x000000000082a2ec     0x1010 lib/libmini.a(console.o)
 .bss           0x000000000082b2fc      0x62c comm/libcomm.a(sercomm.o)
 .bss           0x000000000082b928        0x4 comm/libcomm.a(sercomm_cons.o)
 .bss           0x000000000082b92c        0x4 ../../shared/libosmocore/build-target/src/.libs/libosmocore.a(panic.o)
 .bss           0x000000000082b930     0x2980 comm/libcomm.a(msgb.o)
 COMMON         0x000000000082e2b0        0x4 comm/libcomm.a(timer.o)
                0x000000000082e2b0                jiffies
 COMMON         0x000000000082e2b4        0x4 ../../shared/libosmocore/build-target/src/.libs/libosmocore.a(msgb.o)
                0x000000000082e2b4                tall_msgb_ctx
                0x000000000082e2b8                . = ALIGN (0x4)
                0x000000000082e2b8                __bss_end = .
                0x0000000000825e38                PROVIDE (_bss_start, __bss_start)
                0x000000000082e2b8                PROVIDE (_bss_end, __bss_end)
                0x000000000082e2b8                . = ALIGN (0x4)
                0x000000000082e2b8                _end = .
                0x000000000082e2b8                PROVIDE (end, .)
START GROUP
LOAD apps/compal_dsp_dump/main.o
LOAD abb/twl3025.o
LOAD rf/trf6151.o
LOAD flash/cfi_flash.o
LOAD board/common/calypso_uart.o
LOAD board/common/calypso_pwl.o
LOAD board/pirelli_dpl10/init.o
LOAD board/pirelli_dpl10/rffe_dpl10_triband.o
LOAD board/pirelli_dpl10/rf_power.o
LOAD battery/dummy.o
LOAD fb/framebuffer.o
LOAD fb/font.o
LOAD fb/helvR08.o
LOAD fb/helvB14.o
LOAD fb/c64.o
LOAD fb/symbols.o
LOAD fb/fb_rgb332.o
LOAD fb/fb_s6b33b1x.o
LOAD board/compal/start.ram.o
LOAD board/compal/exceptions_redirected.o
LOAD board/compal/handlers.o
LOAD board/pirelli_dpl10/compal_dsp_dump.highram.manifest.o
LOAD calypso/libcalypso.a
LOAD layer1/liblayer1.a
LOAD lib/libmini.a
LOAD comm/libcomm.a
LOAD ../../shared/libosmocore/build-target/src/.libs/libosmocore.a
LOAD ../../shared/libosmocore/build-target/src/gsm/.libs/libosmogsm.a
END GROUP
OUTPUT(board/pirelli_dpl10/compal_dsp_dump.highram.elf elf32-littlearm)

.debug_abbrev   0x0000000000000000     0x39a8
 .debug_abbrev  0x0000000000000000      0x1ba apps/compal_dsp_dump/main.o
 .debug_abbrev  0x00000000000001ba      0x2b1 abb/twl3025.o
 .debug_abbrev  0x000000000000046b      0x2df rf/trf6151.o
 .debug_abbrev  0x000000000000074a      0x324 flash/cfi_flash.o
 .debug_abbrev  0x0000000000000a6e      0x15b board/pirelli_dpl10/init.o
 .debug_abbrev  0x0000000000000bc9      0x121 board/pirelli_dpl10/rffe_dpl10_triband.o
 .debug_abbrev  0x0000000000000cea       0x72 board/pirelli_dpl10/rf_power.o
 .debug_abbrev  0x0000000000000d5c       0x8c battery/dummy.o
 .debug_abbrev  0x0000000000000de8       0xc0 fb/framebuffer.o
 .debug_abbrev  0x0000000000000ea8       0xd9 fb/font.o
 .debug_abbrev  0x0000000000000f81       0xaf fb/helvR08.o
 .debug_abbrev  0x0000000000001030       0xaf fb/helvB14.o
 .debug_abbrev  0x00000000000010df       0xaf fb/c64.o
 .debug_abbrev  0x000000000000118e       0x97 fb/symbols.o
 .debug_abbrev  0x0000000000001225      0x29f fb/fb_rgb332.o
 .debug_abbrev  0x00000000000014c4      0x20e fb/fb_s6b33b1x.o
 .debug_abbrev  0x00000000000016d2       0x40 board/pirelli_dpl10/compal_dsp_dump.highram.manifest.o
 .debug_abbrev  0x0000000000001712      0x154 calypso/libcalypso.a(clock.o)
 .debug_abbrev  0x0000000000001866       0x43 calypso/libcalypso.a(dma.o)
 .debug_abbrev  0x00000000000018a9      0x410 calypso/libcalypso.a(dsp.o)
 .debug_abbrev  0x0000000000001cb9      0x198 calypso/libcalypso.a(irq.o)
 .debug_abbrev  0x0000000000001e51       0x8c calypso/libcalypso.a(rtc.o)
 .debug_abbrev  0x0000000000001edd       0xd0 calypso/libcalypso.a(spi.o)
 .debug_abbrev  0x0000000000001fad      0x27c calypso/libcalypso.a(tpu.o)
 .debug_abbrev  0x0000000000002229      0x127 calypso/libcalypso.a(tsp.o)
 .debug_abbrev  0x0000000000002350      0x164 calypso/libcalypso.a(keypad.o)
 .debug_abbrev  0x00000000000024b4       0xaa calypso/libcalypso.a(misc.o)
 .debug_abbrev  0x000000000000255e      0x10b calypso/libcalypso.a(timer.o)
 .debug_abbrev  0x0000000000002669       0xaa calypso/libcalypso.a(backlight.o)
 .debug_abbrev  0x0000000000002713      0x1f6 calypso/libcalypso.a(uart.o)
 .debug_abbrev  0x0000000000002909       0x78 calypso/libcalypso.a(arm.o)
 .debug_abbrev  0x0000000000002981      0x213 lib/libmini.a(vsprintf.o)
 .debug_abbrev  0x0000000000002b94       0xae lib/libmini.a(string.o)
 .debug_abbrev  0x0000000000002c42       0x53 lib/libmini.a(ctype.o)
 .debug_abbrev  0x0000000000002c95       0xaf lib/libmini.a(printf.o)
 .debug_abbrev  0x0000000000002d44      0x20b lib/libmini.a(console.o)
 .debug_abbrev  0x0000000000002f4f       0x7a lib/libmini.a(ctors.o)
 .debug_abbrev  0x0000000000002fc9       0x81 lib/libmini.a(delay.o)
 .debug_abbrev  0x000000000000304a      0x350 comm/libcomm.a(sercomm.o)
 .debug_abbrev  0x000000000000339a      0x24e comm/libcomm.a(sercomm_cons.o)
 .debug_abbrev  0x00000000000035e8      0x237 comm/libcomm.a(timer.o)
 .debug_abbrev  0x000000000000381f      0x189 comm/libcomm.a(msgb.o)

.debug_info     0x0000000000000000     0xaffd
 .debug_info    0x0000000000000000      0x4ab apps/compal_dsp_dump/main.o
 .debug_info    0x00000000000004ab      0x784 abb/twl3025.o
 .debug_info    0x0000000000000c2f      0xa18 rf/trf6151.o
 .debug_info    0x0000000000001647      0xa9e flash/cfi_flash.o
 .debug_info    0x00000000000020e5      0x594 board/pirelli_dpl10/init.o
 .debug_info    0x0000000000002679      0x2ab board/pirelli_dpl10/rffe_dpl10_triband.o
 .debug_info    0x0000000000002924       0xce board/pirelli_dpl10/rf_power.o
 .debug_info    0x00000000000029f2       0xdb battery/dummy.o
 .debug_info    0x0000000000002acd      0x1f4 fb/framebuffer.o
 .debug_info    0x0000000000002cc1      0x275 fb/font.o
 .debug_info    0x0000000000002f36      0x17f fb/helvR08.o
 .debug_info    0x00000000000030b5      0x17f fb/helvB14.o
 .debug_info    0x0000000000003234      0x17f fb/c64.o
 .debug_info    0x00000000000033b3      0x17c fb/symbols.o
 .debug_info    0x000000000000352f      0x8fe fb/fb_rgb332.o
 .debug_info    0x0000000000003e2d      0x52a fb/fb_s6b33b1x.o
 .debug_info    0x0000000000004357       0x80 board/pirelli_dpl10/compal_dsp_dump.highram.manifest.o
 .debug_info    0x00000000000043d7      0x44d calypso/libcalypso.a(clock.o)
 .debug_info    0x0000000000004824       0x57 calypso/libcalypso.a(dma.o)
 .debug_info    0x000000000000487b     0x1c47 calypso/libcalypso.a(dsp.o)
 .debug_info    0x00000000000064c2      0x480 calypso/libcalypso.a(irq.o)
 .debug_info    0x0000000000006942      0x1d1 calypso/libcalypso.a(rtc.o)
 .debug_info    0x0000000000006b13      0x188 calypso/libcalypso.a(spi.o)
 .debug_info    0x0000000000006c9b      0x57d calypso/libcalypso.a(tpu.o)
 .debug_info    0x0000000000007218      0x35d calypso/libcalypso.a(tsp.o)
 .debug_info    0x0000000000007575      0x461 calypso/libcalypso.a(keypad.o)
 .debug_info    0x00000000000079d6      0x11c calypso/libcalypso.a(misc.o)
 .debug_info    0x0000000000007af2      0x320 calypso/libcalypso.a(timer.o)
 .debug_info    0x0000000000007e12       0xf9 calypso/libcalypso.a(backlight.o)
 .debug_info    0x0000000000007f0b      0x719 calypso/libcalypso.a(uart.o)
 .debug_info    0x0000000000008624       0x91 calypso/libcalypso.a(arm.o)
 .debug_info    0x00000000000086b5      0x9fa lib/libmini.a(vsprintf.o)
 .debug_info    0x00000000000090af      0x131 lib/libmini.a(string.o)
 .debug_info    0x00000000000091e0       0x63 lib/libmini.a(ctype.o)
 .debug_info    0x0000000000009243      0x109 lib/libmini.a(printf.o)
 .debug_info    0x000000000000934c      0x3a5 lib/libmini.a(console.o)
 .debug_info    0x00000000000096f1       0xab lib/libmini.a(ctors.o)
 .debug_info    0x000000000000979c       0x9a lib/libmini.a(delay.o)
 .debug_info    0x0000000000009836      0x949 comm/libcomm.a(sercomm.o)
 .debug_info    0x000000000000a17f      0x589 comm/libcomm.a(sercomm_cons.o)
 .debug_info    0x000000000000a708      0x5ca comm/libcomm.a(timer.o)
 .debug_info    0x000000000000acd2      0x32b comm/libcomm.a(msgb.o)

.debug_line     0x0000000000000000     0x3ab2
 .debug_line    0x0000000000000000      0x13d apps/compal_dsp_dump/main.o
 .debug_line    0x000000000000013d      0x2c8 abb/twl3025.o
 .debug_line    0x0000000000000405      0x374 rf/trf6151.o
 .debug_line    0x0000000000000779      0x1e0 flash/cfi_flash.o
 .debug_line    0x0000000000000959      0x171 board/pirelli_dpl10/init.o
 .debug_line    0x0000000000000aca      0x1b5 board/pirelli_dpl10/rffe_dpl10_triband.o
 .debug_line    0x0000000000000c7f       0x9a board/pirelli_dpl10/rf_power.o
 .debug_line    0x0000000000000d19       0x5c battery/dummy.o
 .debug_line    0x0000000000000d75       0x9e fb/framebuffer.o
 .debug_line    0x0000000000000e13       0xba fb/font.o
 .debug_line    0x0000000000000ecd       0x9d fb/helvR08.o
 .debug_line    0x0000000000000f6a       0x9d fb/helvB14.o
 .debug_line    0x0000000000001007       0x99 fb/c64.o
 .debug_line    0x00000000000010a0       0x9d fb/symbols.o
 .debug_line    0x000000000000113d      0x2c5 fb/fb_rgb332.o
 .debug_line    0x0000000000001402      0x1a5 fb/fb_s6b33b1x.o
 .debug_line    0x00000000000015a7       0x31 board/pirelli_dpl10/compal_dsp_dump.highram.manifest.o
 .debug_line    0x00000000000015d8      0x1a1 calypso/libcalypso.a(clock.o)
 .debug_line    0x0000000000001779       0x3f calypso/libcalypso.a(dma.o)
 .debug_line    0x00000000000017b8      0x4f8 calypso/libcalypso.a(dsp.o)
 .debug_line    0x0000000000001cb0      0x18f calypso/libcalypso.a(irq.o)
 .debug_line    0x0000000000001e3f       0x6f calypso/libcalypso.a(rtc.o)
 .debug_line    0x0000000000001eae       0xe5 calypso/libcalypso.a(spi.o)
 .debug_line    0x0000000000001f93      0x279 calypso/libcalypso.a(tpu.o)
 .debug_line    0x000000000000220c      0x189 calypso/libcalypso.a(tsp.o)
 .debug_line    0x0000000000002395      0x199 calypso/libcalypso.a(keypad.o)
 .debug_line    0x000000000000252e       0x8c calypso/libcalypso.a(misc.o)
 .debug_line    0x00000000000025ba      0x15a calypso/libcalypso.a(timer.o)
 .debug_line    0x0000000000002714       0xc8 calypso/libcalypso.a(backlight.o)
 .debug_line    0x00000000000027dc      0x290 calypso/libcalypso.a(uart.o)
 .debug_line    0x0000000000002a6c       0x4f calypso/libcalypso.a(arm.o)
 .debug_line    0x0000000000002abb      0x577 lib/libmini.a(vsprintf.o)
 .debug_line    0x0000000000003032       0xb6 lib/libmini.a(string.o)
 .debug_line    0x00000000000030e8       0x3f lib/libmini.a(ctype.o)
 .debug_line    0x0000000000003127       0x84 lib/libmini.a(printf.o)
 .debug_line    0x00000000000031ab      0x149 lib/libmini.a(console.o)
 .debug_line    0x00000000000032f4       0x47 lib/libmini.a(ctors.o)
 .debug_line    0x000000000000333b       0x66 lib/libmini.a(delay.o)
 .debug_line    0x00000000000033a1      0x2c2 comm/libcomm.a(sercomm.o)
 .debug_line    0x0000000000003663      0x19d comm/libcomm.a(sercomm_cons.o)
 .debug_line    0x0000000000003800      0x1ad comm/libcomm.a(timer.o)
 .debug_line    0x00000000000039ad      0x105 comm/libcomm.a(msgb.o)

.debug_loc      0x0000000000000000     0x5a5e
 .debug_loc     0x0000000000000000       0x3d apps/compal_dsp_dump/main.o
 .debug_loc     0x000000000000003d      0x413 abb/twl3025.o
 .debug_loc     0x0000000000000450      0x784 rf/trf6151.o
 .debug_loc     0x0000000000000bd4      0x5a0 flash/cfi_flash.o
 .debug_loc     0x0000000000001174       0xdb board/pirelli_dpl10/init.o
 .debug_loc     0x000000000000124f      0x182 board/pirelli_dpl10/rffe_dpl10_triband.o
 .debug_loc     0x00000000000013d1       0x4f fb/font.o
 .debug_loc     0x0000000000001420      0x746 fb/fb_rgb332.o
 .debug_loc     0x0000000000001b66      0x1ba fb/fb_s6b33b1x.o
 .debug_loc     0x0000000000001d20      0x297 calypso/libcalypso.a(clock.o)
 .debug_loc     0x0000000000001fb7      0x6ce calypso/libcalypso.a(dsp.o)
 .debug_loc     0x0000000000002685      0x215 calypso/libcalypso.a(irq.o)
 .debug_loc     0x000000000000289a       0x20 calypso/libcalypso.a(rtc.o)
 .debug_loc     0x00000000000028ba      0x155 calypso/libcalypso.a(spi.o)
 .debug_loc     0x0000000000002a0f      0x31e calypso/libcalypso.a(tpu.o)
 .debug_loc     0x0000000000002d2d      0x153 calypso/libcalypso.a(tsp.o)
 .debug_loc     0x0000000000002e80      0x174 calypso/libcalypso.a(keypad.o)
 .debug_loc     0x0000000000002ff4       0xfa calypso/libcalypso.a(misc.o)
 .debug_loc     0x00000000000030ee      0x154 calypso/libcalypso.a(timer.o)
 .debug_loc     0x0000000000003242       0x44 calypso/libcalypso.a(backlight.o)
 .debug_loc     0x0000000000003286      0x4b2 calypso/libcalypso.a(uart.o)
 .debug_loc     0x0000000000003738     0x1604 lib/libmini.a(vsprintf.o)
 .debug_loc     0x0000000000004d3c       0x8b lib/libmini.a(string.o)
 .debug_loc     0x0000000000004dc7       0x4a lib/libmini.a(printf.o)
 .debug_loc     0x0000000000004e11      0x23b lib/libmini.a(console.o)
 .debug_loc     0x000000000000504c       0x7b lib/libmini.a(ctors.o)
 .debug_loc     0x00000000000050c7       0xa9 lib/libmini.a(delay.o)
 .debug_loc     0x0000000000005170      0x2fc comm/libcomm.a(sercomm.o)
 .debug_loc     0x000000000000546c      0x2ea comm/libcomm.a(sercomm_cons.o)
 .debug_loc     0x0000000000005756      0x291 comm/libcomm.a(timer.o)
 .debug_loc     0x00000000000059e7       0x77 comm/libcomm.a(msgb.o)

.debug_pubnames
                0x0000000000000000     0x11ba
 .debug_pubnames
                0x0000000000000000       0x22 apps/compal_dsp_dump/main.o
 .debug_pubnames
                0x0000000000000022      0x13c abb/twl3025.o
 .debug_pubnames
                0x000000000000015e      0x164 rf/trf6151.o
 .debug_pubnames
                0x00000000000002c2       0xa6 flash/cfi_flash.o
 .debug_pubnames
                0x0000000000000368       0x21 board/pirelli_dpl10/init.o
 .debug_pubnames
                0x0000000000000389       0xd6 board/pirelli_dpl10/rffe_dpl10_triband.o
 .debug_pubnames
                0x000000000000045f       0x3c board/pirelli_dpl10/rf_power.o
 .debug_pubnames
                0x000000000000049b       0x3a battery/dummy.o
 .debug_pubnames
                0x00000000000004d5       0x34 fb/font.o
 .debug_pubnames
                0x0000000000000509       0x23 fb/helvR08.o
 .debug_pubnames
                0x000000000000052c       0x23 fb/helvB14.o
 .debug_pubnames
                0x000000000000054f       0x1f fb/c64.o
 .debug_pubnames
                0x000000000000056e       0x23 fb/symbols.o
 .debug_pubnames
                0x0000000000000591       0x64 fb/fb_rgb332.o
 .debug_pubnames
                0x00000000000005f5       0x30 fb/fb_s6b33b1x.o
 .debug_pubnames
                0x0000000000000625       0x6d board/pirelli_dpl10/compal_dsp_dump.highram.manifest.o
 .debug_pubnames
                0x0000000000000692       0xd0 calypso/libcalypso.a(clock.o)
 .debug_pubnames
                0x0000000000000762       0x1f calypso/libcalypso.a(dma.o)
 .debug_pubnames
                0x0000000000000781      0x12b calypso/libcalypso.a(dsp.o)
 .debug_pubnames
                0x00000000000008ac       0x95 calypso/libcalypso.a(irq.o)
 .debug_pubnames
                0x0000000000000941       0x1f calypso/libcalypso.a(rtc.o)
 .debug_pubnames
                0x0000000000000960       0x2c calypso/libcalypso.a(spi.o)
 .debug_pubnames
                0x000000000000098c      0x12d calypso/libcalypso.a(tpu.o)
 .debug_pubnames
                0x0000000000000ab9       0x9a calypso/libcalypso.a(tsp.o)
 .debug_pubnames
                0x0000000000000b53       0x8a calypso/libcalypso.a(keypad.o)
 .debug_pubnames
                0x0000000000000bdd       0x41 calypso/libcalypso.a(misc.o)
 .debug_pubnames
                0x0000000000000c1e       0x8a calypso/libcalypso.a(timer.o)
 .debug_pubnames
                0x0000000000000ca8       0x2f calypso/libcalypso.a(backlight.o)
 .debug_pubnames
                0x0000000000000cd7       0xa3 calypso/libcalypso.a(uart.o)
 .debug_pubnames
                0x0000000000000d7a       0x47 calypso/libcalypso.a(arm.o)
 .debug_pubnames
                0x0000000000000dc1       0xb3 lib/libmini.a(vsprintf.o)
 .debug_pubnames
                0x0000000000000e74       0x29 lib/libmini.a(string.o)
 .debug_pubnames
                0x0000000000000e9d       0x1d lib/libmini.a(ctype.o)
 .debug_pubnames
                0x0000000000000eba       0x1d lib/libmini.a(printf.o)
 .debug_pubnames
                0x0000000000000ed7       0x89 lib/libmini.a(console.o)
 .debug_pubnames
                0x0000000000000f60       0x26 lib/libmini.a(ctors.o)
 .debug_pubnames
                0x0000000000000f86       0x2c lib/libmini.a(delay.o)
 .debug_pubnames
                0x0000000000000fb2       0xdd comm/libcomm.a(sercomm.o)
 .debug_pubnames
                0x000000000000108f       0x37 comm/libcomm.a(sercomm_cons.o)
 .debug_pubnames
                0x00000000000010c6       0xaf comm/libcomm.a(timer.o)
 .debug_pubnames
                0x0000000000001175       0x45 comm/libcomm.a(msgb.o)

.debug_pubtypes
                0x0000000000000000      0xdf2
 .debug_pubtypes
                0x0000000000000000       0x4b apps/compal_dsp_dump/main.o
 .debug_pubtypes
                0x000000000000004b       0xa2 abb/twl3025.o
 .debug_pubtypes
                0x00000000000000ed       0xa3 rf/trf6151.o
 .debug_pubtypes
                0x0000000000000190      0x109 flash/cfi_flash.o
 .debug_pubtypes
                0x0000000000000299       0xc7 board/pirelli_dpl10/init.o
 .debug_pubtypes
                0x0000000000000360       0x5f board/pirelli_dpl10/rffe_dpl10_triband.o
 .debug_pubtypes
                0x00000000000003bf       0x1e board/pirelli_dpl10/rf_power.o
 .debug_pubtypes
                0x00000000000003dd       0x35 battery/dummy.o
 .debug_pubtypes
                0x0000000000000412       0x4b fb/framebuffer.o
 .debug_pubtypes
                0x000000000000045d       0x4e fb/font.o
 .debug_pubtypes
                0x00000000000004ab       0x42 fb/helvR08.o
 .debug_pubtypes
                0x00000000000004ed       0x42 fb/helvB14.o
 .debug_pubtypes
                0x000000000000052f       0x42 fb/c64.o
 .debug_pubtypes
                0x0000000000000571       0x42 fb/symbols.o
 .debug_pubtypes
                0x00000000000005b3       0x88 fb/fb_rgb332.o
 .debug_pubtypes
                0x000000000000063b       0x8f fb/fb_s6b33b1x.o
 .debug_pubtypes
                0x00000000000006ca       0x97 calypso/libcalypso.a(clock.o)
 .debug_pubtypes
                0x0000000000000761       0x1e calypso/libcalypso.a(dma.o)
 .debug_pubtypes
                0x000000000000077f       0xf2 calypso/libcalypso.a(dsp.o)
 .debug_pubtypes
                0x0000000000000871       0x6a calypso/libcalypso.a(irq.o)
 .debug_pubtypes
                0x00000000000008db       0x29 calypso/libcalypso.a(rtc.o)
 .debug_pubtypes
                0x0000000000000904       0x45 calypso/libcalypso.a(spi.o)
 .debug_pubtypes
                0x0000000000000949       0x89 calypso/libcalypso.a(tpu.o)
 .debug_pubtypes
                0x00000000000009d2       0x6a calypso/libcalypso.a(tsp.o)
 .debug_pubtypes
                0x0000000000000a3c       0x72 calypso/libcalypso.a(keypad.o)
 .debug_pubtypes
                0x0000000000000aae       0x12 calypso/libcalypso.a(misc.o)
 .debug_pubtypes
                0x0000000000000ac0       0x6d calypso/libcalypso.a(timer.o)
 .debug_pubtypes
                0x0000000000000b2d       0x37 calypso/libcalypso.a(backlight.o)
 .debug_pubtypes
                0x0000000000000b64       0x7c calypso/libcalypso.a(uart.o)
 .debug_pubtypes
                0x0000000000000be0       0x3c lib/libmini.a(vsprintf.o)
 .debug_pubtypes
                0x0000000000000c1c       0x1d lib/libmini.a(string.o)
 .debug_pubtypes
                0x0000000000000c39       0x31 lib/libmini.a(printf.o)
 .debug_pubtypes
                0x0000000000000c6a       0x28 lib/libmini.a(console.o)
 .debug_pubtypes
                0x0000000000000c92       0x7c comm/libcomm.a(sercomm.o)
 .debug_pubtypes
                0x0000000000000d0e       0x54 comm/libcomm.a(sercomm_cons.o)
 .debug_pubtypes
                0x0000000000000d62       0x40 comm/libcomm.a(timer.o)
 .debug_pubtypes
                0x0000000000000da2       0x50 comm/libcomm.a(msgb.o)

.debug_aranges  0x0000000000000000      0xa28
 .debug_aranges
                0x0000000000000000       0x20 apps/compal_dsp_dump/main.o
 .debug_aranges
                0x0000000000000020       0xa8 abb/twl3025.o
 .debug_aranges
                0x00000000000000c8       0xa8 rf/trf6151.o
 .debug_aranges
                0x0000000000000170       0x50 flash/cfi_flash.o
 .debug_aranges
                0x00000000000001c0       0x20 board/pirelli_dpl10/init.o
 .debug_aranges
                0x00000000000001e0       0x60 board/pirelli_dpl10/rffe_dpl10_triband.o
 .debug_aranges
                0x0000000000000240       0x20 battery/dummy.o
 .debug_aranges
                0x0000000000000260       0x20 fb/font.o
 .debug_aranges
                0x0000000000000280       0x50 fb/fb_rgb332.o
 .debug_aranges
                0x00000000000002d0       0x38 fb/fb_s6b33b1x.o
 .debug_aranges
                0x0000000000000308       0x68 calypso/libcalypso.a(clock.o)
 .debug_aranges
                0x0000000000000370       0x20 calypso/libcalypso.a(dma.o)
 .debug_aranges
                0x0000000000000390       0xa0 calypso/libcalypso.a(dsp.o)
 .debug_aranges
                0x0000000000000430       0x60 calypso/libcalypso.a(irq.o)
 .debug_aranges
                0x0000000000000490       0x28 calypso/libcalypso.a(rtc.o)
 .debug_aranges
                0x00000000000004b8       0x28 calypso/libcalypso.a(spi.o)
 .debug_aranges
                0x00000000000004e0       0x98 calypso/libcalypso.a(tpu.o)
 .debug_aranges
                0x0000000000000578       0x60 calypso/libcalypso.a(tsp.o)
 .debug_aranges
                0x00000000000005d8       0x48 calypso/libcalypso.a(keypad.o)
 .debug_aranges
                0x0000000000000620       0x30 calypso/libcalypso.a(misc.o)
 .debug_aranges
                0x0000000000000650       0x58 calypso/libcalypso.a(timer.o)
 .debug_aranges
                0x00000000000006a8       0x28 calypso/libcalypso.a(backlight.o)
 .debug_aranges
                0x00000000000006d0       0x90 calypso/libcalypso.a(uart.o)
 .debug_aranges
                0x0000000000000760       0x28 calypso/libcalypso.a(arm.o)
 .debug_aranges
                0x0000000000000788       0x98 lib/libmini.a(vsprintf.o)
 .debug_aranges
                0x0000000000000820       0x28 lib/libmini.a(string.o)
 .debug_aranges
                0x0000000000000848       0x20 lib/libmini.a(printf.o)
 .debug_aranges
                0x0000000000000868       0x60 lib/libmini.a(console.o)
 .debug_aranges
                0x00000000000008c8       0x20 lib/libmini.a(ctors.o)
 .debug_aranges
                0x00000000000008e8       0x28 lib/libmini.a(delay.o)
 .debug_aranges
                0x0000000000000910       0x68 comm/libcomm.a(sercomm.o)
 .debug_aranges
                0x0000000000000978       0x30 comm/libcomm.a(sercomm_cons.o)
 .debug_aranges
                0x00000000000009a8       0x58 comm/libcomm.a(timer.o)
 .debug_aranges
                0x0000000000000a00       0x28 comm/libcomm.a(msgb.o)

.debug_ranges   0x0000000000000000      0xd40
 .debug_ranges  0x0000000000000000       0xe0 apps/compal_dsp_dump/main.o
 .debug_ranges  0x00000000000000e0       0xc8 abb/twl3025.o
 .debug_ranges  0x00000000000001a8       0x98 rf/trf6151.o
 .debug_ranges  0x0000000000000240      0x110 flash/cfi_flash.o
 .debug_ranges  0x0000000000000350       0x10 board/pirelli_dpl10/init.o
 .debug_ranges  0x0000000000000360       0x50 board/pirelli_dpl10/rffe_dpl10_triband.o
 .debug_ranges  0x00000000000003b0       0x10 battery/dummy.o
 .debug_ranges  0x00000000000003c0       0x10 fb/font.o
 .debug_ranges  0x00000000000003d0       0xc0 fb/fb_rgb332.o
 .debug_ranges  0x0000000000000490       0x70 fb/fb_s6b33b1x.o
 .debug_ranges  0x0000000000000500       0x58 calypso/libcalypso.a(clock.o)
 .debug_ranges  0x0000000000000558       0x10 calypso/libcalypso.a(dma.o)
 .debug_ranges  0x0000000000000568      0x198 calypso/libcalypso.a(dsp.o)
 .debug_ranges  0x0000000000000700       0x50 calypso/libcalypso.a(irq.o)
 .debug_ranges  0x0000000000000750       0x18 calypso/libcalypso.a(rtc.o)
 .debug_ranges  0x0000000000000768       0x18 calypso/libcalypso.a(spi.o)
 .debug_ranges  0x0000000000000780       0xd0 calypso/libcalypso.a(tpu.o)
 .debug_ranges  0x0000000000000850       0x50 calypso/libcalypso.a(tsp.o)
 .debug_ranges  0x00000000000008a0       0x38 calypso/libcalypso.a(keypad.o)
 .debug_ranges  0x00000000000008d8       0x38 calypso/libcalypso.a(misc.o)
 .debug_ranges  0x0000000000000910       0x48 calypso/libcalypso.a(timer.o)
 .debug_ranges  0x0000000000000958       0x18 calypso/libcalypso.a(backlight.o)
 .debug_ranges  0x0000000000000970       0x98 calypso/libcalypso.a(uart.o)
 .debug_ranges  0x0000000000000a08       0x18 calypso/libcalypso.a(arm.o)
 .debug_ranges  0x0000000000000a20       0xd0 lib/libmini.a(vsprintf.o)
 .debug_ranges  0x0000000000000af0       0x18 lib/libmini.a(string.o)
 .debug_ranges  0x0000000000000b08       0x10 lib/libmini.a(printf.o)
 .debug_ranges  0x0000000000000b18       0x68 lib/libmini.a(console.o)
 .debug_ranges  0x0000000000000b80       0x10 lib/libmini.a(ctors.o)
 .debug_ranges  0x0000000000000b90       0x18 lib/libmini.a(delay.o)
 .debug_ranges  0x0000000000000ba8       0xb8 comm/libcomm.a(sercomm.o)
 .debug_ranges  0x0000000000000c60       0x50 comm/libcomm.a(sercomm_cons.o)
 .debug_ranges  0x0000000000000cb0       0x78 comm/libcomm.a(timer.o)
 .debug_ranges  0x0000000000000d28       0x18 comm/libcomm.a(msgb.o)

.debug_str      0x0000000000000000     0x3e5a
 .debug_str     0x0000000000000000      0x184 apps/compal_dsp_dump/main.o
                                        0x1ff (size before relaxing)
 .debug_str     0x0000000000000184      0x5f3 abb/twl3025.o
                                        0x6f1 (size before relaxing)
 .debug_str     0x0000000000000777      0x3e9 rf/trf6151.o
                                        0x5c1 (size before relaxing)
 .debug_str     0x0000000000000b60      0x58f flash/cfi_flash.o
                                        0x6a0 (size before relaxing)
 .debug_str     0x00000000000010ef      0x2c0 board/pirelli_dpl10/init.o
                                        0x618 (size before relaxing)
 .debug_str     0x00000000000013af       0xb7 board/pirelli_dpl10/rffe_dpl10_triband.o
                                        0x28d (size before relaxing)
 .debug_str     0x0000000000001466       0x41 board/pirelli_dpl10/rf_power.o
                                        0x107 (size before relaxing)
 .debug_str     0x00000000000014a7       0xc5 battery/dummy.o
                                        0x100 (size before relaxing)
 .debug_str     0x000000000000156c       0x11 fb/framebuffer.o
                                        0x194 (size before relaxing)
 .debug_str     0x000000000000157d       0xb3 fb/font.o
                                        0x1a0 (size before relaxing)
 .debug_str     0x0000000000001630       0x34 fb/helvR08.o
                                        0x159 (size before relaxing)
 .debug_str     0x0000000000001664       0x34 fb/helvB14.o
                                        0x159 (size before relaxing)
 .debug_str     0x0000000000001698       0x28 fb/c64.o
                                        0x149 (size before relaxing)
 .debug_str     0x00000000000016c0       0x34 fb/symbols.o
                                        0x159 (size before relaxing)
 .debug_str     0x00000000000016f4      0x186 fb/fb_rgb332.o
                                        0x39f (size before relaxing)
 .debug_str     0x000000000000187a      0x11c fb/fb_s6b33b1x.o
                                        0x2ef (size before relaxing)
 .debug_str     0x0000000000001996       0x5c board/pirelli_dpl10/compal_dsp_dump.highram.manifest.o
                                         0x96 (size before relaxing)
 .debug_str     0x00000000000019f2      0x187 calypso/libcalypso.a(clock.o)
                                        0x3d9 (size before relaxing)
 .debug_str     0x0000000000001b79       0x3c calypso/libcalypso.a(dma.o)
                                         0x71 (size before relaxing)
 .debug_str     0x0000000000001bb5      0xfbb calypso/libcalypso.a(dsp.o)
                                       0x12a4 (size before relaxing)
 .debug_str     0x0000000000002b70      0x112 calypso/libcalypso.a(irq.o)
                                        0x353 (size before relaxing)
 .debug_str     0x0000000000002c82       0xe4 calypso/libcalypso.a(rtc.o)
                                        0x303 (size before relaxing)
 .debug_str     0x0000000000002d66       0xb2 calypso/libcalypso.a(spi.o)
                                        0x18a (size before relaxing)
 .debug_str     0x0000000000002e18      0x27e calypso/libcalypso.a(tpu.o)
                                        0x3fa (size before relaxing)
 .debug_str     0x0000000000003096      0x1a1 calypso/libcalypso.a(tsp.o)
                                        0x30e (size before relaxing)
 .debug_str     0x0000000000003237      0x100 calypso/libcalypso.a(keypad.o)
                                        0x3eb (size before relaxing)
 .debug_str     0x0000000000003337       0x32 calypso/libcalypso.a(misc.o)
                                         0xf0 (size before relaxing)
 .debug_str     0x0000000000003369      0x145 calypso/libcalypso.a(timer.o)
                                        0x357 (size before relaxing)
 .debug_str     0x00000000000034ae       0x44 calypso/libcalypso.a(backlight.o)
                                        0x114 (size before relaxing)
 .debug_str     0x00000000000034f2      0x28e calypso/libcalypso.a(uart.o)
                                        0x4f4 (size before relaxing)
 .debug_str     0x0000000000003780       0x3b calypso/libcalypso.a(arm.o)
                                         0x87 (size before relaxing)
 .debug_str     0x00000000000037bb      0x110 lib/libmini.a(vsprintf.o)
                                        0x22b (size before relaxing)
 .debug_str     0x00000000000038cb       0x1c lib/libmini.a(string.o)
                                         0xee (size before relaxing)
 .debug_str     0x00000000000038e7        0xc lib/libmini.a(ctype.o)
                                         0x68 (size before relaxing)
 .debug_str     0x00000000000038f3       0x1b lib/libmini.a(printf.o)
                                        0x10e (size before relaxing)
 .debug_str     0x000000000000390e       0xdc lib/libmini.a(console.o)
                                        0x203 (size before relaxing)
 .debug_str     0x00000000000039ea       0x41 lib/libmini.a(ctors.o)
                                         0x87 (size before relaxing)
 .debug_str     0x0000000000003a2b       0x1e lib/libmini.a(delay.o)
                                         0x60 (size before relaxing)
 .debug_str     0x0000000000003a49      0x266 comm/libcomm.a(sercomm.o)
                                        0x3da (size before relaxing)
 .debug_str     0x0000000000003caf       0x5d comm/libcomm.a(sercomm_cons.o)
                                        0x27b (size before relaxing)
 .debug_str     0x0000000000003d0c       0xf8 comm/libcomm.a(timer.o)
                                        0x33f (size before relaxing)
 .debug_str     0x0000000000003e04       0x56 comm/libcomm.a(msgb.o)
                                        0x193 (size before relaxing)

.comment        0x0000000000000000       0x11
 .comment       0x0000000000000000       0x11 apps/compal_dsp_dump/main.o
                                         0x12 (size before relaxing)
 .comment       0x0000000000000000       0x12 abb/twl3025.o
 .comment       0x0000000000000000       0x12 rf/trf6151.o
 .comment       0x0000000000000000       0x12 flash/cfi_flash.o
 .comment       0x0000000000000000       0x12 board/pirelli_dpl10/init.o
 .comment       0x0000000000000000       0x12 board/pirelli_dpl10/rffe_dpl10_triband.o
 .comment       0x0000000000000000       0x12 board/pirelli_dpl10/rf_power.o
 .comment       0x0000000000000000       0x12 battery/dummy.o
 .comment       0x0000000000000000       0x12 fb/framebuffer.o
 .comment       0x0000000000000000       0x12 fb/font.o
 .comment       0x0000000000000000       0x12 fb/helvR08.o
 .comment       0x0000000000000000       0x12 fb/helvB14.o
 .comment       0x0000000000000000       0x12 fb/c64.o
 .comment       0x0000000000000000       0x12 fb/symbols.o
 .comment       0x0000000000000000       0x12 fb/fb_rgb332.o
 .comment       0x0000000000000000       0x12 fb/fb_s6b33b1x.o
 .comment       0x0000000000000000       0x12 board/pirelli_dpl10/compal_dsp_dump.highram.manifest.o
 .comment       0x0000000000000000       0x12 calypso/libcalypso.a(clock.o)
 .comment       0x0000000000000000       0x12 calypso/libcalypso.a(dma.o)
 .comment       0x0000000000000000       0x12 calypso/libcalypso.a(dsp.o)
 .comment       0x0000000000000000       0x12 calypso/libcalypso.a(irq.o)
 .comment       0x0000000000000000       0x12 calypso/libcalypso.a(rtc.o)
 .comment       0x0000000000000000       0x12 calypso/libcalypso.a(spi.o)
 .comment       0x0000000000000000       0x12 calypso/libcalypso.a(tpu.o)
 .comment       0x0000000000000000       0x12 calypso/libcalypso.a(tsp.o)
 .comment       0x0000000000000000       0x12 calypso/libcalypso.a(keypad.o)
 .comment       0x0000000000000000       0x12 calypso/libcalypso.a(misc.o)
 .comment       0x0000000000000000       0x12 calypso/libcalypso.a(timer.o)
 .comment       0x0000000000000000       0x12 calypso/libcalypso.a(backlight.o)
 .comment       0x0000000000000000       0x12 calypso/libcalypso.a(uart.o)
 .comment       0x0000000000000000       0x12 calypso/libcalypso.a(arm.o)
 .comment       0x0000000000000000       0x12 lib/libmini.a(vsprintf.o)
 .comment       0x0000000000000000       0x12 lib/libmini.a(string.o)
 .comment       0x0000000000000000       0x12 lib/libmini.a(ctype.o)
 .comment       0x0000000000000000       0x12 lib/libmini.a(printf.o)
 .comment       0x0000000000000000       0x12 lib/libmini.a(console.o)
 .comment       0x0000000000000000       0x12 lib/libmini.a(ctors.o)
 .comment       0x0000000000000000       0x12 lib/libmini.a(delay.o)
 .comment       0x0000000000000000       0x12 comm/libcomm.a(sercomm.o)
 .comment       0x0000000000000000       0x12 comm/libcomm.a(sercomm_cons.o)
 .comment       0x0000000000000000       0x12 comm/libcomm.a(timer.o)
 .comment       0x0000000000000000       0x12 ../../shared/libosmocore/build-target/src/.libs/libosmocore.a(msgb.o)
 .comment       0x0000000000000000       0x12 ../../shared/libosmocore/build-target/src/.libs/libosmocore.a(panic.o)
 .comment       0x0000000000000000       0x12 ../../shared/libosmocore/build-target/src/gsm/.libs/libosmogsm.a(gsm_utils.o)
 .comment       0x0000000000000000       0x12 comm/libcomm.a(msgb.o)

.ARM.attributes
                0x0000000000000000       0x10
 .ARM.attributes
                0x0000000000000000       0x10 apps/compal_dsp_dump/main.o
 .ARM.attributes
                0x0000000000000010       0x10 abb/twl3025.o
 .ARM.attributes
                0x0000000000000020       0x10 rf/trf6151.o
 .ARM.attributes
                0x0000000000000030       0x10 flash/cfi_flash.o
 .ARM.attributes
                0x0000000000000040       0x10 board/common/calypso_uart.o
 .ARM.attributes
                0x0000000000000050       0x10 board/common/calypso_pwl.o
 .ARM.attributes
                0x0000000000000060       0x10 board/pirelli_dpl10/init.o
 .ARM.attributes
                0x0000000000000070       0x10 board/pirelli_dpl10/rffe_dpl10_triband.o
 .ARM.attributes
                0x0000000000000080       0x10 board/pirelli_dpl10/rf_power.o
 .ARM.attributes
                0x0000000000000090       0x10 battery/dummy.o
 .ARM.attributes
                0x00000000000000a0       0x10 fb/framebuffer.o
 .ARM.attributes
                0x00000000000000b0       0x10 fb/font.o
 .ARM.attributes
                0x00000000000000c0       0x10 fb/helvR08.o
 .ARM.attributes
                0x00000000000000d0       0x10 fb/helvB14.o
 .ARM.attributes
                0x00000000000000e0       0x10 fb/c64.o
 .ARM.attributes
                0x00000000000000f0       0x10 fb/symbols.o
 .ARM.attributes
                0x0000000000000100       0x10 fb/fb_rgb332.o
 .ARM.attributes
                0x0000000000000110       0x10 fb/fb_s6b33b1x.o
 .ARM.attributes
                0x0000000000000120       0x10 board/compal/start.ram.o
 .ARM.attributes
                0x0000000000000130       0x10 board/compal/exceptions_redirected.o
 .ARM.attributes
                0x0000000000000140       0x10 board/compal/handlers.o
 .ARM.attributes
                0x0000000000000150       0x10 board/pirelli_dpl10/compal_dsp_dump.highram.manifest.o
 .ARM.attributes
                0x0000000000000160       0x10 calypso/libcalypso.a(clock.o)
 .ARM.attributes
                0x0000000000000170       0x10 calypso/libcalypso.a(dma.o)
 .ARM.attributes
                0x0000000000000180       0x10 calypso/libcalypso.a(dsp.o)
 .ARM.attributes
                0x0000000000000190       0x10 calypso/libcalypso.a(irq.o)
 .ARM.attributes
                0x00000000000001a0       0x10 calypso/libcalypso.a(rtc.o)
 .ARM.attributes
                0x00000000000001b0       0x10 calypso/libcalypso.a(spi.o)
 .ARM.attributes
                0x00000000000001c0       0x10 calypso/libcalypso.a(tpu.o)
 .ARM.attributes
                0x00000000000001d0       0x10 calypso/libcalypso.a(tsp.o)
 .ARM.attributes
                0x00000000000001e0       0x10 calypso/libcalypso.a(keypad.o)
 .ARM.attributes
                0x00000000000001f0       0x10 calypso/libcalypso.a(misc.o)
 .ARM.attributes
                0x0000000000000200       0x10 calypso/libcalypso.a(timer.o)
 .ARM.attributes
                0x0000000000000210       0x10 calypso/libcalypso.a(backlight.o)
 .ARM.attributes
                0x0000000000000220       0x10 calypso/libcalypso.a(uart.o)
 .ARM.attributes
                0x0000000000000230       0x10 calypso/libcalypso.a(arm.o)
 .ARM.attributes
                0x0000000000000240       0x10 lib/libmini.a(vsprintf.o)
 .ARM.attributes
                0x0000000000000250       0x10 lib/libmini.a(string.o)
 .ARM.attributes
                0x0000000000000260       0x10 lib/libmini.a(ctype.o)
 .ARM.attributes
                0x0000000000000270       0x10 lib/libmini.a(printf.o)
 .ARM.attributes
                0x0000000000000280       0x10 lib/libmini.a(console.o)
 .ARM.attributes
                0x0000000000000290       0x10 lib/libmini.a(ctors.o)
 .ARM.attributes
                0x00000000000002a0       0x10 lib/libmini.a(delay.o)
 .ARM.attributes
                0x00000000000002b0       0x10 lib/libmini.a(div64.o)
 .ARM.attributes
                0x00000000000002c0       0x10 lib/libmini.a(lib1funcs.o)
 .ARM.attributes
                0x00000000000002d0       0x10 lib/libmini.a(memcpy.o)
 .ARM.attributes
                0x00000000000002e0       0x10 lib/libmini.a(memset.o)
 .ARM.attributes
                0x00000000000002f0       0x10 comm/libcomm.a(sercomm.o)
 .ARM.attributes
                0x0000000000000300       0x10 comm/libcomm.a(sercomm_cons.o)
 .ARM.attributes
                0x0000000000000310       0x10 comm/libcomm.a(timer.o)
 .ARM.attributes
                0x0000000000000320       0x10 ../../shared/libosmocore/build-target/src/.libs/libosmocore.a(msgb.o)
 .ARM.attributes
                0x0000000000000330       0x10 ../../shared/libosmocore/build-target/src/.libs/libosmocore.a(panic.o)
 .ARM.attributes
                0x0000000000000340       0x10 ../../shared/libosmocore/build-target/src/gsm/.libs/libosmogsm.a(gsm_utils.o)
 .ARM.attributes
                0x0000000000000350       0x10 comm/libcomm.a(msgb.o)

.debug_frame    0x0000000000000000     0x1720
 .debug_frame   0x0000000000000000       0x30 apps/compal_dsp_dump/main.o
 .debug_frame   0x0000000000000030      0x1cc abb/twl3025.o
 .debug_frame   0x00000000000001fc      0x1a8 rf/trf6151.o
 .debug_frame   0x00000000000003a4       0xac flash/cfi_flash.o
 .debug_frame   0x0000000000000450       0x34 board/pirelli_dpl10/init.o
 .debug_frame   0x0000000000000484       0xb4 board/pirelli_dpl10/rffe_dpl10_triband.o
 .debug_frame   0x0000000000000538       0x20 battery/dummy.o
 .debug_frame   0x0000000000000558       0x20 fb/font.o
 .debug_frame   0x0000000000000578      0x108 fb/fb_rgb332.o
 .debug_frame   0x0000000000000680       0x8c fb/fb_s6b33b1x.o
 .debug_frame   0x000000000000070c       0xd0 calypso/libcalypso.a(clock.o)
 .debug_frame   0x00000000000007dc       0x20 calypso/libcalypso.a(dma.o)
 .debug_frame   0x00000000000007fc      0x1bc calypso/libcalypso.a(dsp.o)
 .debug_frame   0x00000000000009b8       0xb0 calypso/libcalypso.a(irq.o)
 .debug_frame   0x0000000000000a68       0x38 calypso/libcalypso.a(rtc.o)
 .debug_frame   0x0000000000000aa0       0x3c calypso/libcalypso.a(spi.o)
 .debug_frame   0x0000000000000adc      0x13c calypso/libcalypso.a(tpu.o)
 .debug_frame   0x0000000000000c18       0xc4 calypso/libcalypso.a(tsp.o)
 .debug_frame   0x0000000000000cdc       0xac calypso/libcalypso.a(keypad.o)
 .debug_frame   0x0000000000000d88       0x6c calypso/libcalypso.a(misc.o)
 .debug_frame   0x0000000000000df4       0x98 calypso/libcalypso.a(timer.o)
 .debug_frame   0x0000000000000e8c       0x30 calypso/libcalypso.a(backlight.o)
 .debug_frame   0x0000000000000ebc      0x18c calypso/libcalypso.a(uart.o)
 .debug_frame   0x0000000000001048       0x30 calypso/libcalypso.a(arm.o)
 .debug_frame   0x0000000000001078      0x23c lib/libmini.a(vsprintf.o)
 .debug_frame   0x00000000000012b4       0x30 lib/libmini.a(string.o)
 .debug_frame   0x00000000000012e4       0x3c lib/libmini.a(printf.o)
 .debug_frame   0x0000000000001320      0x128 lib/libmini.a(console.o)
 .debug_frame   0x0000000000001448       0x2c lib/libmini.a(ctors.o)
 .debug_frame   0x0000000000001474       0x38 lib/libmini.a(delay.o)
 .debug_frame   0x00000000000014ac       0xf8 comm/libcomm.a(sercomm.o)
 .debug_frame   0x00000000000015a4       0x80 comm/libcomm.a(sercomm_cons.o)
 .debug_frame   0x0000000000001624       0xb4 comm/libcomm.a(timer.o)
 .debug_frame   0x00000000000016d8       0x48 comm/libcomm.a(msgb.o)

Cross Reference Table

Symbol                                            File
_GLOBAL_OFFSET_TABLE_                             ../../shared/libosmocore/build-target/src/.libs/libosmocore.a(msgb.o)
                                                  ../../shared/libosmocore/build-target/src/gsm/.libs/libosmogsm.a(gsm_utils.o)
                                                  ../../shared/libosmocore/build-target/src/.libs/libosmocore.a(panic.o)
__aeabi_idiv                                      lib/libmini.a(lib1funcs.o)
__aeabi_idivmod                                   lib/libmini.a(lib1funcs.o)
__aeabi_uidiv                                     lib/libmini.a(lib1funcs.o)
__aeabi_uidivmod                                  lib/libmini.a(lib1funcs.o)
__bss_end                                         board/compal/start.ram.o
__bss_start                                       board/compal/start.ram.o
__div0                                            lib/libmini.a(lib1funcs.o)
                                                  lib/libmini.a(div64.o)
__divsi3                                          lib/libmini.a(lib1funcs.o)
                                                  ../../shared/libosmocore/build-target/src/gsm/.libs/libosmogsm.a(gsm_utils.o)
                                                  comm/libcomm.a(timer.o)
__do_div64                                        lib/libmini.a(div64.o)
                                                  lib/libmini.a(vsprintf.o)
__modsi3                                          lib/libmini.a(lib1funcs.o)
                                                  ../../shared/libosmocore/build-target/src/gsm/.libs/libosmogsm.a(gsm_utils.o)
                                                  calypso/libcalypso.a(tpu.o)
__udivsi3                                         lib/libmini.a(lib1funcs.o)
                                                  ../../shared/libosmocore/build-target/src/gsm/.libs/libosmogsm.a(gsm_utils.o)
                                                  rf/trf6151.o
__umodsi3                                         lib/libmini.a(lib1funcs.o)
                                                  ../../shared/libosmocore/build-target/src/gsm/.libs/libosmogsm.a(gsm_utils.o)
                                                  calypso/libcalypso.a(dsp.o)
_ctor_end                                         board/compal/start.ram.o
_ctor_start                                       board/compal/start.ram.o
_ctype                                            lib/libmini.a(ctype.o)
                                                  ../../shared/libosmocore/build-target/src/gsm/.libs/libosmogsm.a(gsm_utils.o)
                                                  lib/libmini.a(vsprintf.o)
_exceptions                                       calypso/libcalypso.a(irq.o)
_start                                            board/compal/start.ram.o
_talloc_zero                                      comm/libcomm.a(msgb.o)
                                                  ../../shared/libosmocore/build-target/src/.libs/libosmocore.a(msgb.o)
add_mod5000                                       calypso/libcalypso.a(tpu.o)
                                                  rf/trf6151.o
arm_disable_interrupts                            calypso/libcalypso.a(arm.o)
arm_enable_interrupts                             calypso/libcalypso.a(arm.o)
                                                  calypso/libcalypso.a(irq.o)
battery_dummy_init                                battery/dummy.o
battery_info                                      battery/dummy.o
bl_level                                          calypso/libcalypso.a(backlight.o)
                                                  board/pirelli_dpl10/init.o
bl_mode_pwl                                       calypso/libcalypso.a(backlight.o)
                                                  board/pirelli_dpl10/init.o
board_init                                        board/pirelli_dpl10/init.o
                                                  apps/compal_dsp_dump/main.o
calloc                                            ../../shared/libosmocore/build-target/src/gsm/.libs/libosmogsm.a(gsm_utils.o)
calypso_bootrom                                   calypso/libcalypso.a(clock.o)
                                                  board/pirelli_dpl10/init.o
calypso_clk_dump                                  calypso/libcalypso.a(clock.o)
calypso_clock_set                                 calypso/libcalypso.a(clock.o)
                                                  board/pirelli_dpl10/init.o
calypso_debugunit                                 calypso/libcalypso.a(clock.o)
calypso_exceptions_install                        calypso/libcalypso.a(irq.o)
                                                  board/pirelli_dpl10/init.o
calypso_mem_cfg                                   calypso/libcalypso.a(clock.o)
                                                  board/pirelli_dpl10/init.o
calypso_pll_set                                   calypso/libcalypso.a(clock.o)
calypso_reset_get                                 calypso/libcalypso.a(clock.o)
calypso_reset_set                                 calypso/libcalypso.a(clock.o)
                                                  calypso/libcalypso.a(dsp.o)
calypso_rhea_cfg                                  calypso/libcalypso.a(clock.o)
                                                  board/pirelli_dpl10/init.o
cons_bind_uart                                    lib/libmini.a(console.o)
                                                  board/pirelli_dpl10/init.o
cons_get_uart                                     lib/libmini.a(console.o)
                                                  calypso/libcalypso.a(uart.o)
cons_init                                         lib/libmini.a(console.o)
                                                  calypso/libcalypso.a(uart.o)
cons_putchar                                      lib/libmini.a(console.o)
cons_puts                                         lib/libmini.a(console.o)
                                                  comm/libcomm.a(msgb.o)
cons_rb_append                                    lib/libmini.a(console.o)
cons_rb_flush                                     lib/libmini.a(console.o)
                                                  calypso/libcalypso.a(uart.o)
dbm2apc_gsm900                                    board/pirelli_dpl10/rf_power.o
dbm2apc_gsm900_max                                board/pirelli_dpl10/rf_power.o
dbm2rxlev                                         ../../shared/libosmocore/build-target/src/gsm/.libs/libosmogsm.a(gsm_utils.o)
delay_ms                                          lib/libmini.a(delay.o)
                                                  calypso/libcalypso.a(spi.o)
                                                  calypso/libcalypso.a(dsp.o)
                                                  fb/fb_s6b33b1x.o
                                                  abb/twl3025.o
delay_us                                          lib/libmini.a(delay.o)
                                                  calypso/libcalypso.a(tpu.o)
dispatch_buttons                                  calypso/libcalypso.a(keypad.o)
dma_init                                          calypso/libcalypso.a(dma.o)
                                                  board/pirelli_dpl10/init.o
do_global_ctors                                   lib/libmini.a(ctors.o)
                                                  board/compal/start.ram.o
dsp_api                                           calypso/libcalypso.a(dsp.o)
dsp_api_memset                                    calypso/libcalypso.a(dsp.o)
dsp_checksum_task                                 calypso/libcalypso.a(dsp.o)
dsp_dump                                          calypso/libcalypso.a(dsp.o)
                                                  apps/compal_dsp_dump/main.o
dsp_dump_version                                  calypso/libcalypso.a(dsp.o)
dsp_end_scenario                                  calypso/libcalypso.a(dsp.o)
dsp_load_apc_dac                                  calypso/libcalypso.a(dsp.o)
dsp_load_ciph_param                               calypso/libcalypso.a(dsp.o)
dsp_load_rx_task                                  calypso/libcalypso.a(dsp.o)
dsp_load_tch_param                                calypso/libcalypso.a(dsp.o)
dsp_load_tx_task                                  calypso/libcalypso.a(dsp.o)
dsp_memcpy_from_api                               calypso/libcalypso.a(dsp.o)
dsp_memcpy_to_api                                 calypso/libcalypso.a(dsp.o)
dsp_power_on                                      calypso/libcalypso.a(dsp.o)
dump_dev_id                                       calypso/libcalypso.a(misc.o)
                                                  apps/compal_dsp_dump/main.o
dump_mem                                          calypso/libcalypso.a(misc.o)
emit_key                                          calypso/libcalypso.a(keypad.o)
fb_font_get_char                                  fb/font.o
                                                  fb/fb_rgb332.o
fb_fonts                                          fb/font.o
                                                  fb/fb_rgb332.o
fb_rgb332                                         fb/fb_s6b33b1x.o
                                                  fb/fb_rgb332.o
fb_rgb332_boxto                                   fb/fb_rgb332.o
                                                  fb/fb_s6b33b1x.o
fb_rgb332_clear                                   fb/fb_rgb332.o
                                                  fb/fb_s6b33b1x.o
fb_rgb332_lineto                                  fb/fb_rgb332.o
                                                  fb/fb_s6b33b1x.o
fb_rgb332_putstr                                  fb/fb_rgb332.o
                                                  fb/fb_s6b33b1x.o
fiq                                               calypso/libcalypso.a(irq.o)
                                                  board/compal/handlers.o
fiq_entry                                         board/compal/handlers.o
                                                  board/compal/exceptions_redirected.o
flash_block_erase                                 flash/cfi_flash.o
flash_block_getlock                               flash/cfi_flash.o
flash_block_lock                                  flash/cfi_flash.o
flash_block_lockdown                              flash/cfi_flash.o
flash_block_unlock                                flash/cfi_flash.o
flash_init                                        flash/cfi_flash.o
flash_program                                     flash/cfi_flash.o
font_c64                                          fb/c64.o
                                                  fb/font.o
font_helvB14                                      fb/helvB14.o
                                                  fb/font.o
font_helvR08                                      fb/helvR08.o
                                                  fb/font.o
font_symbols                                      fb/symbols.o
                                                  fb/font.o
framebuffer                                       fb/fb_s6b33b1x.o
                                                  fb/fb_rgb332.o
                                                  board/pirelli_dpl10/init.o
                                                  apps/compal_dsp_dump/main.o
free                                              ../../shared/libosmocore/build-target/src/gsm/.libs/libosmogsm.a(gsm_utils.o)
gprs_tlli_type                                    ../../shared/libosmocore/build-target/src/gsm/.libs/libosmogsm.a(gsm_utils.o)
gprs_tmsi2tlli                                    ../../shared/libosmocore/build-target/src/gsm/.libs/libosmogsm.a(gsm_utils.o)
gsm_7bit_decode                                   ../../shared/libosmocore/build-target/src/gsm/.libs/libosmogsm.a(gsm_utils.o)
gsm_7bit_decode_hdr                               ../../shared/libosmocore/build-target/src/gsm/.libs/libosmogsm.a(gsm_utils.o)
gsm_7bit_encode                                   ../../shared/libosmocore/build-target/src/gsm/.libs/libosmogsm.a(gsm_utils.o)
gsm_arfcn2band                                    ../../shared/libosmocore/build-target/src/gsm/.libs/libosmogsm.a(gsm_utils.o)
                                                  rf/trf6151.o
gsm_arfcn2freq10                                  ../../shared/libosmocore/build-target/src/gsm/.libs/libosmogsm.a(gsm_utils.o)
                                                  rf/trf6151.o
gsm_band_name                                     ../../shared/libosmocore/build-target/src/gsm/.libs/libosmogsm.a(gsm_utils.o)
gsm_band_parse                                    ../../shared/libosmocore/build-target/src/gsm/.libs/libosmogsm.a(gsm_utils.o)
gsm_fn2gsmtime                                    ../../shared/libosmocore/build-target/src/gsm/.libs/libosmogsm.a(gsm_utils.o)
gsm_get_octet_len                                 ../../shared/libosmocore/build-target/src/gsm/.libs/libosmogsm.a(gsm_utils.o)
gsm_gsmtime2fn                                    ../../shared/libosmocore/build-target/src/gsm/.libs/libosmogsm.a(gsm_utils.o)
gsm_septet_encode                                 ../../shared/libosmocore/build-target/src/gsm/.libs/libosmogsm.a(gsm_utils.o)
gsm_septets2octets                                ../../shared/libosmocore/build-target/src/gsm/.libs/libosmogsm.a(gsm_utils.o)
handle_abort                                      board/compal/handlers.o
                                                  board/compal/exceptions_redirected.o
hr                                                apps/compal_dsp_dump/main.o
hwtimer_config                                    calypso/libcalypso.a(timer.o)
                                                  comm/libcomm.a(timer.o)
hwtimer_enable                                    calypso/libcalypso.a(timer.o)
                                                  comm/libcomm.a(timer.o)
hwtimer_init                                      calypso/libcalypso.a(timer.o)
                                                  board/pirelli_dpl10/init.o
hwtimer_load                                      calypso/libcalypso.a(timer.o)
                                                  comm/libcomm.a(timer.o)
hwtimer_read                                      calypso/libcalypso.a(timer.o)
irq                                               calypso/libcalypso.a(irq.o)
                                                  board/compal/handlers.o
irq_config                                        calypso/libcalypso.a(irq.o)
                                                  comm/libcomm.a(timer.o)
                                                  calypso/libcalypso.a(uart.o)
                                                  calypso/libcalypso.a(timer.o)
                                                  calypso/libcalypso.a(keypad.o)
                                                  calypso/libcalypso.a(rtc.o)
                                                  abb/twl3025.o
irq_disable                                       calypso/libcalypso.a(irq.o)
                                                  calypso/libcalypso.a(keypad.o)
irq_enable                                        calypso/libcalypso.a(irq.o)
                                                  comm/libcomm.a(timer.o)
                                                  calypso/libcalypso.a(uart.o)
                                                  calypso/libcalypso.a(timer.o)
                                                  calypso/libcalypso.a(keypad.o)
                                                  calypso/libcalypso.a(rtc.o)
                                                  abb/twl3025.o
irq_entry                                         board/compal/handlers.o
                                                  board/compal/exceptions_redirected.o
irq_init                                          calypso/libcalypso.a(irq.o)
                                                  board/pirelli_dpl10/init.o
irq_register_handler                              calypso/libcalypso.a(irq.o)
                                                  comm/libcomm.a(timer.o)
                                                  calypso/libcalypso.a(uart.o)
                                                  calypso/libcalypso.a(timer.o)
                                                  calypso/libcalypso.a(keypad.o)
                                                  calypso/libcalypso.a(rtc.o)
                                                  abb/twl3025.o
jiffies                                           comm/libcomm.a(timer.o)
                                                  calypso/libcalypso.a(keypad.o)
keypad_init                                       calypso/libcalypso.a(keypad.o)
                                                  board/pirelli_dpl10/init.o
keypad_poll                                       calypso/libcalypso.a(keypad.o)
                                                  comm/libcomm.a(timer.o)
keypad_set_handler                                calypso/libcalypso.a(keypad.o)
lastbuttons                                       calypso/libcalypso.a(keypad.o)
main                                              apps/compal_dsp_dump/main.o
                                                  board/compal/start.ram.o
manifest_application                              board/pirelli_dpl10/compal_dsp_dump.highram.manifest.o
manifest_board                                    board/pirelli_dpl10/compal_dsp_dump.highram.manifest.o
manifest_environment                              board/pirelli_dpl10/compal_dsp_dump.highram.manifest.o
manifest_revision                                 board/pirelli_dpl10/compal_dsp_dump.highram.manifest.o
memcpy                                            lib/libmini.a(memcpy.o)
                                                  ../../shared/libosmocore/build-target/src/gsm/.libs/libosmogsm.a(gsm_utils.o)
                                                  lib/libmini.a(console.o)
memdump_asm                                       board/common/calypso_uart.o
memdump_range                                     calypso/libcalypso.a(misc.o)
memset                                            lib/libmini.a(memset.o)
                                                  comm/libcomm.a(msgb.o)
                                                  ../../shared/libosmocore/build-target/src/.libs/libosmocore.a(msgb.o)
                                                  lib/libmini.a(console.o)
ms_class_gmsk_dbm                                 ../../shared/libosmocore/build-target/src/gsm/.libs/libosmogsm.a(gsm_utils.o)
ms_pwr_ctl_lvl                                    ../../shared/libosmocore/build-target/src/gsm/.libs/libosmogsm.a(gsm_utils.o)
ms_pwr_dbm                                        ../../shared/libosmocore/build-target/src/gsm/.libs/libosmogsm.a(gsm_utils.o)
msgb_alloc                                        ../../shared/libosmocore/build-target/src/.libs/libosmocore.a(msgb.o)
                                                  comm/libcomm.a(sercomm_cons.o)
                                                  comm/libcomm.a(sercomm.o)
msgb_data                                         ../../shared/libosmocore/build-target/src/.libs/libosmocore.a(msgb.o)
msgb_dequeue                                      ../../shared/libosmocore/build-target/src/.libs/libosmocore.a(msgb.o)
                                                  comm/libcomm.a(sercomm.o)
msgb_enqueue                                      ../../shared/libosmocore/build-target/src/.libs/libosmocore.a(msgb.o)
                                                  comm/libcomm.a(sercomm.o)
msgb_free                                         ../../shared/libosmocore/build-target/src/.libs/libosmocore.a(msgb.o)
                                                  comm/libcomm.a(sercomm.o)
msgb_length                                       ../../shared/libosmocore/build-target/src/.libs/libosmocore.a(msgb.o)
msgb_reset                                        ../../shared/libosmocore/build-target/src/.libs/libosmocore.a(msgb.o)
msgb_set_talloc_ctx                               ../../shared/libosmocore/build-target/src/.libs/libosmocore.a(msgb.o)
osmo_panic                                        ../../shared/libosmocore/build-target/src/.libs/libosmocore.a(panic.o)
                                                  comm/libcomm.a(sercomm_cons.o)
                                                  comm/libcomm.a(sercomm.o)
osmo_set_panic_handler                            ../../shared/libosmocore/build-target/src/.libs/libosmocore.a(panic.o)
osmo_timer_add                                    comm/libcomm.a(timer.o)
osmo_timer_del                                    comm/libcomm.a(timer.o)
osmo_timer_pending                                comm/libcomm.a(timer.o)
osmo_timer_schedule                               comm/libcomm.a(timer.o)
osmo_timers_check                                 comm/libcomm.a(timer.o)
osmo_timers_update                                comm/libcomm.a(timer.o)
                                                  apps/compal_dsp_dump/main.o
phex                                              board/common/calypso_uart.o
                                                  board/compal/handlers.o
phexubf                                           board/common/calypso_uart.o
power_hold                                        calypso/libcalypso.a(keypad.o)
printf                                            lib/libmini.a(printf.o)
                                                  calypso/libcalypso.a(timer.o)
                                                  calypso/libcalypso.a(misc.o)
                                                  calypso/libcalypso.a(keypad.o)
                                                  calypso/libcalypso.a(dsp.o)
                                                  calypso/libcalypso.a(clock.o)
                                                  fb/fb_s6b33b1x.o
                                                  flash/cfi_flash.o
                                                  abb/twl3025.o
putchar_asm                                       board/common/calypso_uart.o
                                                  board/compal/handlers.o
puts                                              lib/libmini.a(vsprintf.o)
                                                  lib/libmini.a(printf.o)
                                                  calypso/libcalypso.a(uart.o)
                                                  calypso/libcalypso.a(timer.o)
                                                  calypso/libcalypso.a(misc.o)
                                                  calypso/libcalypso.a(tpu.o)
                                                  calypso/libcalypso.a(dsp.o)
                                                  rf/trf6151.o
                                                  abb/twl3025.o
                                                  apps/compal_dsp_dump/main.o
puts_asm                                          board/common/calypso_uart.o
pwl_init                                          board/common/calypso_pwl.o
pwl_set_level                                     board/common/calypso_pwl.o
rf_arfcn                                          rf/trf6151.o
rffe_compute_gain                                 board/pirelli_dpl10/rffe_dpl10_triband.o
rffe_get_gain                                     board/pirelli_dpl10/rffe_dpl10_triband.o
rffe_get_rx_ports                                 board/pirelli_dpl10/rffe_dpl10_triband.o
                                                  rf/trf6151.o
rffe_get_tx_ports                                 board/pirelli_dpl10/rffe_dpl10_triband.o
rffe_init                                         board/pirelli_dpl10/rffe_dpl10_triband.o
rffe_iq_swapped                                   board/pirelli_dpl10/rffe_dpl10_triband.o
rffe_mode                                         board/pirelli_dpl10/rffe_dpl10_triband.o
rffe_rx_win_ctrl                                  board/pirelli_dpl10/rffe_dpl10_triband.o
rffe_set_gain                                     board/pirelli_dpl10/rffe_dpl10_triband.o
rtc_init                                          calypso/libcalypso.a(rtc.o)
                                                  board/pirelli_dpl10/init.o
rxlev2dbm                                         ../../shared/libosmocore/build-target/src/gsm/.libs/libosmogsm.a(gsm_utils.o)
scnprintf                                         lib/libmini.a(vsprintf.o)
sercomm_bind_uart                                 comm/libcomm.a(sercomm.o)
                                                  board/pirelli_dpl10/init.o
sercomm_drv_pull                                  comm/libcomm.a(sercomm.o)
                                                  calypso/libcalypso.a(uart.o)
sercomm_drv_rx_char                               comm/libcomm.a(sercomm.o)
                                                  calypso/libcalypso.a(uart.o)
sercomm_get_uart                                  comm/libcomm.a(sercomm.o)
                                                  comm/libcomm.a(sercomm_cons.o)
                                                  calypso/libcalypso.a(uart.o)
sercomm_init                                      comm/libcomm.a(sercomm.o)
                                                  calypso/libcalypso.a(uart.o)
sercomm_initialized                               comm/libcomm.a(sercomm.o)
                                                  comm/libcomm.a(sercomm_cons.o)
sercomm_putchar                                   comm/libcomm.a(sercomm_cons.o)
                                                  calypso/libcalypso.a(misc.o)
sercomm_puts                                      comm/libcomm.a(sercomm_cons.o)
                                                  lib/libmini.a(vsprintf.o)
sercomm_register_rx_cb                            comm/libcomm.a(sercomm.o)
sercomm_sendmsg                                   comm/libcomm.a(sercomm.o)
                                                  comm/libcomm.a(sercomm_cons.o)
sercomm_tx_queue_depth                            comm/libcomm.a(sercomm.o)
                                                  comm/libcomm.a(sercomm_cons.o)
snprintf                                          lib/libmini.a(vsprintf.o)
spi_init                                          calypso/libcalypso.a(spi.o)
                                                  abb/twl3025.o